Component: ARM Compiler 5.05 update 1 (build 106) Tool: armlink [4d0efa]

==============================================================================

Section Cross References

    startup_stm32l051xx.o(STACK) refers (Special) to heapauxi.o(.text) for __use_two_region_memory
    startup_stm32l051xx.o(HEAP) refers (Special) to heapauxi.o(.text) for __use_two_region_memory
    startup_stm32l051xx.o(RESET) refers (Special) to heapauxi.o(.text) for __use_two_region_memory
    startup_stm32l051xx.o(RESET) refers to startup_stm32l051xx.o(STACK) for __initial_sp
    startup_stm32l051xx.o(RESET) refers to startup_stm32l051xx.o(.text) for Reset_Handler
    startup_stm32l051xx.o(RESET) refers to stm32l0xx_it.o(i.NMI_Handler) for NMI_Handler
    startup_stm32l051xx.o(RESET) refers to stm32l0xx_it.o(i.HardFault_Handler) for HardFault_Handler
    startup_stm32l051xx.o(RESET) refers to stm32l0xx_it.o(i.SVC_Handler) for SVC_Handler
    startup_stm32l051xx.o(RESET) refers to stm32l0xx_it.o(i.PendSV_Handler) for PendSV_Handler
    startup_stm32l051xx.o(RESET) refers to stm32l0xx_it.o(i.SysTick_Handler) for SysTick_Handler
    startup_stm32l051xx.o(RESET) refers to stm32l0xx_it.o(i.EXTI4_15_IRQHandler) for EXTI4_15_IRQHandler
    startup_stm32l051xx.o(RESET) refers to stm32l0xx_it.o(i.TIM2_IRQHandler) for TIM2_IRQHandler
    startup_stm32l051xx.o(RESET) refers to stm32l0xx_it.o(i.TIM21_IRQHandler) for TIM21_IRQHandler
    startup_stm32l051xx.o(RESET) refers to stm32l0xx_it.o(i.TIM22_IRQHandler) for TIM22_IRQHandler
    startup_stm32l051xx.o(.text) refers (Special) to heapauxi.o(.text) for __use_two_region_memory
    startup_stm32l051xx.o(.text) refers to system_stm32l0xx.o(i.SystemInit) for SystemInit
    startup_stm32l051xx.o(.text) refers to __main.o(!!!main) for __main
    startup_stm32l051xx.o(.text) refers to startup_stm32l051xx.o(HEAP) for Heap_Mem
    startup_stm32l051xx.o(.text) refers to startup_stm32l051xx.o(STACK) for Stack_Mem
    main.o(i.GetMSMode) refers to stm32l0xx_hal_gpio.o(i.HAL_GPIO_ReadPin) for HAL_GPIO_ReadPin
    main.o(i.HAL_GPIO_EXTI_Callback) refers to stm32l0xx_hal_tim.o(i.HAL_TIM_Base_Stop_IT) for HAL_TIM_Base_Stop_IT
    main.o(i.HAL_GPIO_EXTI_Callback) refers to stm32l0xx_hal_tim.o(i.HAL_TIM_Base_Start_IT) for HAL_TIM_Base_Start_IT
    main.o(i.HAL_GPIO_EXTI_Callback) refers to main.o(.bss) for htim2
    main.o(i.HAL_TIM_PeriodElapsedCallback) refers to stm32l0xx_hal.o(i.HAL_IncTick) for HAL_IncTick
    main.o(i.HAL_TIM_PeriodElapsedCallback) refers to stm32l0xx_hal_gpio.o(i.HAL_GPIO_WritePin) for HAL_GPIO_WritePin
    main.o(i.HAL_TIM_PeriodElapsedCallback) refers to stm32l0xx_hal_tim.o(i.HAL_TIM_Base_Stop_IT) for HAL_TIM_Base_Stop_IT
    main.o(i.HAL_TIM_PeriodElapsedCallback) refers to main.o(i.Key_timer_cb) for Key_timer_cb
    main.o(i.HAL_TIM_PeriodElapsedCallback) refers to main.o(.data) for pulse_cnt
    main.o(i.HAL_TIM_PeriodElapsedCallback) refers to main.o(.bss) for htim22
    main.o(i.Key_handle) refers to main.o(i.SendTrigPkg) for SendTrigPkg
    main.o(i.Key_timer_cb) refers to stm32l0xx_hal_tim.o(i.HAL_TIM_Base_Stop_IT) for HAL_TIM_Base_Stop_IT
    main.o(i.Key_timer_cb) refers to stm32l0xx_hal_gpio.o(i.HAL_GPIO_ReadPin) for HAL_GPIO_ReadPin
    main.o(i.Key_timer_cb) refers to stm32l0xx_hal_gpio.o(i.HAL_GPIO_WritePin) for HAL_GPIO_WritePin
    main.o(i.Key_timer_cb) refers to main.o(i.Key_handle) for Key_handle
    main.o(i.Key_timer_cb) refers to main.o(i.toggle_led) for toggle_led
    main.o(i.Key_timer_cb) refers to main.o(.bss) for htim2
    main.o(i.MX_GPIO_Init) refers to rt_memclr.o(.text) for __aeabi_memclr4
    main.o(i.MX_GPIO_Init) refers to stm32l0xx_hal_gpio.o(i.HAL_GPIO_WritePin) for HAL_GPIO_WritePin
    main.o(i.MX_GPIO_Init) refers to stm32l0xx_hal_gpio.o(i.HAL_GPIO_Init) for HAL_GPIO_Init
    main.o(i.MX_GPIO_Init) refers to stm32l0xx_hal_cortex.o(i.HAL_NVIC_SetPriority) for HAL_NVIC_SetPriority
    main.o(i.MX_GPIO_Init) refers to stm32l0xx_hal_cortex.o(i.HAL_NVIC_EnableIRQ) for HAL_NVIC_EnableIRQ
    main.o(i.MX_SPI1_Init) refers to stm32l0xx_hal_spi.o(i.HAL_SPI_Init) for HAL_SPI_Init
    main.o(i.MX_SPI1_Init) refers to main.o(i.Error_Handler) for Error_Handler
    main.o(i.MX_SPI1_Init) refers to main.o(.bss) for hspi1
    main.o(i.MX_TIM22_Init) refers to stm32l0xx_hal_tim.o(i.HAL_TIM_Base_Init) for HAL_TIM_Base_Init
    main.o(i.MX_TIM22_Init) refers to main.o(i.Error_Handler) for Error_Handler
    main.o(i.MX_TIM22_Init) refers to stm32l0xx_hal_tim.o(i.HAL_TIM_ConfigClockSource) for HAL_TIM_ConfigClockSource
    main.o(i.MX_TIM22_Init) refers to stm32l0xx_hal_tim_ex.o(i.HAL_TIMEx_MasterConfigSynchronization) for HAL_TIMEx_MasterConfigSynchronization
    main.o(i.MX_TIM22_Init) refers to main.o(.bss) for htim22
    main.o(i.MX_TIM2_Init) refers to stm32l0xx_hal_tim.o(i.HAL_TIM_Base_Init) for HAL_TIM_Base_Init
    main.o(i.MX_TIM2_Init) refers to main.o(i.Error_Handler) for Error_Handler
[...]
    Removing stm32l0xx_hal_uart.o(i.HAL_UARTEx_RxEventCallback), (2 bytes).
    Removing stm32l0xx_hal_uart.o(i.HAL_UART_Abort), (338 bytes).
    Removing stm32l0xx_hal_uart.o(i.HAL_UART_AbortCpltCallback), (2 bytes).
    Removing stm32l0xx_hal_uart.o(i.HAL_UART_AbortReceive), (238 bytes).
    Removing stm32l0xx_hal_uart.o(i.HAL_UART_AbortReceiveCpltCallback), (2 bytes).
    Removing stm32l0xx_hal_uart.o(i.HAL_UART_AbortReceive_IT), (272 bytes).
    Removing stm32l0xx_hal_uart.o(i.HAL_UART_AbortTransmit), (140 bytes).
    Removing stm32l0xx_hal_uart.o(i.HAL_UART_AbortTransmitCpltCallback), (2 bytes).
    Removing stm32l0xx_hal_uart.o(i.HAL_UART_AbortTransmit_IT), (164 bytes).
    Removing stm32l0xx_hal_uart.o(i.HAL_UART_Abort_IT), (396 bytes).
    Removing stm32l0xx_hal_uart.o(i.HAL_UART_DMAPause), (214 bytes).
    Removing stm32l0xx_hal_uart.o(i.HAL_UART_DMAResume), (196 bytes).
    Removing stm32l0xx_hal_uart.o(i.HAL_UART_DMAStop), (196 bytes).
    Removing stm32l0xx_hal_uart.o(i.HAL_UART_DeInit), (74 bytes).
    Removing stm32l0xx_hal_uart.o(i.HAL_UART_DisableReceiverTimeout), (84 bytes).
    Removing stm32l0xx_hal_uart.o(i.HAL_UART_EnableReceiverTimeout), (84 bytes).
    Removing stm32l0xx_hal_uart.o(i.HAL_UART_ErrorCallback), (2 bytes).
    Removing stm32l0xx_hal_uart.o(i.HAL_UART_GetError), (8 bytes).
    Removing stm32l0xx_hal_uart.o(i.HAL_UART_GetState), (12 bytes).
    Removing stm32l0xx_hal_uart.o(i.HAL_UART_IRQHandler), (972 bytes).
    Removing stm32l0xx_hal_uart.o(i.HAL_UART_MspDeInit), (2 bytes).
    Removing stm32l0xx_hal_uart.o(i.HAL_UART_MspInit), (2 bytes).
    Removing stm32l0xx_hal_uart.o(i.HAL_UART_Receive), (356 bytes).
    Removing stm32l0xx_hal_uart.o(i.HAL_UART_Receive_DMA), (160 bytes).
    Removing stm32l0xx_hal_uart.o(i.HAL_UART_Receive_IT), (160 bytes).
    Removing stm32l0xx_hal_uart.o(i.HAL_UART_ReceiverTimeout_Config), (28 bytes).
    Removing stm32l0xx_hal_uart.o(i.HAL_UART_RxCpltCallback), (2 bytes).
    Removing stm32l0xx_hal_uart.o(i.HAL_UART_RxHalfCpltCallback), (2 bytes).
    Removing stm32l0xx_hal_uart.o(i.HAL_UART_Transmit), (258 bytes).
    Removing stm32l0xx_hal_uart.o(i.HAL_UART_Transmit_DMA), (240 bytes).
    Removing stm32l0xx_hal_uart.o(i.HAL_UART_Transmit_IT), (188 bytes).
    Removing stm32l0xx_hal_uart.o(i.HAL_UART_TxCpltCallback), (2 bytes).
    Removing stm32l0xx_hal_uart.o(i.HAL_UART_TxHalfCpltCallback), (2 bytes).
    Removing stm32l0xx_hal_uart.o(i.UART_DMAAbortOnError), (24 bytes).
    Removing stm32l0xx_hal_uart.o(i.UART_DMAError), (86 bytes).
    Removing stm32l0xx_hal_uart.o(i.UART_DMAReceiveCplt), (198 bytes).
    Removing stm32l0xx_hal_uart.o(i.UART_DMARxAbortCallback), (80 bytes).
    Removing stm32l0xx_hal_uart.o(i.UART_DMARxHalfCplt), (34 bytes).
    Removing stm32l0xx_hal_uart.o(i.UART_DMARxOnlyAbortCallback), (46 bytes).
    Removing stm32l0xx_hal_uart.o(i.UART_DMATransmitCplt), (100 bytes).
    Removing stm32l0xx_hal_uart.o(i.UART_DMATxAbortCallback), (68 bytes).
    Removing stm32l0xx_hal_uart.o(i.UART_DMATxHalfCplt), (14 bytes).
    Removing stm32l0xx_hal_uart.o(i.UART_DMATxOnlyAbortCallback), (24 bytes).
    Removing stm32l0xx_hal_uart.o(i.UART_EndRxTransfer), (126 bytes).
    Removing stm32l0xx_hal_uart.o(i.UART_EndTransmit_IT), (54 bytes).
    Removing stm32l0xx_hal_uart.o(i.UART_EndTxTransfer), (44 bytes).
    Removing stm32l0xx_hal_uart.o(i.UART_RxISR_16BIT), (228 bytes).
    Removing stm32l0xx_hal_uart.o(i.UART_RxISR_8BIT), (228 bytes).
    Removing stm32l0xx_hal_uart.o(i.UART_Start_Receive_DMA), (228 bytes).
    Removing stm32l0xx_hal_uart.o(i.UART_Start_Receive_IT), (256 bytes).
    Removing stm32l0xx_hal_uart.o(i.UART_TxISR_16BIT), (118 bytes).
    Removing stm32l0xx_hal_uart.o(i.UART_TxISR_8BIT), (114 bytes).
    Removing stm32l0xx_hal_uart_ex.o(.rev16_text), (4 bytes).
    Removing stm32l0xx_hal_uart_ex.o(.revsh_text), (4 bytes).
    Removing stm32l0xx_hal_uart_ex.o(i.HAL_MultiProcessorEx_AddressLength_Set), (64 bytes).
    Removing stm32l0xx_hal_uart_ex.o(i.HAL_RS485Ex_Init), (156 bytes).
    Removing stm32l0xx_hal_uart_ex.o(i.HAL_UARTEx_DisableClockStopMode), (76 bytes).
    Removing stm32l0xx_hal_uart_ex.o(i.HAL_UARTEx_DisableStopMode), (74 bytes).
    Removing stm32l0xx_hal_uart_ex.o(i.HAL_UARTEx_EnableClockStopMode), (76 bytes).
    Removing stm32l0xx_hal_uart_ex.o(i.HAL_UARTEx_EnableStopMode), (74 bytes).
    Removing stm32l0xx_hal_uart_ex.o(i.HAL_UARTEx_ReceiveToIdle), (440 bytes).
    Removing stm32l0xx_hal_uart_ex.o(i.HAL_UARTEx_ReceiveToIdle_DMA), (152 bytes).
    Removing stm32l0xx_hal_uart_ex.o(i.HAL_UARTEx_ReceiveToIdle_IT), (152 bytes).
    Removing stm32l0xx_hal_uart_ex.o(i.HAL_UARTEx_StopModeWakeUpSourceConfig), (148 bytes).
    Removing stm32l0xx_hal_uart_ex.o(i.HAL_UARTEx_WakeupCallback), (2 bytes).
    Removing stm32l0xx_hal_uart_ex.o(i.UARTEx_Wakeup_AddressConfig), (42 bytes).
    Removing stm32l0xx_hal_uart_ex.o(i.__get_PRIMASK), (6 bytes).
    Removing stm32l0xx_hal_uart_ex.o(i.__set_PRIMASK), (6 bytes).
    Removing system_stm32l0xx.o(.rev16_text), (4 bytes).
    Removing system_stm32l0xx.o(.revsh_text), (4 bytes).
    Removing system_stm32l0xx.o(i.SystemCoreClockUpdate), (276 bytes).
    Removing sx127x_hal.o(.rev16_text), (4 bytes).
    Removing sx127x_hal.o(.revsh_text), (4 bytes).
    Removing sx127x_driver.o(.rev16_text), (4 bytes).
    Removing sx127x_driver.o(.revsh_text), (4 bytes).

528 unused section(s) (total 52850 bytes) removed from the image.

==============================================================================

Image Symbol Table

    Local Symbols

    Symbol Name                              Value     Ov Type        Size  Object(Section)

    ../Core/Src/main.c                       0x00000000   Number         0  main.o ABSOLUTE
    ../Core/Src/stm32l0xx_hal_msp.c          0x00000000   Number         0  stm32l0xx_hal_msp.o ABSOLUTE
    ../Core/Src/stm32l0xx_hal_timebase_tim.c 0x00000000   Number         0  stm32l0xx_hal_timebase_tim.o ABSOLUTE
    ../Core/Src/stm32l0xx_it.c               0x00000000   Number         0  stm32l0xx_it.o ABSOLUTE
    ../Core/Src/system_stm32l0xx.c           0x00000000   Number         0  system_stm32l0xx.o ABSOLUTE
    ../Drivers/STM32L0xx_HAL_Driver/Src/stm32l0xx_hal.c 0x00000000   Number         0  stm32l0xx_hal.o ABSOLUTE
    ../Drivers/STM32L0xx_HAL_Driver/Src/stm32l0xx_hal_cortex.c 0x00000000   Number         0  stm32l0xx_hal_cortex.o ABSOLUTE
    ../Drivers/STM32L0xx_HAL_Driver/Src/stm32l0xx_hal_dma.c 0x00000000   Number         0  stm32l0xx_hal_dma.o ABSOLUTE
    ../Drivers/STM32L0xx_HAL_Driver/Src/stm32l0xx_hal_exti.c 0x00000000   Number         0  stm32l0xx_hal_exti.o ABSOLUTE
    ../Drivers/STM32L0xx_HAL_Driver/Src/stm32l0xx_hal_flash.c 0x00000000   Number         0  stm32l0xx_hal_flash.o ABSOLUTE
    ../Drivers/STM32L0xx_HAL_Driver/Src/stm32l0xx_hal_flash_ex.c 0x00000000   Number         0  stm32l0xx_hal_flash_ex.o ABSOLUTE
    ../Drivers/STM32L0xx_HAL_Driver/Src/stm32l0xx_hal_flash_ramfunc.c 0x00000000   Number         0  stm32l0xx_hal_flash_ramfunc.o ABSOLUTE
    ../Drivers/STM32L0xx_HAL_Driver/Src/stm32l0xx_hal_gpio.c 0x00000000   Number         0  stm32l0xx_hal_gpio.o ABSOLUTE
    ../Drivers/STM32L0xx_HAL_Driver/Src/stm32l0xx_hal_i2c.c 0x00000000   Number         0  stm32l0xx_hal_i2c.o ABSOLUTE
    ../Drivers/STM32L0xx_HAL_Driver/Src/stm32l0xx_hal_i2c_ex.c 0x00000000   Number         0  stm32l0xx_hal_i2c_ex.o ABSOLUTE
    ../Drivers/STM32L0xx_HAL_Driver/Src/stm32l0xx_hal_pwr.c 0x00000000   Number         0  stm32l0xx_hal_pwr.o ABSOLUTE
    ../Drivers/STM32L0xx_HAL_Driver/Src/stm32l0xx_hal_pwr_ex.c 0x00000000   Number         0  stm32l0xx_hal_pwr_ex.o ABSOLUTE
    ../Drivers/STM32L0xx_HAL_Driver/Src/stm32l0xx_hal_rcc.c 0x00000000   Number         0  stm32l0xx_hal_rcc.o ABSOLUTE
    ../Drivers/STM32L0xx_HAL_Driver/Src/stm32l0xx_hal_rcc_ex.c 0x00000000   Number         0  stm32l0xx_hal_rcc_ex.o ABSOLUTE
    ../Drivers/STM32L0xx_HAL_Driver/Src/stm32l0xx_hal_spi.c 0x00000000   Number         0  stm32l0xx_hal_spi.o ABSOLUTE
    ../Drivers/STM32L0xx_HAL_Driver/Src/stm32l0xx_hal_tim.c 0x00000000   Number         0  stm32l0xx_hal_tim.o ABSOLUTE
    ../Drivers/STM32L0xx_HAL_Driver/Src/stm32l0xx_hal_tim_ex.c 0x00000000   Number         0  stm32l0xx_hal_tim_ex.o ABSOLUTE
    ../Drivers/STM32L0xx_HAL_Driver/Src/stm32l0xx_hal_uart.c 0x00000000   Number         0  stm32l0xx_hal_uart.o ABSOLUTE
    ../Drivers/STM32L0xx_HAL_Driver/Src/stm32l0xx_hal_uart_ex.c 0x00000000   Number         0  stm32l0xx_hal_uart_ex.o ABSOLUTE
    ../clib/angel/boardlib.s                 0x00000000   Number         0  boardshut.o ABSOLUTE
    ../clib/angel/boardlib.s                 0x00000000   Number         0  boardinit2.o ABSOLUTE
    ../clib/angel/boardlib.s                 0x00000000   Number         0  boardinit3.o ABSOLUTE
    ../clib/angel/boardlib.s                 0x00000000   Number         0  boardinit1.o ABSOLUTE
    ../clib/angel/handlers.s                 0x00000000   Number         0  __scatter_zi.o ABSOLUTE
    ../clib/angel/handlers.s                 0x00000000   Number         0  __scatter_copy.o ABSOLUTE
    ../clib/angel/kernel.s                   0x00000000   Number         0  __rtentry2.o ABSOLUTE
    ../clib/angel/kernel.s                   0x00000000   Number         0  __rtentry4.o ABSOLUTE
    ../clib/angel/kernel.s                   0x00000000   Number         0  __rtentry.o ABSOLUTE
    ../clib/angel/kernel.s                   0x00000000   Number         0  rtexit2.o ABSOLUTE
    ../clib/angel/kernel.s                   0x00000000   Number         0  rtexit.o ABSOLUTE
    ../clib/angel/rt.s                       0x00000000   Number         0  rt_raise.o ABSOLUTE
    ../clib/angel/rt.s                       0x00000000   Number         0  rt_div0.o ABSOLUTE
    ../clib/angel/rt.s                       0x00000000   Number         0  aeabi_idiv0.o ABSOLUTE
    ../clib/angel/rt.s                       0x00000000   Number         0  aeabi_ldiv0.o ABSOLUTE
    ../clib/angel/rt.s                       0x00000000   Number         0  aeabi_idiv0_sigfpe.o ABSOLUTE
    ../clib/angel/rt.s                       0x00000000   Number         0  aeabi_ldiv0_sigfpe.o ABSOLUTE
    ../clib/angel/scatterp.s                 0x00000000   Number         0  __scatter.o ABSOLUTE
    ../clib/angel/startup.s                  0x00000000   Number         0  __main.o ABSOLUTE
    ../clib/angel/sys.s                      0x00000000   Number         0  tempstk.o ABSOLUTE
    ../clib/angel/sys.s                      0x00000000   Number         0  sys_stackheap_outer.o ABSOLUTE
    ../clib/angel/sys.s                      0x00000000   Number         0  indicate_semi.o ABSOLUTE
    ../clib/angel/sys.s                      0x00000000   Number         0  libspace.o ABSOLUTE
    ../clib/angel/sys.s                      0x00000000   Number         0  use_no_semi.o ABSOLUTE
    ../clib/angel/sysapp.c                   0x00000000   Number         0  sys_wrch.o ABSOLUTE
    ../clib/angel/sysapp.c                   0x00000000   Number         0  sys_command.o ABSOLUTE
    ../clib/angel/sysapp.c                   0x00000000   Number         0  sys_exit.o ABSOLUTE
    ../clib/armsys.c                         0x00000000   Number         0  no_argv.o ABSOLUTE
    ../clib/armsys.c                         0x00000000   Number         0  _get_argv_nomalloc.o ABSOLUTE
    ../clib/armsys.c                         0x00000000   Number         0  argv_veneer.o ABSOLUTE
    ../clib/division.c                       0x00000000   Number         0  lludiv.o ABSOLUTE
    ../clib/division.s                       0x00000000   Number         0  aeabi_sdiv_div0.o ABSOLUTE
    ../clib/division.s                       0x00000000   Number         0  aeabi_sdiv.o ABSOLUTE
    ../clib/heapalloc.c                      0x00000000   Number         0  hrguard.o ABSOLUTE
    ../clib/heapaux.c                        0x00000000   Number         0  heapauxi.o ABSOLUTE
    ../clib/libinit.s                        0x00000000   Number         0  libshutdown.o ABSOLUTE
    ../clib/libinit.s                        0x00000000   Number         0  libshutdown2.o ABSOLUTE
    ../clib/libinit.s                        0x00000000   Number         0  libinit.o ABSOLUTE
    ../clib/libinit.s                        0x00000000   Number         0  libinit2.o ABSOLUTE
    ../clib/memcpset.c                       0x00000000   Number         0  rt_memclr.o ABSOLUTE
    ../clib/signal.c                         0x00000000   Number         0  defsig_stak_inner.o ABSOLUTE
    ../clib/signal.c                         0x00000000   Number         0  defsig_rtmem_outer.o ABSOLUTE
    ../clib/signal.c                         0x00000000   Number         0  defsig_rtmem_inner.o ABSOLUTE
    ../clib/signal.c                         0x00000000   Number         0  defsig_rtred_inner.o ABSOLUTE
    ../clib/signal.c                         0x00000000   Number         0  defsig_abrt_inner.o ABSOLUTE
    ../clib/signal.c                         0x00000000   Number         0  defsig_exit.o ABSOLUTE
    ../clib/signal.c                         0x00000000   Number         0  defsig_fpe_formal.o ABSOLUTE
    ../clib/signal.c                         0x00000000   Number         0  defsig_fpe_outer.o ABSOLUTE
    ../clib/signal.c                         0x00000000   Number         0  defsig_general.o ABSOLUTE
    ../clib/signal.c                         0x00000000   Number         0  __raise.o ABSOLUTE
    ../clib/signal.c                         0x00000000   Number         0  defsig_rtmem_formal.o ABSOLUTE
    ../clib/signal.c                         0x00000000   Number         0  defsig_other.o ABSOLUTE
    ../clib/signal.c                         0x00000000   Number         0  defsig_segv_inner.o ABSOLUTE
    ../clib/signal.c                         0x00000000   Number         0  defsig_cppl_inner.o ABSOLUTE
    ../clib/signal.c                         0x00000000   Number         0  defsig_fpe_inner.o ABSOLUTE
    ../clib/signal.c                         0x00000000   Number         0  defsig_pvfn_inner.o ABSOLUTE
    ../clib/signal.s                         0x00000000   Number         0  defsig.o ABSOLUTE
    ../clib/stdlib.c                         0x00000000   Number         0  exit.o ABSOLUTE
    ../clib/string.c                         0x00000000   Number         0  strlen.o ABSOLUTE
    ../fplib/cfplib/dmul.c                   0x00000000   Number         0  dmul.o ABSOLUTE
    ../fplib/cfplib/ffix.c                   0x00000000   Number         0  dfixui.o ABSOLUTE
    ../fplib/cfplib/fflt.c                   0x00000000   Number         0  dflti.o ABSOLUTE
    ../fplib/cfplib/fpinit.c                 0x00000000   Number         0  fpinit.o ABSOLUTE
    ../fplib/usenofp.s                       0x00000000   Number         0  usenofp.o ABSOLUTE
    ..\Core\HAL\SX127x_hal.c                 0x00000000   Number         0  sx127x_hal.o ABSOLUTE
    ..\Core\Src\main.c                       0x00000000   Number         0  main.o ABSOLUTE
    ..\Core\Src\stm32l0xx_hal_msp.c          0x00000000   Number         0  stm32l0xx_hal_msp.o ABSOLUTE
    ..\Core\Src\stm32l0xx_hal_timebase_tim.c 0x00000000   Number         0  stm32l0xx_hal_timebase_tim.o ABSOLUTE
    ..\Core\Src\stm32l0xx_it.c               0x00000000   Number         0  stm32l0xx_it.o ABSOLUTE
    ..\Core\Src\sx1276\ioe.c                 0x00000000   Number         0  ioe.o ABSOLUTE
    ..\Core\Src\system_stm32l0xx.c           0x00000000   Number         0  system_stm32l0xx.o ABSOLUTE
    ..\Core\radio\sx127x_driver.c            0x00000000   Number         0  sx127x_driver.o ABSOLUTE
    ..\Drivers\STM32L0xx_HAL_Driver\Src\stm32l0xx_hal.c 0x00000000   Number         0  stm32l0xx_hal.o ABSOLUTE
    ..\Drivers\STM32L0xx_HAL_Driver\Src\stm32l0xx_hal_cortex.c 0x00000000   Number         0  stm32l0xx_hal_cortex.o ABSOLUTE
    ..\Drivers\STM32L0xx_HAL_Driver\Src\stm32l0xx_hal_dma.c 0x00000000   Number         0  stm32l0xx_hal_dma.o ABSOLUTE
    ..\Drivers\STM32L0xx_HAL_Driver\Src\stm32l0xx_hal_exti.c 0x00000000   Number         0  stm32l0xx_hal_exti.o ABSOLUTE
    ..\Drivers\STM32L0xx_HAL_Driver\Src\stm32l0xx_hal_flash.c 0x00000000   Number         0  stm32l0xx_hal_flash.o ABSOLUTE
    ..\Drivers\STM32L0xx_HAL_Driver\Src\stm32l0xx_hal_flash_ex.c 0x00000000   Number         0  stm32l0xx_hal_flash_ex.o ABSOLUTE
    ..\Drivers\STM32L0xx_HAL_Driver\Src\stm32l0xx_hal_flash_ramfunc.c 0x00000000   Number         0  stm32l0xx_hal_flash_ramfunc.o ABSOLUTE
    ..\Drivers\STM32L0xx_HAL_Driver\Src\stm32l0xx_hal_gpio.c 0x00000000   Number         0  stm32l0xx_hal_gpio.o ABSOLUTE
    ..\Drivers\STM32L0xx_HAL_Driver\Src\stm32l0xx_hal_i2c.c 0x00000000   Number         0  stm32l0xx_hal_i2c.o ABSOLUTE
    ..\Drivers\STM32L0xx_HAL_Driver\Src\stm32l0xx_hal_i2c_ex.c 0x00000000   Number         0  stm32l0xx_hal_i2c_ex.o ABSOLUTE
    ..\Drivers\STM32L0xx_HAL_Driver\Src\stm32l0xx_hal_pwr.c 0x00000000   Number         0  stm32l0xx_hal_pwr.o ABSOLUTE
    ..\Drivers\STM32L0xx_HAL_Driver\Src\stm32l0xx_hal_pwr_ex.c 0x00000000   Number         0  stm32l0xx_hal_pwr_ex.o ABSOLUTE
    ..\Drivers\STM32L0xx_HAL_Driver\Src\stm32l0xx_hal_rcc.c 0x00000000   Number         0  stm32l0xx_hal_rcc.o ABSOLUTE
    ..\Drivers\STM32L0xx_HAL_Driver\Src\stm32l0xx_hal_rcc_ex.c 0x00000000   Number         0  stm32l0xx_hal_rcc_ex.o ABSOLUTE
    ..\Drivers\STM32L0xx_HAL_Driver\Src\stm32l0xx_hal_spi.c 0x00000000   Number         0  stm32l0xx_hal_spi.o ABSOLUTE
    ..\Drivers\STM32L0xx_HAL_Driver\Src\stm32l0xx_hal_tim.c 0x00000000   Number         0  stm32l0xx_hal_tim.o ABSOLUTE
    ..\Drivers\STM32L0xx_HAL_Driver\Src\stm32l0xx_hal_tim_ex.c 0x00000000   Number         0  stm32l0xx_hal_tim_ex.o ABSOLUTE
    ..\Drivers\STM32L0xx_HAL_Driver\Src\stm32l0xx_hal_uart.c 0x00000000   Number         0  stm32l0xx_hal_uart.o ABSOLUTE
    ..\Drivers\STM32L0xx_HAL_Driver\Src\stm32l0xx_hal_uart_ex.c 0x00000000   Number         0  stm32l0xx_hal_uart_ex.o ABSOLUTE
    ..\\Core\\HAL\\SX127x_hal.c              0x00000000   Number         0  sx127x_hal.o ABSOLUTE
    ..\\Core\\radio\\sx127x_driver.c         0x00000000   Number         0  sx127x_driver.o ABSOLUTE
    dc.s                                     0x00000000   Number         0  dc.o ABSOLUTE
    startup_stm32l051xx.s                    0x00000000   Number         0  startup_stm32l051xx.o ABSOLUTE
    RESET                                    0x08000000   Section      192  startup_stm32l051xx.o(RESET)
    !!!main                                  0x080000c0   Section        8  __main.o(!!!main)
    !!!scatter                               0x080000c8   Section       60  __scatter.o(!!!scatter)
    !!handler_copy                           0x08000104   Section       26  __scatter_copy.o(!!handler_copy)
    !!handler_zi                             0x08000120   Section       28  __scatter_zi.o(!!handler_zi)
    .ARM.Collect$$libinit$$00000000          0x0800013c   Section        2  libinit.o(.ARM.Collect$$libinit$$00000000)
    .ARM.Collect$$libinit$$00000002          0x0800013e   Section        0  libinit2.o(.ARM.Collect$$libinit$$00000002)
    .ARM.Collect$$libinit$$00000004          0x0800013e   Section        0  libinit2.o(.ARM.Collect$$libinit$$00000004)
    .ARM.Collect$$libinit$$0000000A          0x0800013e   Section        0  libinit2.o(.ARM.Collect$$libinit$$0000000A)
    .ARM.Collect$$libinit$$0000000C          0x0800013e   Section        0  libinit2.o(.ARM.Collect$$libinit$$0000000C)
    .ARM.Collect$$libinit$$0000000E          0x0800013e   Section        0  libinit2.o(.ARM.Collect$$libinit$$0000000E)
    .ARM.Collect$$libinit$$00000011          0x0800013e   Section        0  libinit2.o(.ARM.Collect$$libinit$$00000011)
    .ARM.Collect$$libinit$$00000013          0x0800013e   Section        0  libinit2.o(.ARM.Collect$$libinit$$00000013)
    .ARM.Collect$$libinit$$00000015          0x0800013e   Section        0  libinit2.o(.ARM.Collect$$libinit$$00000015)
    .ARM.Collect$$libinit$$00000017          0x0800013e   Section        0  libinit2.o(.ARM.Collect$$libinit$$00000017)
    .ARM.Collect$$libinit$$00000019          0x0800013e   Section        0  libinit2.o(.ARM.Collect$$libinit$$00000019)
    .ARM.Collect$$libinit$$0000001B          0x0800013e   Section        0  libinit2.o(.ARM.Collect$$libinit$$0000001B)
    .ARM.Collect$$libinit$$0000001D          0x0800013e   Section        0  libinit2.o(.ARM.Collect$$libinit$$0000001D)
    .ARM.Collect$$libinit$$0000001F          0x0800013e   Section        0  libinit2.o(.ARM.Collect$$libinit$$0000001F)
    .ARM.Collect$$libinit$$00000021          0x0800013e   Section        0  libinit2.o(.ARM.Collect$$libinit$$00000021)
    .ARM.Collect$$libinit$$00000023          0x0800013e   Section        0  libinit2.o(.ARM.Collect$$libinit$$00000023)
    .ARM.Collect$$libinit$$00000025          0x0800013e   Section        0  libinit2.o(.ARM.Collect$$libinit$$00000025)
    .ARM.Collect$$libinit$$0000002C          0x0800013e   Section        0  libinit2.o(.ARM.Collect$$libinit$$0000002C)
    .ARM.Collect$$libinit$$0000002E          0x0800013e   Section        0  libinit2.o(.ARM.Collect$$libinit$$0000002E)
    .ARM.Collect$$libinit$$00000030          0x0800013e   Section        0  libinit2.o(.ARM.Collect$$libinit$$00000030)
    .ARM.Collect$$libinit$$00000032          0x0800013e   Section        0  libinit2.o(.ARM.Collect$$libinit$$00000032)
    .ARM.Collect$$libinit$$00000033          0x0800013e   Section        2  libinit2.o(.ARM.Collect$$libinit$$00000033)
    .ARM.Collect$$libshutdown$$00000000      0x08000140   Section        2  libshutdown.o(.ARM.Collect$$libshutdown$$00000000)
    .ARM.Collect$$libshutdown$$00000003      0x08000142   Section        0  libshutdown2.o(.ARM.Collect$$libshutdown$$00000003)
    .ARM.Collect$$libshutdown$$00000006      0x08000142   Section        0  libshutdown2.o(.ARM.Collect$$libshutdown$$00000006)
    .ARM.Collect$$libshutdown$$00000009      0x08000142   Section        0  libshutdown2.o(.ARM.Collect$$libshutdown$$00000009)
    .ARM.Collect$$libshutdown$$0000000B      0x08000142   Section        0  libshutdown2.o(.ARM.Collect$$libshutdown$$0000000B)
    .ARM.Collect$$libshutdown$$0000000E      0x08000142   Section        0  libshutdown2.o(.ARM.Collect$$libshutdown$$0000000E)
    .ARM.Collect$$libshutdown$$0000000F      0x08000142   Section        2  libshutdown2.o(.ARM.Collect$$libshutdown$$0000000F)
    .ARM.Collect$$rtentry$$00000000          0x08000144   Section        0  __rtentry.o(.ARM.Collect$$rtentry$$00000000)
    .ARM.Collect$$rtentry$$00000002          0x08000144   Section        0  __rtentry2.o(.ARM.Collect$$rtentry$$00000002)
    .ARM.Collect$$rtentry$$00000004          0x08000144   Section        6  __rtentry4.o(.ARM.Collect$$rtentry$$00000004)
    .ARM.Collect$$rtentry$$00000009          0x0800014a   Section        0  __rtentry2.o(.ARM.Collect$$rtentry$$00000009)
    .ARM.Collect$$rtentry$$0000000A          0x0800014a   Section        4  __rtentry2.o(.ARM.Collect$$rtentry$$0000000A)
    .ARM.Collect$$rtentry$$0000000C          0x0800014e   Section        0  __rtentry2.o(.ARM.Collect$$rtentry$$0000000C)
    .ARM.Collect$$rtentry$$0000000D          0x0800014e   Section        8  __rtentry2.o(.ARM.Collect$$rtentry$$0000000D)
    .ARM.Collect$$rtexit$$00000000           0x08000156   Section        2  rtexit.o(.ARM.Collect$$rtexit$$00000000)
    .ARM.Collect$$rtexit$$00000002           0x08000158   Section        0  rtexit2.o(.ARM.Collect$$rtexit$$00000002)
    .ARM.Collect$$rtexit$$00000003           0x08000158   Section        4  rtexit2.o(.ARM.Collect$$rtexit$$00000003)
    .ARM.Collect$$rtexit$$00000004           0x0800015c   Section        6  rtexit2.o(.ARM.Collect$$rtexit$$00000004)
    .text                                    0x08000164   Section       56  startup_stm32l051xx.o(.text)
    .text                                    0x0800019c   Section        0  lludiv.o(.text)
    .text                                    0x0800029e   Section        0  rt_memclr.o(.text)
    .text                                    0x080002de   Section      346  aeabi_sdiv.o(.text)
    .text                                    0x08000438   Section        0  heapauxi.o(.text)
    .text                                    0x08000440   Section        0  dfixui.o(.text)
    .text                                    0x08000488   Section        0  dflti.o(.text)
    .text                                    0x080004e0   Section        0  dmul.o(.text)
    .text                                    0x08000728   Section       62  sys_stackheap_outer.o(.text)
    .text                                    0x08000766   Section        0  exit.o(.text)
    .text                                    0x08000774   Section        8  libspace.o(.text)
    .text                                    0x0800077c   Section        0  sys_exit.o(.text)
    .text                                    0x08000788   Section        2  use_no_semi.o(.text)
    .text                                    0x0800078a   Section        0  indicate_semi.o(.text)
    i.EXTI4_15_IRQHandler                    0x0800078a   Section        0  stm32l0xx_it.o(i.EXTI4_15_IRQHandler)
    i.Error_Handler                          0x080007a6   Section        0  main.o(i.Error_Handler)
    i.GetMSMode                              0x080007ac   Section        0  main.o(i.GetMSMode)
    i.GetTick                                0x080007c4   Section        0  stm32l0xx_it.o(i.GetTick)
    i.HAL_GPIO_EXTI_Callback                 0x080007d0   Section        0  main.o(i.HAL_GPIO_EXTI_Callback)
    i.HAL_GPIO_EXTI_IRQHandler               0x080007e8   Section        0  stm32l0xx_hal_gpio.o(i.HAL_GPIO_EXTI_IRQHandler)
    i.HAL_GPIO_Init                          0x08000808   Section        0  stm32l0xx_hal_gpio.o(i.HAL_GPIO_Init)
    i.HAL_GPIO_ReadPin                       0x080009f8   Section        0  stm32l0xx_hal_gpio.o(i.HAL_GPIO_ReadPin)
    i.HAL_GPIO_TogglePin                     0x08000a0a   Section        0  stm32l0xx_hal_gpio.o(i.HAL_GPIO_TogglePin)
    i.HAL_GPIO_WritePin                      0x08000a1e   Section        0  stm32l0xx_hal_gpio.o(i.HAL_GPIO_WritePin)
    i.HAL_GetTick                            0x08000a2c   Section        0  stm32l0xx_hal.o(i.HAL_GetTick)
    i.HAL_IncTick                            0x08000a38   Section        0  stm32l0xx_hal.o(i.HAL_IncTick)
    i.HAL_Init                               0x08000a50   Section        0  stm32l0xx_hal.o(i.HAL_Init)
    i.HAL_InitTick                           0x08000a7c   Section        0  stm32l0xx_hal_timebase_tim.o(i.HAL_InitTick)
    i.HAL_MspInit                            0x08000b2c   Section        0  stm32l0xx_hal_msp.o(i.HAL_MspInit)
    i.HAL_NVIC_EnableIRQ                     0x08000b4c   Section        0  stm32l0xx_hal_cortex.o(i.HAL_NVIC_EnableIRQ)
    i.HAL_NVIC_SetPriority                   0x08000b68   Section        0  stm32l0xx_hal_cortex.o(i.HAL_NVIC_SetPriority)
    i.HAL_RCCEx_PeriphCLKConfig              0x08000b7c   Section        0  stm32l0xx_hal_rcc_ex.o(i.HAL_RCCEx_PeriphCLKConfig)
    i.HAL_RCC_ClockConfig                    0x08000da4   Section        0  stm32l0xx_hal_rcc.o(i.HAL_RCC_ClockConfig)
    i.HAL_RCC_GetClockConfig                 0x08000fd8   Section        0  stm32l0xx_hal_rcc.o(i.HAL_RCC_GetClockConfig)
    i.HAL_RCC_GetHCLKFreq                    0x0800101c   Section        0  stm32l0xx_hal_rcc.o(i.HAL_RCC_GetHCLKFreq)
    i.HAL_RCC_GetPCLK1Freq                   0x08001028   Section        0  stm32l0xx_hal_rcc.o(i.HAL_RCC_GetPCLK1Freq)
    i.HAL_RCC_GetPCLK2Freq                   0x0800104c   Section        0  stm32l0xx_hal_rcc.o(i.HAL_RCC_GetPCLK2Freq)
    i.HAL_RCC_GetSysClockFreq                0x08001070   Section        0  stm32l0xx_hal_rcc.o(i.HAL_RCC_GetSysClockFreq)
    i.HAL_RCC_OscConfig                      0x08001160   Section        0  stm32l0xx_hal_rcc.o(i.HAL_RCC_OscConfig)
    i.HAL_SPI_Init                           0x0800178c   Section        0  stm32l0xx_hal_spi.o(i.HAL_SPI_Init)
    i.HAL_SPI_MspInit                        0x0800185c   Section        0  stm32l0xx_hal_msp.o(i.HAL_SPI_MspInit)
    i.HAL_SPI_TransmitReceive                0x080018c4   Section        0  stm32l0xx_hal_spi.o(i.HAL_SPI_TransmitReceive)
    i.HAL_TIMEx_MasterConfigSynchronization  0x08001b14   Section        0  stm32l0xx_hal_tim_ex.o(i.HAL_TIMEx_MasterConfigSynchronization)
    i.HAL_TIM_Base_Init                      0x08001b94   Section        0  stm32l0xx_hal_tim.o(i.HAL_TIM_Base_Init)
    i.HAL_TIM_Base_MspInit                   0x08001be4   Section        0  stm32l0xx_hal_msp.o(i.HAL_TIM_Base_MspInit)
    i.HAL_TIM_Base_Start_IT                  0x08001c40   Section        0  stm32l0xx_hal_tim.o(i.HAL_TIM_Base_Start_IT)
    i.HAL_TIM_Base_Stop_IT                   0x08001cac   Section        0  stm32l0xx_hal_tim.o(i.HAL_TIM_Base_Stop_IT)
    i.HAL_TIM_ConfigClockSource              0x08001ce4   Section        0  stm32l0xx_hal_tim.o(i.HAL_TIM_ConfigClockSource)
    i.HAL_TIM_IC_CaptureCallback             0x08001dfc   Section        0  stm32l0xx_hal_tim.o(i.HAL_TIM_IC_CaptureCallback)
    i.HAL_TIM_IRQHandler                     0x08001dfe   Section        0  stm32l0xx_hal_tim.o(i.HAL_TIM_IRQHandler)
    i.HAL_TIM_OC_DelayElapsedCallback        0x08001f7a   Section        0  stm32l0xx_hal_tim.o(i.HAL_TIM_OC_DelayElapsedCallback)
    i.HAL_TIM_PWM_PulseFinishedCallback      0x08001f7c   Section        0  stm32l0xx_hal_tim.o(i.HAL_TIM_PWM_PulseFinishedCallback)
    i.HAL_TIM_PeriodElapsedCallback          0x08001f80   Section        0  main.o(i.HAL_TIM_PeriodElapsedCallback)
    i.HAL_TIM_TriggerCallback                0x08002014   Section        0  stm32l0xx_hal_tim.o(i.HAL_TIM_TriggerCallback)
    i.HAL_UART_Init                          0x08002016   Section        0  stm32l0xx_hal_uart.o(i.HAL_UART_Init)
    i.HAL_UART_MspInit                       0x08002094   Section        0  stm32l0xx_hal_msp.o(i.HAL_UART_MspInit)
    i.HardFault_Handler                      0x08002158   Section        0  stm32l0xx_it.o(i.HardFault_Handler)
    i.Key_handle                             0x0800215c   Section        0  main.o(i.Key_handle)
    i.Key_timer_cb                           0x08002170   Section        0  main.o(i.Key_timer_cb)
    i.MX_GPIO_Init                           0x080021e0   Section        0  main.o(i.MX_GPIO_Init)
    MX_GPIO_Init                             0x080021e1   Thumb Code   388  main.o(i.MX_GPIO_Init)
    i.MX_SPI1_Init                           0x08002374   Section        0  main.o(i.MX_SPI1_Init)
    MX_SPI1_Init                             0x08002375   Thumb Code    60  main.o(i.MX_SPI1_Init)
    i.MX_TIM22_Init                          0x080023b8   Section        0  main.o(i.MX_TIM22_Init)
    MX_TIM22_Init                            0x080023b9   Thumb Code   104  main.o(i.MX_TIM22_Init)
    i.MX_TIM2_Init                           0x0800242c   Section        0  main.o(i.MX_TIM2_Init)
    MX_TIM2_Init                             0x0800242d   Thumb Code   106  main.o(i.MX_TIM2_Init)
    i.MX_USART1_UART_Init                    0x080024a0   Section        0  main.o(i.MX_USART1_UART_Init)
    MX_USART1_UART_Init                      0x080024a1   Thumb Code    58  main.o(i.MX_USART1_UART_Init)
    i.MX_USART2_UART_Init                    0x080024e4   Section        0  main.o(i.MX_USART2_UART_Init)
    MX_USART2_UART_Init                      0x080024e5   Thumb Code    58  main.o(i.MX_USART2_UART_Init)
    i.NMI_Handler                            0x08002528   Section        0  stm32l0xx_it.o(i.NMI_Handler)
    i.OnSlave                                0x0800252c   Section        0  main.o(i.OnSlave)
    i.PendSV_Handler                         0x08002574   Section        0  stm32l0xx_it.o(i.PendSV_Handler)
    i.Read127xReg                            0x08002576   Section        0  sx127x_driver.o(i.Read127xReg)
    i.SPI_EndRxTxTransaction                 0x0800258c   Section        0  stm32l0xx_hal_spi.o(i.SPI_EndRxTxTransaction)
    SPI_EndRxTxTransaction                   0x0800258d   Thumb Code   110  stm32l0xx_hal_spi.o(i.SPI_EndRxTxTransaction)
    i.SPI_WaitFlagStateUntilTimeout          0x08002604   Section        0  stm32l0xx_hal_spi.o(i.SPI_WaitFlagStateUntilTimeout)
    SPI_WaitFlagStateUntilTimeout            0x08002605   Thumb Code   214  stm32l0xx_hal_spi.o(i.SPI_WaitFlagStateUntilTimeout)
    i.SVC_Handler                            0x080026e0   Section        0  stm32l0xx_it.o(i.SVC_Handler)
    i.SX1276HALInit                          0x080026e2   Section        0  sx127x_hal.o(i.SX1276HALInit)
    i.SX1276ReadDio0                         0x080026e4   Section        0  sx127x_hal.o(i.SX1276ReadDio0)
    i.SX1276ReadDio1                         0x080026f2   Section        0  sx127x_hal.o(i.SX1276ReadDio1)
    i.SX1276ReadDio3                         0x08002700   Section        0  sx127x_hal.o(i.SX1276ReadDio3)
    i.SX1276ReadDio4                         0x08002710   Section        0  sx127x_hal.o(i.SX1276ReadDio4)
    i.SX1278ReadBuffer                       0x08002720   Section        0  sx127x_driver.o(i.SX1278ReadBuffer)
    SX1278ReadBuffer                         0x08002721   Thumb Code    50  sx127x_driver.o(i.SX1278ReadBuffer)
    i.SX1278WriteBuffer                      0x08002752   Section        0  sx127x_driver.o(i.SX1278WriteBuffer)
    SX1278WriteBuffer                        0x08002753   Thumb Code    50  sx127x_driver.o(i.SX1278WriteBuffer)
    i.SX127X_ResetPinControl                 0x08002784   Section        0  sx127x_hal.o(i.SX127X_ResetPinControl)
    i.SX127xGetOpMode                        0x08002798   Section        0  sx127x_driver.o(i.SX127xGetOpMode)
    i.SX127xProcess                          0x080027a8   Section        0  sx127x_driver.o(i.SX127xProcess)
    i.SX127xReadFifo                         0x080029e4   Section        0  sx127x_driver.o(i.SX127xReadFifo)
    i.SX127xSetFrf                           0x080029f8   Section        0  sx127x_driver.o(i.SX127xSetFrf)
    i.SX127xSetLoRaMode                      0x08002a48   Section        0  sx127x_driver.o(i.SX127xSetLoRaMode)
    i.SX127xSetOpMode                        0x08002a78   Section        0  sx127x_driver.o(i.SX127xSetOpMode)
    i.SX127xSetTxPacket                      0x08002aac   Section        0  sx127x_driver.o(i.SX127xSetTxPacket)
    SX127xSetTxPacket                        0x08002aad   Thumb Code   130  sx127x_driver.o(i.SX127xSetTxPacket)
    i.SX127xWriteFifo                        0x08002b38   Section        0  sx127x_driver.o(i.SX127xWriteFifo)
    i.SendTrigPkg                            0x08002b4c   Section        0  main.o(i.SendTrigPkg)
    i.SetKeyLED                              0x08002ba0   Section        0  main.o(i.SetKeyLED)
    i.Soft_delay_ms                          0x08002bb8   Section        0  sx127x_hal.o(i.Soft_delay_ms)
    i.SpiInOut                               0x08002bdc   Section        0  sx127x_hal.o(i.SpiInOut)
    i.SpiNSSEnable                           0x08002bfc   Section        0  sx127x_hal.o(i.SpiNSSEnable)
    i.Sx127xReadRxPackage                    0x08002c14   Section        0  sx127x_driver.o(i.Sx127xReadRxPackage)
    Sx127xReadRxPackage                      0x08002c15   Thumb Code    36  sx127x_driver.o(i.Sx127xReadRxPackage)
    i.Sx127xRestart                          0x08002c38   Section        0  sx127x_driver.o(i.Sx127xRestart)
    i.Sx127xStartCADCheck                    0x08002c60   Section        0  sx127x_driver.o(i.Sx127xStartCADCheck)
    Sx127xStartCADCheck                      0x08002c61   Thumb Code     8  sx127x_driver.o(i.Sx127xStartCADCheck)
    i.Sx127xStartRx                          0x08002c6c   Section        0  sx127x_driver.o(i.Sx127xStartRx)
    Sx127xStartRx                            0x08002c6d   Thumb Code    26  sx127x_driver.o(i.Sx127xStartRx)
    i.SysTick_Handler                        0x08002c90   Section        0  stm32l0xx_it.o(i.SysTick_Handler)
    i.SystemClock_Config                     0x08002c94   Section        0  main.o(i.SystemClock_Config)
    i.SystemInit                             0x08002d2c   Section        0  system_stm32l0xx.o(i.SystemInit)
    i.TIM21_IRQHandler                       0x08002d30   Section        0  stm32l0xx_it.o(i.TIM21_IRQHandler)
    i.TIM22_IRQHandler                       0x08002d4c   Section        0  stm32l0xx_it.o(i.TIM22_IRQHandler)
    i.TIM2_IRQHandler                        0x08002d5c   Section        0  stm32l0xx_it.o(i.TIM2_IRQHandler)
    i.TIM_Base_SetConfig                     0x08002d6c   Section        0  stm32l0xx_hal_tim.o(i.TIM_Base_SetConfig)
    TIM_Base_SetConfig                       0x08002d6d   Thumb Code    98  stm32l0xx_hal_tim.o(i.TIM_Base_SetConfig)
    i.TIM_ETR_SetConfig                      0x08002dd8   Section        0  stm32l0xx_hal_tim.o(i.TIM_ETR_SetConfig)
    TIM_ETR_SetConfig                        0x08002dd9   Thumb Code    28  stm32l0xx_hal_tim.o(i.TIM_ETR_SetConfig)
    i.TIM_ITRx_SetConfig                     0x08002df4   Section        0  stm32l0xx_hal_tim.o(i.TIM_ITRx_SetConfig)
    TIM_ITRx_SetConfig                       0x08002df5   Thumb Code    24  stm32l0xx_hal_tim.o(i.TIM_ITRx_SetConfig)
    i.TIM_TI1_ConfigInputStage               0x08002e0c   Section        0  stm32l0xx_hal_tim.o(i.TIM_TI1_ConfigInputStage)
    TIM_TI1_ConfigInputStage                 0x08002e0d   Thumb Code    50  stm32l0xx_hal_tim.o(i.TIM_TI1_ConfigInputStage)
    i.TIM_TI2_ConfigInputStage               0x08002e3e   Section        0  stm32l0xx_hal_tim.o(i.TIM_TI2_ConfigInputStage)
    TIM_TI2_ConfigInputStage                 0x08002e3f   Thumb Code    50  stm32l0xx_hal_tim.o(i.TIM_TI2_ConfigInputStage)
    i.UART_AdvFeatureConfig                  0x08002e70   Section        0  stm32l0xx_hal_uart.o(i.UART_AdvFeatureConfig)
    i.UART_CheckIdleState                    0x08002f60   Section        0  stm32l0xx_hal_uart.o(i.UART_CheckIdleState)
    i.UART_SetConfig                         0x08002fd4   Section        0  stm32l0xx_hal_uart.o(i.UART_SetConfig)
    i.UART_WaitOnFlagUntilTimeout            0x080032e4   Section        0  stm32l0xx_hal_uart.o(i.UART_WaitOnFlagUntilTimeout)
    i.Write127xReg                           0x080033fe   Section        0  sx127x_driver.o(i.Write127xReg)
    i.__ARM_common_ll_muluu                  0x0800340e   Section        0  stm32l0xx_hal_rcc.o(i.__ARM_common_ll_muluu)
    i.__ARM_common_switch8                   0x0800343e   Section        0  stm32l0xx_hal_dma.o(i.__ARM_common_switch8)
    i.__NVIC_SetPriority                     0x0800345c   Section        0  stm32l0xx_hal_cortex.o(i.__NVIC_SetPriority)
    __NVIC_SetPriority                       0x0800345d   Thumb Code   110  stm32l0xx_hal_cortex.o(i.__NVIC_SetPriority)
    i.__get_PRIMASK                          0x080034d4   Section        0  stm32l0xx_hal_uart.o(i.__get_PRIMASK)
    __get_PRIMASK                            0x080034d5   Thumb Code     6  stm32l0xx_hal_uart.o(i.__get_PRIMASK)
    i.__set_PRIMASK                          0x080034da   Section        0  stm32l0xx_hal_uart.o(i.__set_PRIMASK)
    __set_PRIMASK                            0x080034db   Thumb Code     6  stm32l0xx_hal_uart.o(i.__set_PRIMASK)
    i.delayMsBySystick                       0x080034e0   Section        0  main.o(i.delayMsBySystick)
    i.delay_us                               0x0800350a   Section        0  main.o(i.delay_us)
    i.main                                   0x08003528   Section        0  main.o(i.main)
    i.sx127xInit                             0x0800357c   Section        0  sx127x_driver.o(i.sx127xInit)
    i.sx127xRx                               0x0800368c   Section        0  sx127x_driver.o(i.sx127xRx)
    i.sx127xSend                             0x08003750   Section        0  sx127x_driver.o(i.sx127xSend)
    i.toggle_led                             0x080037e8   Section        0  main.o(i.toggle_led)
    i.tri_mmwave                             0x080037fc   Section        0  main.o(i.tri_mmwave)
    .constdata                               0x08003840   Section       12  main.o(.constdata)
    x$fpl$usenofp                            0x08003840   Section        0  usenofp.o(x$fpl$usenofp)
    .constdata                               0x0800384c   Section       33  system_stm32l0xx.o(.constdata)
    .data                                    0x20000000   Section       40  main.o(.data)
    BufferSize                               0x20000002   Data           2  main.o(.data)
    prelist_cnt                              0x2000001c   Data           1  main.o(.data)
    time_now                                 0x20000020   Data           4  main.o(.data)
    master_state                             0x20000024   Data           4  main.o(.data)
    .data                                    0x20000028   Section        4  stm32l0xx_it.o(.data)
    .data                                    0x2000002c   Section        9  stm32l0xx_hal.o(.data)
    .data                                    0x20000038   Section        4  system_stm32l0xx.o(.data)
    .data                                    0x2000003c   Section       76  sx127x_driver.o(.data)
    u8_SFList                                0x20000058   Data           7  sx127x_driver.o(.data)
    u8_CRList                                0x2000005f   Data           4  sx127x_driver.o(.data)
    u8_BWList                                0x20000063   Data          10  sx127x_driver.o(.data)
    softTimeout                              0x20000070   Data           4  sx127x_driver.o(.data)
    localSettingSave                         0x20000074   Data          12  sx127x_driver.o(.data)
    loraStatus                               0x20000080   Data           1  sx127x_driver.o(.data)
    systickBak                               0x20000084   Data           4  sx127x_driver.o(.data)
    .bss                                     0x20000088   Section      628  main.o(.bss)
    .bss                                     0x200002fc   Section       64  stm32l0xx_hal_timebase_tim.o(.bss)
    .bss                                     0x2000033c   Section       96  libspace.o(.bss)
    HEAP                                     0x200003a0   Section      512  startup_stm32l051xx.o(HEAP)
    Heap_Mem                                 0x200003a0   Data         512  startup_stm32l051xx.o(HEAP)
    STACK                                    0x200005a0   Section     1024  startup_stm32l051xx.o(STACK)
    Stack_Mem                                0x200005a0   Data        1024  startup_stm32l051xx.o(STACK)
    __initial_sp                             0x200009a0   Data           0  startup_stm32l051xx.o(STACK)

    Global Symbols

    Symbol Name                              Value     Ov Type        Size  Object(Section)

    BuildAttributes$$THM_ISAv3M$S$PE$A:L22$X:L11$S22$IEEE1$IW$USESV6$~STKCKD$USESV7$~SHL$OSPACE$ROPI$EBA8$UX$STANDARDLIB$REQ8$PRES8$EABIv2 0x00000000   Number         0  anon$$obj.o ABSOLUTE
    __ARM_use_no_argv                        0x00000000   Number         0  main.o ABSOLUTE
    __ARM_exceptions_init                     - Undefined Weak Reference
    __alloca_initialize                       - Undefined Weak Reference
    __arm_preinit_                            - Undefined Weak Reference
    __cpp_initialize__aeabi_                  - Undefined Weak Reference
    __cxa_finalize                            - Undefined Weak Reference
    __rt_locale                               - Undefined Weak Reference
    __sigvec_lookup                           - Undefined Weak Reference
    _atexit_init                              - Undefined Weak Reference
    _call_atexit_fns                          - Undefined Weak Reference
    _clock_init                               - Undefined Weak Reference
    _fp_trap_init                             - Undefined Weak Reference
    _fp_trap_shutdown                         - Undefined Weak Reference
    _get_lc_collate                           - Undefined Weak Reference
    _get_lc_ctype                             - Undefined Weak Reference
    _get_lc_monetary                          - Undefined Weak Reference
    _get_lc_numeric                           - Undefined Weak Reference
    _get_lc_time                              - Undefined Weak Reference
    _getenv_init                              - Undefined Weak Reference
    _handle_redirection                       - Undefined Weak Reference
    _init_alloc                               - Undefined Weak Reference
    _init_user_alloc                          - Undefined Weak Reference
    _initio                                   - Undefined Weak Reference
    _rand_init                                - Undefined Weak Reference
    _signal_finish                            - Undefined Weak Reference
    _signal_init                              - Undefined Weak Reference
    _terminate_alloc                          - Undefined Weak Reference
    _terminate_user_alloc                     - Undefined Weak Reference
    _terminateio                              - Undefined Weak Reference
    __Vectors_Size                           0x000000c0   Number         0  startup_stm32l051xx.o ABSOLUTE
    __Vectors                                0x08000000   Data           4  startup_stm32l051xx.o(RESET)
    __Vectors_End                            0x080000c0   Data           0  startup_stm32l051xx.o(RESET)
    __main                                   0x080000c1   Thumb Code     8  __main.o(!!!main)
    __scatterload                            0x080000c9   Thumb Code     0  __scatter.o(!!!scatter)
    __scatterload_rt2                        0x080000c9   Thumb Code    52  __scatter.o(!!!scatter)
    __scatterload_rt2_thumb_only             0x080000c9   Thumb Code     0  __scatter.o(!!!scatter)
    __scatterload_null                       0x080000d9   Thumb Code     0  __scatter.o(!!!scatter)
    __scatterload_copy                       0x08000105   Thumb Code    26  __scatter_copy.o(!!handler_copy)
    __scatterload_zeroinit                   0x08000121   Thumb Code    28  __scatter_zi.o(!!handler_zi)
    __rt_lib_init                            0x0800013d   Thumb Code     0  libinit.o(.ARM.Collect$$libinit$$00000000)
    __rt_lib_init_alloca_1                   0x0800013f   Thumb Code     0  libinit2.o(.ARM.Collect$$libinit$$0000002E)
    __rt_lib_init_argv_1                     0x0800013f   Thumb Code     0  libinit2.o(.ARM.Collect$$libinit$$0000002C)
    __rt_lib_init_atexit_1                   0x0800013f   Thumb Code     0  libinit2.o(.ARM.Collect$$libinit$$0000001B)
    __rt_lib_init_clock_1                    0x0800013f   Thumb Code     0  libinit2.o(.ARM.Collect$$libinit$$00000021)
    __rt_lib_init_cpp_1                      0x0800013f   Thumb Code     0  libinit2.o(.ARM.Collect$$libinit$$00000032)
    __rt_lib_init_exceptions_1               0x0800013f   Thumb Code     0  libinit2.o(.ARM.Collect$$libinit$$00000030)
    __rt_lib_init_fp_1                       0x0800013f   Thumb Code     0  libinit2.o(.ARM.Collect$$libinit$$00000002)
    __rt_lib_init_fp_trap_1                  0x0800013f   Thumb Code     0  libinit2.o(.ARM.Collect$$libinit$$0000001F)
    __rt_lib_init_getenv_1                   0x0800013f   Thumb Code     0  libinit2.o(.ARM.Collect$$libinit$$00000023)
    __rt_lib_init_heap_1                     0x0800013f   Thumb Code     0  libinit2.o(.ARM.Collect$$libinit$$0000000A)
    __rt_lib_init_lc_collate_1               0x0800013f   Thumb Code     0  libinit2.o(.ARM.Collect$$libinit$$00000011)
    __rt_lib_init_lc_ctype_1                 0x0800013f   Thumb Code     0  libinit2.o(.ARM.Collect$$libinit$$00000013)
    __rt_lib_init_lc_monetary_1              0x0800013f   Thumb Code     0  libinit2.o(.ARM.Collect$$libinit$$00000015)
    __rt_lib_init_lc_numeric_1               0x0800013f   Thumb Code     0  libinit2.o(.ARM.Collect$$libinit$$00000017)
    __rt_lib_init_lc_time_1                  0x0800013f   Thumb Code     0  libinit2.o(.ARM.Collect$$libinit$$00000019)
    __rt_lib_init_preinit_1                  0x0800013f   Thumb Code     0  libinit2.o(.ARM.Collect$$libinit$$00000004)
    __rt_lib_init_rand_1                     0x0800013f   Thumb Code     0  libinit2.o(.ARM.Collect$$libinit$$0000000E)
    __rt_lib_init_return                     0x0800013f   Thumb Code     0  libinit2.o(.ARM.Collect$$libinit$$00000033)
    __rt_lib_init_signal_1                   0x0800013f   Thumb Code     0  libinit2.o(.ARM.Collect$$libinit$$0000001D)
    __rt_lib_init_stdio_1                    0x0800013f   Thumb Code     0  libinit2.o(.ARM.Collect$$libinit$$00000025)
    __rt_lib_init_user_alloc_1               0x0800013f   Thumb Code     0  libinit2.o(.ARM.Collect$$libinit$$0000000C)
    __rt_lib_shutdown                        0x08000141   Thumb Code     0  libshutdown.o(.ARM.Collect$$libshutdown$$00000000)
    __rt_lib_shutdown_fp_trap_1              0x08000143   Thumb Code     0  libshutdown2.o(.ARM.Collect$$libshutdown$$00000006)
    __rt_lib_shutdown_heap_1                 0x08000143   Thumb Code     0  libshutdown2.o(.ARM.Collect$$libshutdown$$0000000E)
    __rt_lib_shutdown_return                 0x08000143   Thumb Code     0  libshutdown2.o(.ARM.Collect$$libshutdown$$0000000F)
    __rt_lib_shutdown_signal_1               0x08000143   Thumb Code     0  libshutdown2.o(.ARM.Collect$$libshutdown$$00000009)
    __rt_lib_shutdown_stdio_1                0x08000143   Thumb Code     0  libshutdown2.o(.ARM.Collect$$libshutdown$$00000003)
    __rt_lib_shutdown_user_alloc_1           0x08000143   Thumb Code     0  libshutdown2.o(.ARM.Collect$$libshutdown$$0000000B)
    __rt_entry                               0x08000145   Thumb Code     0  __rtentry.o(.ARM.Collect$$rtentry$$00000000)
    __rt_entry_presh_1                       0x08000145   Thumb Code     0  __rtentry2.o(.ARM.Collect$$rtentry$$00000002)
    __rt_entry_sh                            0x08000145   Thumb Code     0  __rtentry4.o(.ARM.Collect$$rtentry$$00000004)
    __rt_entry_li                            0x0800014b   Thumb Code     0  __rtentry2.o(.ARM.Collect$$rtentry$$0000000A)
    __rt_entry_postsh_1                      0x0800014b   Thumb Code     0  __rtentry2.o(.ARM.Collect$$rtentry$$00000009)
    __rt_entry_main                          0x0800014f   Thumb Code     0  __rtentry2.o(.ARM.Collect$$rtentry$$0000000D)
    __rt_entry_postli_1                      0x0800014f   Thumb Code     0  __rtentry2.o(.ARM.Collect$$rtentry$$0000000C)
    __rt_exit                                0x08000157   Thumb Code     0  rtexit.o(.ARM.Collect$$rtexit$$00000000)
    __rt_exit_ls                             0x08000159   Thumb Code     0  rtexit2.o(.ARM.Collect$$rtexit$$00000003)
    __rt_exit_prels_1                        0x08000159   Thumb Code     0  rtexit2.o(.ARM.Collect$$rtexit$$00000002)
    __rt_exit_exit                           0x0800015d   Thumb Code     0  rtexit2.o(.ARM.Collect$$rtexit$$00000004)
    Reset_Handler                            0x08000165   Thumb Code     8  startup_stm32l051xx.o(.text)
    ADC1_COMP_IRQHandler                     0x08000177   Thumb Code     0  startup_stm32l051xx.o(.text)
    DMA1_Channel1_IRQHandler                 0x08000177   Thumb Code     0  startup_stm32l051xx.o(.text)
    DMA1_Channel2_3_IRQHandler               0x08000177   Thumb Code     0  startup_stm32l051xx.o(.text)
    DMA1_Channel4_5_6_7_IRQHandler           0x08000177   Thumb Code     0  startup_stm32l051xx.o(.text)
    EXTI0_1_IRQHandler                       0x08000177   Thumb Code     0  startup_stm32l051xx.o(.text)
    EXTI2_3_IRQHandler                       0x08000177   Thumb Code     0  startup_stm32l051xx.o(.text)
    FLASH_IRQHandler                         0x08000177   Thumb Code     0  startup_stm32l051xx.o(.text)
    I2C1_IRQHandler                          0x08000177   Thumb Code     0  startup_stm32l051xx.o(.text)
    I2C2_IRQHandler                          0x08000177   Thumb Code     0  startup_stm32l051xx.o(.text)
    LPTIM1_IRQHandler                        0x08000177   Thumb Code     0  startup_stm32l051xx.o(.text)
    LPUART1_IRQHandler                       0x08000177   Thumb Code     0  startup_stm32l051xx.o(.text)
    PVD_IRQHandler                           0x08000177   Thumb Code     0  startup_stm32l051xx.o(.text)
    RCC_IRQHandler                           0x08000177   Thumb Code     0  startup_stm32l051xx.o(.text)
    RTC_IRQHandler                           0x08000177   Thumb Code     0  startup_stm32l051xx.o(.text)
    SPI1_IRQHandler                          0x08000177   Thumb Code     0  startup_stm32l051xx.o(.text)
    SPI2_IRQHandler                          0x08000177   Thumb Code     0  startup_stm32l051xx.o(.text)
    TIM6_IRQHandler                          0x08000177   Thumb Code     0  startup_stm32l051xx.o(.text)
    USART1_IRQHandler                        0x08000177   Thumb Code     0  startup_stm32l051xx.o(.text)
    USART2_IRQHandler                        0x08000177   Thumb Code     0  startup_stm32l051xx.o(.text)
    WWDG_IRQHandler                          0x08000177   Thumb Code     0  startup_stm32l051xx.o(.text)
    __user_initial_stackheap                 0x08000179   Thumb Code     0  startup_stm32l051xx.o(.text)
    __aeabi_uldivmod                         0x0800019d   Thumb Code   258  lludiv.o(.text)
    _ll_udiv                                 0x0800019d   Thumb Code     0  lludiv.o(.text)
    _memset_w                                0x0800029f   Thumb Code    26  rt_memclr.o(.text)
    _memset                                  0x080002b9   Thumb Code    30  rt_memclr.o(.text)
    __aeabi_memclr                           0x080002d7   Thumb Code     4  rt_memclr.o(.text)
    __rt_memclr                              0x080002d7   Thumb Code     0  rt_memclr.o(.text)
    __aeabi_memclr4                          0x080002db   Thumb Code     0  rt_memclr.o(.text)
    __aeabi_memclr8                          0x080002db   Thumb Code     0  rt_memclr.o(.text)
    __rt_memclr_w                            0x080002db   Thumb Code     4  rt_memclr.o(.text)
    __aeabi_uidiv                            0x080002df   Thumb Code     0  aeabi_sdiv.o(.text)
    __aeabi_uidivmod                         0x080002df   Thumb Code    20  aeabi_sdiv.o(.text)
    __aeabi_idiv                             0x080002f3   Thumb Code     0  aeabi_sdiv.o(.text)
    __aeabi_idivmod                          0x080002f3   Thumb Code   326  aeabi_sdiv.o(.text)
    __use_two_region_memory                  0x08000439   Thumb Code     2  heapauxi.o(.text)
    __rt_heap_escrow$2region                 0x0800043b   Thumb Code     2  heapauxi.o(.text)
    __rt_heap_expand$2region                 0x0800043d   Thumb Code     2  heapauxi.o(.text)
    __aeabi_d2uiz                            0x08000441   Thumb Code     0  dfixui.o(.text)
    _dfixu                                   0x08000441   Thumb Code    68  dfixui.o(.text)
    __aeabi_i2d_normalise                    0x08000489   Thumb Code    66  dflti.o(.text)
    __aeabi_i2d                              0x080004cb   Thumb Code    16  dflti.o(.text)
    _dflt                                    0x080004cb   Thumb Code     0  dflti.o(.text)
    __aeabi_ui2d                             0x080004db   Thumb Code     6  dflti.o(.text)
    _dfltu                                   0x080004db   Thumb Code     0  dflti.o(.text)
    __aeabi_dmul                             0x080004e1   Thumb Code     0  dmul.o(.text)
    _dmul                                    0x080004e1   Thumb Code   558  dmul.o(.text)
    __user_setup_stackheap                   0x08000729   Thumb Code    62  sys_stackheap_outer.o(.text)
    exit                                     0x08000767   Thumb Code    12  exit.o(.text)
    __user_libspace                          0x08000775   Thumb Code     8  libspace.o(.text)
    __user_perproc_libspace                  0x08000775   Thumb Code     0  libspace.o(.text)
    __user_perthread_libspace                0x08000775   Thumb Code     0  libspace.o(.text)
    _sys_exit                                0x0800077d   Thumb Code     8  sys_exit.o(.text)
    __I$use$semihosting                      0x08000789   Thumb Code     0  use_no_semi.o(.text)
    __use_no_semihosting_swi                 0x08000789   Thumb Code     2  use_no_semi.o(.text)
    EXTI4_15_IRQHandler                      0x0800078b   Thumb Code    28  stm32l0xx_it.o(i.EXTI4_15_IRQHandler)
    __semihosting_library_function           0x0800078b   Thumb Code     0  indicate_semi.o(.text)
    Error_Handler                            0x080007a7   Thumb Code     6  main.o(i.Error_Handler)
    GetMSMode                                0x080007ad   Thumb Code    24  main.o(i.GetMSMode)
    GetTick                                  0x080007c5   Thumb Code     6  stm32l0xx_it.o(i.GetTick)
    HAL_GPIO_EXTI_Callback                   0x080007d1   Thumb Code    18  main.o(i.HAL_GPIO_EXTI_Callback)
    HAL_GPIO_EXTI_IRQHandler                 0x080007e9   Thumb Code    26  stm32l0xx_hal_gpio.o(i.HAL_GPIO_EXTI_IRQHandler)
    HAL_GPIO_Init                            0x08000809   Thumb Code   468  stm32l0xx_hal_gpio.o(i.HAL_GPIO_Init)
    HAL_GPIO_ReadPin                         0x080009f9   Thumb Code    18  stm32l0xx_hal_gpio.o(i.HAL_GPIO_ReadPin)
    HAL_GPIO_TogglePin                       0x08000a0b   Thumb Code    20  stm32l0xx_hal_gpio.o(i.HAL_GPIO_TogglePin)
    HAL_GPIO_WritePin                        0x08000a1f   Thumb Code    12  stm32l0xx_hal_gpio.o(i.HAL_GPIO_WritePin)
    HAL_GetTick                              0x08000a2d   Thumb Code     6  stm32l0xx_hal.o(i.HAL_GetTick)
    HAL_IncTick                              0x08000a39   Thumb Code    16  stm32l0xx_hal.o(i.HAL_IncTick)
    HAL_Init                                 0x08000a51   Thumb Code    38  stm32l0xx_hal.o(i.HAL_Init)
    HAL_InitTick                             0x08000a7d   Thumb Code   152  stm32l0xx_hal_timebase_tim.o(i.HAL_InitTick)
    HAL_MspInit                              0x08000b2d   Thumb Code    26  stm32l0xx_hal_msp.o(i.HAL_MspInit)
    HAL_NVIC_EnableIRQ                       0x08000b4d   Thumb Code    22  stm32l0xx_hal_cortex.o(i.HAL_NVIC_EnableIRQ)
    HAL_NVIC_SetPriority                     0x08000b69   Thumb Code    18  stm32l0xx_hal_cortex.o(i.HAL_NVIC_SetPriority)
    HAL_RCCEx_PeriphCLKConfig                0x08000b7d   Thumb Code   540  stm32l0xx_hal_rcc_ex.o(i.HAL_RCCEx_PeriphCLKConfig)
    HAL_RCC_ClockConfig                      0x08000da5   Thumb Code   540  stm32l0xx_hal_rcc.o(i.HAL_RCC_ClockConfig)
    HAL_RCC_GetClockConfig                   0x08000fd9   Thumb Code    60  stm32l0xx_hal_rcc.o(i.HAL_RCC_GetClockConfig)
    HAL_RCC_GetHCLKFreq                      0x0800101d   Thumb Code     6  stm32l0xx_hal_rcc.o(i.HAL_RCC_GetHCLKFreq)
    HAL_RCC_GetPCLK1Freq                     0x08001029   Thumb Code    26  stm32l0xx_hal_rcc.o(i.HAL_RCC_GetPCLK1Freq)
    HAL_RCC_GetPCLK2Freq                     0x0800104d   Thumb Code    26  stm32l0xx_hal_rcc.o(i.HAL_RCC_GetPCLK2Freq)
    HAL_RCC_GetSysClockFreq                  0x08001071   Thumb Code   220  stm32l0xx_hal_rcc.o(i.HAL_RCC_GetSysClockFreq)
    HAL_RCC_OscConfig                        0x08001161   Thumb Code  1566  stm32l0xx_hal_rcc.o(i.HAL_RCC_OscConfig)
    HAL_SPI_Init                             0x0800178d   Thumb Code   208  stm32l0xx_hal_spi.o(i.HAL_SPI_Init)
    HAL_SPI_MspInit                          0x0800185d   Thumb Code    96  stm32l0xx_hal_msp.o(i.HAL_SPI_MspInit)
    HAL_SPI_TransmitReceive                  0x080018c5   Thumb Code   590  stm32l0xx_hal_spi.o(i.HAL_SPI_TransmitReceive)
    HAL_TIMEx_MasterConfigSynchronization    0x08001b15   Thumb Code   120  stm32l0xx_hal_tim_ex.o(i.HAL_TIMEx_MasterConfigSynchronization)
    HAL_TIM_Base_Init                        0x08001b95   Thumb Code    80  stm32l0xx_hal_tim.o(i.HAL_TIM_Base_Init)
    HAL_TIM_Base_MspInit                     0x08001be5   Thumb Code    82  stm32l0xx_hal_msp.o(i.HAL_TIM_Base_MspInit)
    HAL_TIM_Base_Start_IT                    0x08001c41   Thumb Code   100  stm32l0xx_hal_tim.o(i.HAL_TIM_Base_Start_IT)
    HAL_TIM_Base_Stop_IT                     0x08001cad   Thumb Code    52  stm32l0xx_hal_tim.o(i.HAL_TIM_Base_Stop_IT)
    HAL_TIM_ConfigClockSource                0x08001ce5   Thumb Code   280  stm32l0xx_hal_tim.o(i.HAL_TIM_ConfigClockSource)
    HAL_TIM_IC_CaptureCallback               0x08001dfd   Thumb Code     2  stm32l0xx_hal_tim.o(i.HAL_TIM_IC_CaptureCallback)
    HAL_TIM_IRQHandler                       0x08001dff   Thumb Code   380  stm32l0xx_hal_tim.o(i.HAL_TIM_IRQHandler)
    HAL_TIM_OC_DelayElapsedCallback          0x08001f7b   Thumb Code     2  stm32l0xx_hal_tim.o(i.HAL_TIM_OC_DelayElapsedCallback)
    HAL_TIM_PWM_PulseFinishedCallback        0x08001f7d   Thumb Code     2  stm32l0xx_hal_tim.o(i.HAL_TIM_PWM_PulseFinishedCallback)
    HAL_TIM_PeriodElapsedCallback            0x08001f81   Thumb Code   122  main.o(i.HAL_TIM_PeriodElapsedCallback)
    HAL_TIM_TriggerCallback                  0x08002015   Thumb Code     2  stm32l0xx_hal_tim.o(i.HAL_TIM_TriggerCallback)
    HAL_UART_Init                            0x08002017   Thumb Code   126  stm32l0xx_hal_uart.o(i.HAL_UART_Init)
    HAL_UART_MspInit                         0x08002095   Thumb Code   182  stm32l0xx_hal_msp.o(i.HAL_UART_MspInit)
    HardFault_Handler                        0x08002159   Thumb Code     4  stm32l0xx_it.o(i.HardFault_Handler)
    Key_handle                               0x0800215d   Thumb Code    20  main.o(i.Key_handle)
    Key_timer_cb                             0x08002171   Thumb Code   102  main.o(i.Key_timer_cb)
    NMI_Handler                              0x08002529   Thumb Code     4  stm32l0xx_it.o(i.NMI_Handler)
    OnSlave                                  0x0800252d   Thumb Code    68  main.o(i.OnSlave)
    PendSV_Handler                           0x08002575   Thumb Code     2  stm32l0xx_it.o(i.PendSV_Handler)
    Read127xReg                              0x08002577   Thumb Code    20  sx127x_driver.o(i.Read127xReg)
    SVC_Handler                              0x080026e1   Thumb Code     2  stm32l0xx_it.o(i.SVC_Handler)
    SX1276HALInit                            0x080026e3   Thumb Code     2  sx127x_hal.o(i.SX1276HALInit)
    SX1276ReadDio0                           0x080026e5   Thumb Code    14  sx127x_hal.o(i.SX1276ReadDio0)
    SX1276ReadDio1                           0x080026f3   Thumb Code    14  sx127x_hal.o(i.SX1276ReadDio1)
    SX1276ReadDio3                           0x08002701   Thumb Code    12  sx127x_hal.o(i.SX1276ReadDio3)
    SX1276ReadDio4                           0x08002711   Thumb Code    12  sx127x_hal.o(i.SX1276ReadDio4)
    SX127X_ResetPinControl                   0x08002785   Thumb Code    20  sx127x_hal.o(i.SX127X_ResetPinControl)
    SX127xGetOpMode                          0x08002799   Thumb Code    14  sx127x_driver.o(i.SX127xGetOpMode)
    SX127xProcess                            0x080027a9   Thumb Code   558  sx127x_driver.o(i.SX127xProcess)
    SX127xReadFifo                           0x080029e5   Thumb Code    18  sx127x_driver.o(i.SX127xReadFifo)
    SX127xSetFrf                             0x080029f9   Thumb Code    70  sx127x_driver.o(i.SX127xSetFrf)
    SX127xSetLoRaMode                        0x08002a49   Thumb Code    48  sx127x_driver.o(i.SX127xSetLoRaMode)
    SX127xSetOpMode                          0x08002a79   Thumb Code    50  sx127x_driver.o(i.SX127xSetOpMode)
    SX127xWriteFifo                          0x08002b39   Thumb Code    18  sx127x_driver.o(i.SX127xWriteFifo)
    SendTrigPkg                              0x08002b4d   Thumb Code    66  main.o(i.SendTrigPkg)
    SetKeyLED                                0x08002ba1   Thumb Code    18  main.o(i.SetKeyLED)
    Soft_delay_ms                            0x08002bb9   Thumb Code    30  sx127x_hal.o(i.Soft_delay_ms)
    SpiInOut                                 0x08002bdd   Thumb Code    26  sx127x_hal.o(i.SpiInOut)
    SpiNSSEnable                             0x08002bfd   Thumb Code    18  sx127x_hal.o(i.SpiNSSEnable)
    Sx127xRestart                            0x08002c39   Thumb Code    34  sx127x_driver.o(i.Sx127xRestart)
    SysTick_Handler                          0x08002c91   Thumb Code     2  stm32l0xx_it.o(i.SysTick_Handler)
    SystemClock_Config                       0x08002c95   Thumb Code   148  main.o(i.SystemClock_Config)
    SystemInit                               0x08002d2d   Thumb Code     2  system_stm32l0xx.o(i.SystemInit)
    TIM21_IRQHandler                         0x08002d31   Thumb Code    20  stm32l0xx_it.o(i.TIM21_IRQHandler)
    TIM22_IRQHandler                         0x08002d4d   Thumb Code    10  stm32l0xx_it.o(i.TIM22_IRQHandler)
    TIM2_IRQHandler                          0x08002d5d   Thumb Code    10  stm32l0xx_it.o(i.TIM2_IRQHandler)
    UART_AdvFeatureConfig                    0x08002e71   Thumb Code   240  stm32l0xx_hal_uart.o(i.UART_AdvFeatureConfig)
    UART_CheckIdleState                      0x08002f61   Thumb Code   112  stm32l0xx_hal_uart.o(i.UART_CheckIdleState)
    UART_SetConfig                           0x08002fd5   Thumb Code   746  stm32l0xx_hal_uart.o(i.UART_SetConfig)
    UART_WaitOnFlagUntilTimeout              0x080032e5   Thumb Code   282  stm32l0xx_hal_uart.o(i.UART_WaitOnFlagUntilTimeout)
    Write127xReg                             0x080033ff   Thumb Code    16  sx127x_driver.o(i.Write127xReg)
    __ARM_common_ll_muluu                    0x0800340f   Thumb Code    48  stm32l0xx_hal_rcc.o(i.__ARM_common_ll_muluu)
    __ARM_common_switch8                     0x0800343f   Thumb Code    28  stm32l0xx_hal_dma.o(i.__ARM_common_switch8)
    delayMsBySystick                         0x080034e1   Thumb Code    42  main.o(i.delayMsBySystick)
    delay_us                                 0x0800350b   Thumb Code    30  main.o(i.delay_us)
    main                                     0x08003529   Thumb Code    76  main.o(i.main)
    sx127xInit                               0x0800357d   Thumb Code   254  sx127x_driver.o(i.sx127xInit)
    sx127xRx                                 0x0800368d   Thumb Code   196  sx127x_driver.o(i.sx127xRx)
    sx127xSend                               0x08003751   Thumb Code   152  sx127x_driver.o(i.sx127xSend)
    toggle_led                               0x080037e9   Thumb Code    14  main.o(i.toggle_led)
    tri_mmwave                               0x080037fd   Thumb Code    60  main.o(i.tri_mmwave)
    __I$use$fp                               0x08003840   Number         0  usenofp.o(x$fpl$usenofp)
    AHBPrescTable                            0x0800384c   Data          16  system_stm32l0xx.o(.constdata)
    APBPrescTable                            0x0800385c   Data           8  system_stm32l0xx.o(.constdata)
    PLLMulTable                              0x08003864   Data           9  system_stm32l0xx.o(.constdata)
    Region$$Table$$Base                      0x08003870   Number         0  anon$$obj.o(Region$$Table)
    Region$$Table$$Limit                     0x08003890   Number         0  anon$$obj.o(Region$$Table)
    pulse_cnt                                0x20000000   Data           1  main.o(.data)
    pulse_max                                0x20000001   Data           1  main.o(.data)
    Radio                                    0x20000004   Data           4  main.o(.data)
    flag                                     0x20000008   Data           1  main.o(.data)
    Prescal_list                             0x2000000a   Data          10  main.o(.data)
    MasterDelayMs                            0x20000014   Data           4  main.o(.data)
    MasterDelayUs                            0x20000018   Data           4  main.o(.data)
    g_u32SystickCount                        0x20000028   Data           4  stm32l0xx_it.o(.data)
    uwTick                                   0x2000002c   Data           4  stm32l0xx_hal.o(.data)
    uwTickPrio                               0x20000030   Data           4  stm32l0xx_hal.o(.data)
    uwTickFreq                               0x20000034   Data           1  stm32l0xx_hal.o(.data)
    SystemCoreClock                          0x20000038   Data           4  system_stm32l0xx.o(.data)
    g_Radio                                  0x2000003c   Data          28  sx127x_driver.o(.data)
    hspi1                                    0x20000088   Data          88  main.o(.bss)
    htim2                                    0x200000e0   Data          64  main.o(.bss)
    htim22                                   0x20000120   Data          64  main.o(.bss)
    huart1                                   0x20000160   Data         132  main.o(.bss)
    huart2                                   0x200001e4   Data         132  main.o(.bss)
    txBuf1                                   0x20000268   Data          20  main.o(.bss)
    rxBuf                                    0x2000027c   Data         128  main.o(.bss)
    htim21                                   0x200002fc   Data          64  stm32l0xx_hal_timebase_tim.o(.bss)
    __libspace_start                         0x2000033c   Data          96  libspace.o(.bss)
    __temporary_stack_top$libspace           0x2000039c   Data           0  libspace.o(.bss)



==============================================================================

Memory Map of the image

  Image Entry point : 0x080000c1

  Load Region LR_IROM1 (Base: 0x08000000, Size: 0x00003918, Max: 0x00010000, ABSOLUTE)

    Execution Region ER_IROM1 (Base: 0x08000000, Size: 0x00003890, Max: 0x00010000, ABSOLUTE)

    Base Addr    Size         Type   Attr      Idx    E Section Name        Object

    0x08000000   0x000000c0   Data   RO            3    RESET               startup_stm32l051xx.o
    0x080000c0   0x00000008   Code   RO         3962  * !!!main             c_p.l(__main.o)
    0x080000c8   0x0000003c   Code   RO         4141    !!!scatter          c_p.l(__scatter.o)
    0x08000104   0x0000001a   Code   RO         4143    !!handler_copy      c_p.l(__scatter_copy.o)
    0x0800011e   0x00000002   PAD
    0x08000120   0x0000001c   Code   RO         4145    !!handler_zi        c_p.l(__scatter_zi.o)
    0x0800013c   0x00000002   Code   RO         4011    .ARM.Collect$$libinit$$00000000  c_p.l(libinit.o)
    0x0800013e   0x00000000   Code   RO         4025    .ARM.Collect$$libinit$$00000002  c_p.l(libinit2.o)
    0x0800013e   0x00000000   Code   RO         4027    .ARM.Collect$$libinit$$00000004  c_p.l(libinit2.o)
    0x0800013e   0x00000000   Code   RO         4030    .ARM.Collect$$libinit$$0000000A  c_p.l(libinit2.o)
    0x0800013e   0x00000000   Code   RO         4032    .ARM.Collect$$libinit$$0000000C  c_p.l(libinit2.o)
    0x0800013e   0x00000000   Code   RO         4034    .ARM.Collect$$libinit$$0000000E  c_p.l(libinit2.o)
    0x0800013e   0x00000000   Code   RO         4037    .ARM.Collect$$libinit$$00000011  c_p.l(libinit2.o)
    0x0800013e   0x00000000   Code   RO         4039    .ARM.Collect$$libinit$$00000013  c_p.l(libinit2.o)
    0x0800013e   0x00000000   Code   RO         4041    .ARM.Collect$$libinit$$00000015  c_p.l(libinit2.o)
    0x0800013e   0x00000000   Code   RO         4043    .ARM.Collect$$libinit$$00000017  c_p.l(libinit2.o)
    0x0800013e   0x00000000   Code   RO         4045    .ARM.Collect$$libinit$$00000019  c_p.l(libinit2.o)
    0x0800013e   0x00000000   Code   RO         4047    .ARM.Collect$$libinit$$0000001B  c_p.l(libinit2.o)
    0x0800013e   0x00000000   Code   RO         4049    .ARM.Collect$$libinit$$0000001D  c_p.l(libinit2.o)
    0x0800013e   0x00000000   Code   RO         4051    .ARM.Collect$$libinit$$0000001F  c_p.l(libinit2.o)
    0x0800013e   0x00000000   Code   RO         4053    .ARM.Collect$$libinit$$00000021  c_p.l(libinit2.o)
    0x0800013e   0x00000000   Code   RO         4055    .ARM.Collect$$libinit$$00000023  c_p.l(libinit2.o)
    0x0800013e   0x00000000   Code   RO         4057    .ARM.Collect$$libinit$$00000025  c_p.l(libinit2.o)
    0x0800013e   0x00000000   Code   RO         4061    .ARM.Collect$$libinit$$0000002C  c_p.l(libinit2.o)
    0x0800013e   0x00000000   Code   RO         4063    .ARM.Collect$$libinit$$0000002E  c_p.l(libinit2.o)
    0x0800013e   0x00000000   Code   RO         4065    .ARM.Collect$$libinit$$00000030  c_p.l(libinit2.o)
    0x0800013e   0x00000000   Code   RO         4067    .ARM.Collect$$libinit$$00000032  c_p.l(libinit2.o)
    0x0800013e   0x00000002   Code   RO         4068    .ARM.Collect$$libinit$$00000033  c_p.l(libinit2.o)
    0x08000140   0x00000002   Code   RO         4099    .ARM.Collect$$libshutdown$$00000000  c_p.l(libshutdown.o)
    0x08000142   0x00000000   Code   RO         4126    .ARM.Collect$$libshutdown$$00000003  c_p.l(libshutdown2.o)
    0x08000142   0x00000000   Code   RO         4129    .ARM.Collect$$libshutdown$$00000006  c_p.l(libshutdown2.o)
    0x08000142   0x00000000   Code   RO         4132    .ARM.Collect$$libshutdown$$00000009  c_p.l(libshutdown2.o)
    0x08000142   0x00000000   Code   RO         4134    .ARM.Collect$$libshutdown$$0000000B  c_p.l(libshutdown2.o)
    0x08000142   0x00000000   Code   RO         4137    .ARM.Collect$$libshutdown$$0000000E  c_p.l(libshutdown2.o)
    0x08000142   0x00000002   Code   RO         4138    .ARM.Collect$$libshutdown$$0000000F  c_p.l(libshutdown2.o)
    0x08000144   0x00000000   Code   RO         3970    .ARM.Collect$$rtentry$$00000000  c_p.l(__rtentry.o)
    0x08000144   0x00000000   Code   RO         3981    .ARM.Collect$$rtentry$$00000002  c_p.l(__rtentry2.o)
    0x08000144   0x00000006   Code   RO         3993    .ARM.Collect$$rtentry$$00000004  c_p.l(__rtentry4.o)
    0x0800014a   0x00000000   Code   RO         3983    .ARM.Collect$$rtentry$$00000009  c_p.l(__rtentry2.o)
    0x0800014a   0x00000004   Code   RO         3984    .ARM.Collect$$rtentry$$0000000A  c_p.l(__rtentry2.o)
    0x0800014e   0x00000000   Code   RO         3986    .ARM.Collect$$rtentry$$0000000C  c_p.l(__rtentry2.o)
    0x0800014e   0x00000008   Code   RO         3987    .ARM.Collect$$rtentry$$0000000D  c_p.l(__rtentry2.o)
    0x08000156   0x00000002   Code   RO         4016    .ARM.Collect$$rtexit$$00000000  c_p.l(rtexit.o)
    0x08000158   0x00000000   Code   RO         4072    .ARM.Collect$$rtexit$$00000002  c_p.l(rtexit2.o)
    0x08000158   0x00000004   Code   RO         4073    .ARM.Collect$$rtexit$$00000003  c_p.l(rtexit2.o)
    0x0800015c   0x00000006   Code   RO         4074    .ARM.Collect$$rtexit$$00000004  c_p.l(rtexit2.o)
    0x08000162   0x00000002   PAD
    0x08000164   0x00000038   Code   RO            4    .text               startup_stm32l051xx.o
    0x0800019c   0x00000102   Code   RO         3950    .text               c_p.l(lludiv.o)
    0x0800029e   0x00000040   Code   RO         3954    .text               c_p.l(rt_memclr.o)
    0x080002de   0x0000015a   Code   RO         3956    .text               c_p.l(aeabi_sdiv.o)
    0x08000438   0x00000006   Code   RO         3960    .text               c_p.l(heapauxi.o)
    0x0800043e   0x00000002   PAD
    0x08000440   0x00000048   Code   RO         3964    .text               fz_ps.l(dfixui.o)
    0x08000488   0x00000058   Code   RO         3966    .text               fz_ps.l(dflti.o)
    0x080004e0   0x00000248   Code   RO         3968    .text               fz_ps.l(dmul.o)
    0x08000728   0x0000003e   Code   RO         3997    .text               c_p.l(sys_stackheap_outer.o)
    0x08000766   0x0000000c   Code   RO         4000    .text               c_p.l(exit.o)
    0x08000772   0x00000002   PAD
    0x08000774   0x00000008   Code   RO         4012    .text               c_p.l(libspace.o)
    0x0800077c   0x0000000c   Code   RO         4069    .text               c_p.l(sys_exit.o)
    0x08000788   0x00000002   Code   RO         4088    .text               c_p.l(use_no_semi.o)
    0x0800078a   0x00000000   Code   RO         4090    .text               c_p.l(indicate_semi.o)
    0x0800078a   0x0000001c   Code   RO          315    i.EXTI4_15_IRQHandler  stm32l0xx_it.o
    0x080007a6   0x00000006   Code   RO           31    i.Error_Handler     main.o
    0x080007ac   0x00000018   Code   RO           32    i.GetMSMode         main.o
    0x080007c4   0x0000000c   Code   RO          316    i.GetTick           stm32l0xx_it.o
    0x080007d0   0x00000018   Code   RO           33    i.HAL_GPIO_EXTI_Callback  main.o
    0x080007e8   0x00000020   Code   RO         1975    i.HAL_GPIO_EXTI_IRQHandler  stm32l0xx_hal_gpio.o
    0x08000808   0x000001f0   Code   RO         1976    i.HAL_GPIO_Init     stm32l0xx_hal_gpio.o
    0x080009f8   0x00000012   Code   RO         1978    i.HAL_GPIO_ReadPin  stm32l0xx_hal_gpio.o
    0x08000a0a   0x00000014   Code   RO         1979    i.HAL_GPIO_TogglePin  stm32l0xx_hal_gpio.o
    0x08000a1e   0x0000000c   Code   RO         1980    i.HAL_GPIO_WritePin  stm32l0xx_hal_gpio.o
    0x08000a2a   0x00000002   PAD
    0x08000a2c   0x0000000c   Code   RO          815    i.HAL_GetTick       stm32l0xx_hal.o
    0x08000a38   0x00000018   Code   RO          821    i.HAL_IncTick       stm32l0xx_hal.o
    0x08000a50   0x0000002c   Code   RO          822    i.HAL_Init          stm32l0xx_hal.o
    0x08000a7c   0x000000b0   Code   RO          449    i.HAL_InitTick      stm32l0xx_hal_timebase_tim.o
    0x08000b2c   0x00000020   Code   RO          393    i.HAL_MspInit       stm32l0xx_hal_msp.o
    0x08000b4c   0x0000001c   Code   RO         2305    i.HAL_NVIC_EnableIRQ  stm32l0xx_hal_cortex.o
    0x08000b68   0x00000012   Code   RO         2309    i.HAL_NVIC_SetPriority  stm32l0xx_hal_cortex.o
    0x08000b7a   0x00000002   PAD
    0x08000b7c   0x00000228   Code   RO         1617    i.HAL_RCCEx_PeriphCLKConfig  stm32l0xx_hal_rcc_ex.o
    0x08000da4   0x00000234   Code   RO         1517    i.HAL_RCC_ClockConfig  stm32l0xx_hal_rcc.o
    0x08000fd8   0x00000044   Code   RO         1520    i.HAL_RCC_GetClockConfig  stm32l0xx_hal_rcc.o
    0x0800101c   0x0000000c   Code   RO         1521    i.HAL_RCC_GetHCLKFreq  stm32l0xx_hal_rcc.o
    0x08001028   0x00000024   Code   RO         1523    i.HAL_RCC_GetPCLK1Freq  stm32l0xx_hal_rcc.o
    0x0800104c   0x00000024   Code   RO         1524    i.HAL_RCC_GetPCLK2Freq  stm32l0xx_hal_rcc.o
    0x08001070   0x000000f0   Code   RO         1525    i.HAL_RCC_GetSysClockFreq  stm32l0xx_hal_rcc.o
    0x08001160   0x0000062c   Code   RO         1528    i.HAL_RCC_OscConfig  stm32l0xx_hal_rcc.o
    0x0800178c   0x000000d0   Code   RO          495    i.HAL_SPI_Init      stm32l0xx_hal_spi.o
    0x0800185c   0x00000068   Code   RO          395    i.HAL_SPI_MspInit   stm32l0xx_hal_msp.o
    0x080018c4   0x0000024e   Code   RO          504    i.HAL_SPI_TransmitReceive  stm32l0xx_hal_spi.o
    0x08001b12   0x00000002   PAD
    0x08001b14   0x00000080   Code   RO         3187    i.HAL_TIMEx_MasterConfigSynchronization  stm32l0xx_hal_tim_ex.o
    0x08001b94   0x00000050   Code   RO         2482    i.HAL_TIM_Base_Init  stm32l0xx_hal_tim.o
    0x08001be4   0x0000005c   Code   RO          397    i.HAL_TIM_Base_MspInit  stm32l0xx_hal_msp.o
    0x08001c40   0x0000006c   Code   RO         2487    i.HAL_TIM_Base_Start_IT  stm32l0xx_hal_tim.o
    0x08001cac   0x00000038   Code   RO         2490    i.HAL_TIM_Base_Stop_IT  stm32l0xx_hal_tim.o
    0x08001ce4   0x00000118   Code   RO         2491    i.HAL_TIM_ConfigClockSource  stm32l0xx_hal_tim.o
    0x08001dfc   0x00000002   Code   RO         2516    i.HAL_TIM_IC_CaptureCallback  stm32l0xx_hal_tim.o
    0x08001dfe   0x0000017c   Code   RO         2530    i.HAL_TIM_IRQHandler  stm32l0xx_hal_tim.o
    0x08001f7a   0x00000002   Code   RO         2533    i.HAL_TIM_OC_DelayElapsedCallback  stm32l0xx_hal_tim.o
    0x08001f7c   0x00000002   Code   RO         2560    i.HAL_TIM_PWM_PulseFinishedCallback  stm32l0xx_hal_tim.o
    0x08001f7e   0x00000002   PAD
    0x08001f80   0x00000094   Code   RO           34    i.HAL_TIM_PeriodElapsedCallback  main.o
    0x08002014   0x00000002   Code   RO         2573    i.HAL_TIM_TriggerCallback  stm32l0xx_hal_tim.o
    0x08002016   0x0000007e   Code   RO         3242    i.HAL_UART_Init     stm32l0xx_hal_uart.o
    0x08002094   0x000000c4   Code   RO          399    i.HAL_UART_MspInit  stm32l0xx_hal_msp.o
    0x08002158   0x00000004   Code   RO          317    i.HardFault_Handler  stm32l0xx_it.o
    0x0800215c   0x00000014   Code   RO           35    i.Key_handle        main.o
    0x08002170   0x00000070   Code   RO           36    i.Key_timer_cb      main.o
    0x080021e0   0x00000194   Code   RO           37    i.MX_GPIO_Init      main.o
    0x08002374   0x00000044   Code   RO           38    i.MX_SPI1_Init      main.o
    0x080023b8   0x00000074   Code   RO           39    i.MX_TIM22_Init     main.o
    0x0800242c   0x00000074   Code   RO           40    i.MX_TIM2_Init      main.o
    0x080024a0   0x00000044   Code   RO           41    i.MX_USART1_UART_Init  main.o
    0x080024e4   0x00000044   Code   RO           42    i.MX_USART2_UART_Init  main.o
    0x08002528   0x00000004   Code   RO          318    i.NMI_Handler       stm32l0xx_it.o
    0x0800252c   0x00000048   Code   RO           46    i.OnSlave           main.o
    0x08002574   0x00000002   Code   RO          319    i.PendSV_Handler    stm32l0xx_it.o
    0x08002576   0x00000014   Code   RO         3816    i.Read127xReg       sx127x_driver.o
    0x0800258a   0x00000002   PAD
    0x0800258c   0x00000078   Code   RO          533    i.SPI_EndRxTxTransaction  stm32l0xx_hal_spi.o
    0x08002604   0x000000dc   Code   RO          538    i.SPI_WaitFlagStateUntilTimeout  stm32l0xx_hal_spi.o
    0x080026e0   0x00000002   Code   RO          320    i.SVC_Handler       stm32l0xx_it.o
    0x080026e2   0x00000002   Code   RO         3744    i.SX1276HALInit     sx127x_hal.o
    0x080026e4   0x0000000e   Code   RO         3745    i.SX1276ReadDio0    sx127x_hal.o
    0x080026f2   0x0000000e   Code   RO         3746    i.SX1276ReadDio1    sx127x_hal.o
    0x08002700   0x00000010   Code   RO         3747    i.SX1276ReadDio3    sx127x_hal.o
    0x08002710   0x00000010   Code   RO         3748    i.SX1276ReadDio4    sx127x_hal.o
    0x08002720   0x00000032   Code   RO         3817    i.SX1278ReadBuffer  sx127x_driver.o
    0x08002752   0x00000032   Code   RO         3818    i.SX1278WriteBuffer  sx127x_driver.o
    0x08002784   0x00000014   Code   RO         3749    i.SX127X_ResetPinControl  sx127x_hal.o
    0x08002798   0x0000000e   Code   RO         3819    i.SX127xGetOpMode   sx127x_driver.o
    0x080027a6   0x00000002   PAD
    0x080027a8   0x0000023c   Code   RO         3820    i.SX127xProcess     sx127x_driver.o
    0x080029e4   0x00000012   Code   RO         3821    i.SX127xReadFifo    sx127x_driver.o
    0x080029f6   0x00000002   PAD
    0x080029f8   0x00000050   Code   RO         3822    i.SX127xSetFrf      sx127x_driver.o
    0x08002a48   0x00000030   Code   RO         3823    i.SX127xSetLoRaMode  sx127x_driver.o
    0x08002a78   0x00000032   Code   RO         3824    i.SX127xSetOpMode   sx127x_driver.o
    0x08002aaa   0x00000002   PAD
    0x08002aac   0x0000008c   Code   RO         3825    i.SX127xSetTxPacket  sx127x_driver.o
    0x08002b38   0x00000012   Code   RO         3826    i.SX127xWriteFifo   sx127x_driver.o
    0x08002b4a   0x00000002   PAD
    0x08002b4c   0x00000054   Code   RO           47    i.SendTrigPkg       main.o
    0x08002ba0   0x00000018   Code   RO           48    i.SetKeyLED         main.o
    0x08002bb8   0x00000024   Code   RO         3750    i.Soft_delay_ms     sx127x_hal.o
    0x08002bdc   0x00000020   Code   RO         3751    i.SpiInOut          sx127x_hal.o
    0x08002bfc   0x00000018   Code   RO         3752    i.SpiNSSEnable      sx127x_hal.o
    0x08002c14   0x00000024   Code   RO         3827    i.Sx127xReadRxPackage  sx127x_driver.o
    0x08002c38   0x00000028   Code   RO         3828    i.Sx127xRestart     sx127x_driver.o
    0x08002c60   0x0000000c   Code   RO         3829    i.Sx127xStartCADCheck  sx127x_driver.o
    0x08002c6c   0x00000024   Code   RO         3830    i.Sx127xStartRx     sx127x_driver.o
    0x08002c90   0x00000002   Code   RO          321    i.SysTick_Handler   stm32l0xx_it.o
    0x08002c92   0x00000002   PAD
    0x08002c94   0x00000098   Code   RO           49    i.SystemClock_Config  main.o
    0x08002d2c   0x00000002   Code   RO         3712    i.SystemInit        system_stm32l0xx.o
    0x08002d2e   0x00000002   PAD
    0x08002d30   0x0000001c   Code   RO          322    i.TIM21_IRQHandler  stm32l0xx_it.o
    0x08002d4c   0x00000010   Code   RO          323    i.TIM22_IRQHandler  stm32l0xx_it.o
    0x08002d5c   0x00000010   Code   RO          324    i.TIM2_IRQHandler   stm32l0xx_it.o
    0x08002d6c   0x0000006c   Code   RO         2575    i.TIM_Base_SetConfig  stm32l0xx_hal_tim.o
    0x08002dd8   0x0000001c   Code   RO         2586    i.TIM_ETR_SetConfig  stm32l0xx_hal_tim.o
    0x08002df4   0x00000018   Code   RO         2587    i.TIM_ITRx_SetConfig  stm32l0xx_hal_tim.o
    0x08002e0c   0x00000032   Code   RO         2593    i.TIM_TI1_ConfigInputStage  stm32l0xx_hal_tim.o
    0x08002e3e   0x00000032   Code   RO         2595    i.TIM_TI2_ConfigInputStage  stm32l0xx_hal_tim.o
    0x08002e70   0x000000f0   Code   RO         3256    i.UART_AdvFeatureConfig  stm32l0xx_hal_uart.o
    0x08002f60   0x00000074   Code   RO         3257    i.UART_CheckIdleState  stm32l0xx_hal_uart.o
    0x08002fd4   0x00000310   Code   RO         3273    i.UART_SetConfig    stm32l0xx_hal_uart.o
    0x080032e4   0x0000011a   Code   RO         3278    i.UART_WaitOnFlagUntilTimeout  stm32l0xx_hal_uart.o
    0x080033fe   0x00000010   Code   RO         3831    i.Write127xReg      sx127x_driver.o
    0x0800340e   0x00000030   Code   RO         1603    i.__ARM_common_ll_muluu  stm32l0xx_hal_rcc.o
    0x0800343e   0x0000001c   Code   RO         2121    i.__ARM_common_switch8  stm32l0xx_hal_dma.o
    0x0800345a   0x00000002   PAD
    0x0800345c   0x00000078   Code   RO         2315    i.__NVIC_SetPriority  stm32l0xx_hal_cortex.o
    0x080034d4   0x00000006   Code   RO         3279    i.__get_PRIMASK     stm32l0xx_hal_uart.o
    0x080034da   0x00000006   Code   RO         3280    i.__set_PRIMASK     stm32l0xx_hal_uart.o
    0x080034e0   0x0000002a   Code   RO           50    i.delayMsBySystick  main.o
    0x0800350a   0x0000001e   Code   RO           52    i.delay_us          main.o
    0x08003528   0x00000054   Code   RO           53    i.main              main.o
    0x0800357c   0x00000110   Code   RO         3832    i.sx127xInit        sx127x_driver.o
    0x0800368c   0x000000c4   Code   RO         3833    i.sx127xRx          sx127x_driver.o
    0x08003750   0x00000098   Code   RO         3834    i.sx127xSend        sx127x_driver.o
    0x080037e8   0x00000014   Code   RO           54    i.toggle_led        main.o
    0x080037fc   0x00000044   Code   RO           55    i.tri_mmwave        main.o
    0x08003840   0x00000000   Code   RO         3979    x$fpl$usenofp       fz_ps.l(usenofp.o)
    0x08003840   0x0000000c   Data   RO           57    .constdata          main.o
    0x0800384c   0x00000021   Data   RO         3713    .constdata          system_stm32l0xx.o
    0x0800386d   0x00000003   PAD
    0x08003870   0x00000020   Data   RO         4139    Region$$Table       anon$$obj.o


    Execution Region RW_IRAM1 (Base: 0x20000000, Size: 0x000009a0, Max: 0x00002000, ABSOLUTE)

    Base Addr    Size         Type   Attr      Idx    E Section Name        Object

    0x20000000   0x00000028   Data   RW           58    .data               main.o
    0x20000028   0x00000004   Data   RW          325    .data               stm32l0xx_it.o
    0x2000002c   0x00000009   Data   RW          833    .data               stm32l0xx_hal.o
    0x20000035   0x00000003   PAD
    0x20000038   0x00000004   Data   RW         3714    .data               system_stm32l0xx.o
    0x2000003c   0x0000004c   Data   RW         3835    .data               sx127x_driver.o
    0x20000088   0x00000274   Zero   RW           56    .bss                main.o
    0x200002fc   0x00000040   Zero   RW          452    .bss                stm32l0xx_hal_timebase_tim.o
    0x2000033c   0x00000060   Zero   RW         4013    .bss                c_p.l(libspace.o)
    0x2000039c   0x00000004   PAD
    0x200003a0   0x00000200   Zero   RW            2    HEAP                startup_stm32l051xx.o
    0x200005a0   0x00000400   Zero   RW            1    STACK               startup_stm32l051xx.o


==============================================================================

Image component sizes


      Code (inc. data)   RO Data    RW Data    ZI Data      Debug   Object Name

         0          0          0          0          0       4528   ioe.o
      1750        162         12         40        628     331254   main.o
        56         26        192          0       1536        684   startup_stm32l051xx.o
        80         20          0          9          0       7622   stm32l0xx_hal.o
       166         16          0          0          0      11548   stm32l0xx_hal_cortex.o
        28          0          0          0          0         76   stm32l0xx_hal_dma.o
         0          0          0          0          0       2508   stm32l0xx_hal_flash.o
       578         34          0          0          0       4035   stm32l0xx_hal_gpio.o
       424         38          0          0          0       2890   stm32l0xx_hal_msp.o
      2584        112          0          0          0       7137   stm32l0xx_hal_rcc.o
       552         12          0          0          0       1528   stm32l0xx_hal_rcc_ex.o
      1138         16          0          0          0       4653   stm32l0xx_hal_spi.o
      1172         22          0          0          0      10129   stm32l0xx_hal_tim.o
       128          8          0          0          0       1328   stm32l0xx_hal_tim_ex.o
       176         24          0          0         64       1136   stm32l0xx_hal_timebase_tim.o
      1560         66          0          0          0       6477   stm32l0xx_hal_uart.o
       114         26          0          4          0       5577   stm32l0xx_it.o
      1820         88          0         76          0      26858   sx127x_driver.o
       174         26          0          0          0       4707   sx127x_hal.o
         2          0         33          4          0       1303   system_stm32l0xx.o

    ----------------------------------------------------------------------
     12526        696        272        136       2228     435978   Object Totals
         0          0         32          0          0          0   (incl. Generated)
        24          0          3          3          0          0   (incl. Padding)

    ----------------------------------------------------------------------

      Code (inc. data)   RO Data    RW Data    ZI Data      Debug   Library Member Name

         8          0          0          0          0         68   __main.o
         0          0          0          0          0          0   __rtentry.o
        12          0          0          0          0          0   __rtentry2.o
         6          0          0          0          0          0   __rtentry4.o
        60          8          0          0          0          0   __scatter.o
        26          0          0          0          0          0   __scatter_copy.o
        28          0          0          0          0          0   __scatter_zi.o
       346          0          0          0          0         92   aeabi_sdiv.o
        12          0          0          0          0         64   exit.o
         6          0          0          0          0        136   heapauxi.o
         0          0          0          0          0          0   indicate_semi.o
         2          0          0          0          0          0   libinit.o
         2          0          0          0          0          0   libinit2.o
         2          0          0          0          0          0   libshutdown.o
         2          0          0          0          0          0   libshutdown2.o
         8          4          0          0         96         68   libspace.o
       258          0          0          0          0         88   lludiv.o
        64          0          0          0          0        108   rt_memclr.o
         2          0          0          0          0          0   rtexit.o
        10          0          0          0          0          0   rtexit2.o
        12          4          0          0          0         60   sys_exit.o
        62          0          0          0          0         80   sys_stackheap_outer.o
         2          0          0          0          0         68   use_no_semi.o
        72          4          0          0          0         68   dfixui.o
        88          0          0          0          0         92   dflti.o
       584         26          0          0          0         84   dmul.o
         0          0          0          0          0          0   usenofp.o

    ----------------------------------------------------------------------
      1682         46          0          0        100       1076   Library Totals
         8          0          0          0          4          0   (incl. Padding)

    ----------------------------------------------------------------------

      Code (inc. data)   RO Data    RW Data    ZI Data      Debug   Library Name

       930         16          0          0         96        832   c_p.l
       744         30          0          0          0        244   fz_ps.l

    ----------------------------------------------------------------------
      1682         46          0          0        100       1076   Library Totals

    ----------------------------------------------------------------------

==============================================================================


      Code (inc. data)   RO Data    RW Data    ZI Data      Debug   

     14208        742        272        136       2328     431938   Grand Totals
     14208        742        272        136       2328     431938   ELF Image Totals
     14208        742        272        136          0          0   ROM Totals

==============================================================================

    Total RO  Size (Code + RO Data)                14480 (  14.14kB)
    Total RW  Size (RW Data + ZI Data)              2464 (   2.41kB)
    Total ROM Size (Code + RO Data + RW Data)      14616 (  14.27kB)

==============================================================================

