Component: ARM Compiler 5.05 update 1 (build 106) Tool: armlink [4d0efa]

==============================================================================

Section Cross References

    startup_stm32l051xx.o(STACK) refers (Special) to heapauxi.o(.text) for __use_two_region_memory
    startup_stm32l051xx.o(HEAP) refers (Special) to heapauxi.o(.text) for __use_two_region_memory
    startup_stm32l051xx.o(RESET) refers (Special) to heapauxi.o(.text) for __use_two_region_memory
    startup_stm32l051xx.o(RESET) refers to startup_stm32l051xx.o(STACK) for __initial_sp
    startup_stm32l051xx.o(RESET) refers to startup_stm32l051xx.o(.text) for Reset_Handler
    startup_stm32l051xx.o(RESET) refers to stm32l0xx_it.o(i.NMI_Handler) for NMI_Handler
    startup_stm32l051xx.o(RESET) refers to stm32l0xx_it.o(i.HardFault_Handler) for HardFault_Handler
    startup_stm32l051xx.o(RESET) refers to stm32l0xx_it.o(i.SVC_Handler) for SVC_Handler
    startup_stm32l051xx.o(RESET) refers to stm32l0xx_it.o(i.PendSV_Handler) for PendSV_Handler
    startup_stm32l051xx.o(RESET) refers to stm32l0xx_it.o(i.SysTick_Handler) for SysTick_Handler
    startup_stm32l051xx.o(RESET) refers to stm32l0xx_it.o(i.EXTI4_15_IRQHandler) for EXTI4_15_IRQHandler
    startup_stm32l051xx.o(RESET) refers to stm32l0xx_it.o(i.TIM2_IRQHandler) for TIM2_IRQHandler
    startup_stm32l051xx.o(RESET) refers to stm32l0xx_it.o(i.TIM21_IRQHandler) for TIM21_IRQHandler
    startup_stm32l051xx.o(RESET) refers to stm32l0xx_it.o(i.TIM22_IRQHandler) for TIM22_IRQHandler
    startup_stm32l051xx.o(.text) refers (Special) to heapauxi.o(.text) for __use_two_region_memory
    startup_stm32l051xx.o(.text) refers to system_stm32l0xx.o(i.SystemInit) for SystemInit
    startup_stm32l051xx.o(.text) refers to __main.o(!!!main) for __main
    startup_stm32l051xx.o(.text) refers to startup_stm32l051xx.o(HEAP) for Heap_Mem
    startup_stm32l051xx.o(.text) refers to startup_stm32l051xx.o(STACK) for Stack_Mem
    main.o(i.HAL_GPIO_EXTI_Callback) refers to stm32l0xx_hal_tim.o(i.HAL_TIM_Base_Stop_IT) for HAL_TIM_Base_Stop_IT
    main.o(i.HAL_GPIO_EXTI_Callback) refers to stm32l0xx_hal_tim.o(i.HAL_TIM_Base_Start_IT) for HAL_TIM_Base_Start_IT
    main.o(i.HAL_GPIO_EXTI_Callback) refers to main.o(.bss) for htim2
    main.o(i.HAL_TIM_PeriodElapsedCallback) refers to stm32l0xx_hal.o(i.HAL_IncTick) for HAL_IncTick
    main.o(i.HAL_TIM_PeriodElapsedCallback) refers to stm32l0xx_hal_gpio.o(i.HAL_GPIO_WritePin) for HAL_GPIO_WritePin
    main.o(i.HAL_TIM_PeriodElapsedCallback) refers to stm32l0xx_hal_tim.o(i.HAL_TIM_Base_Stop_IT) for HAL_TIM_Base_Stop_IT
    main.o(i.HAL_TIM_PeriodElapsedCallback) refers to main.o(i.Key_timer_cb) for Key_timer_cb
    main.o(i.HAL_TIM_PeriodElapsedCallback) refers to main.o(.data) for pulse_cnt
    main.o(i.HAL_TIM_PeriodElapsedCallback) refers to main.o(.bss) for htim22
    main.o(i.Key_handle) refers to main.o(i.delay_0) for delay_0
    main.o(i.Key_handle) refers to stm32l0xx_hal_tim.o(i.HAL_TIM_Base_Start_IT) for HAL_TIM_Base_Start_IT
    main.o(i.Key_handle) refers to aeabi_sdiv.o(.text) for __aeabi_uidivmod
    main.o(i.Key_handle) refers to main.o(.data) for txBuf1
    main.o(i.Key_handle) refers to main.o(.bss) for htim22
    main.o(i.Key_timer_cb) refers to stm32l0xx_hal_tim.o(i.HAL_TIM_Base_Stop_IT) for HAL_TIM_Base_Stop_IT
    main.o(i.Key_timer_cb) refers to stm32l0xx_hal_gpio.o(i.HAL_GPIO_ReadPin) for HAL_GPIO_ReadPin
    main.o(i.Key_timer_cb) refers to stm32l0xx_hal_gpio.o(i.HAL_GPIO_WritePin) for HAL_GPIO_WritePin
    main.o(i.Key_timer_cb) refers to stm32l0xx_hal_gpio.o(i.HAL_GPIO_TogglePin) for HAL_GPIO_TogglePin
    main.o(i.Key_timer_cb) refers to main.o(i.Key_handle) for Key_handle
    main.o(i.Key_timer_cb) refers to main.o(.bss) for htim2
    main.o(i.MX_GPIO_Init) refers to rt_memclr.o(.text) for __aeabi_memclr4
    main.o(i.MX_GPIO_Init) refers to stm32l0xx_hal_gpio.o(i.HAL_GPIO_WritePin) for HAL_GPIO_WritePin
    main.o(i.MX_GPIO_Init) refers to stm32l0xx_hal_gpio.o(i.HAL_GPIO_Init) for HAL_GPIO_Init
    main.o(i.MX_GPIO_Init) refers to stm32l0xx_hal_cortex.o(i.HAL_NVIC_SetPriority) for HAL_NVIC_SetPriority
    main.o(i.MX_GPIO_Init) refers to stm32l0xx_hal_cortex.o(i.HAL_NVIC_EnableIRQ) for HAL_NVIC_EnableIRQ
    main.o(i.MX_SPI1_Init) refers to stm32l0xx_hal_spi.o(i.HAL_SPI_Init) for HAL_SPI_Init
    main.o(i.MX_SPI1_Init) refers to main.o(i.Error_Handler) for Error_Handler
    main.o(i.MX_SPI1_Init) refers to main.o(.bss) for hspi1
    main.o(i.MX_TIM22_Init) refers to stm32l0xx_hal_tim.o(i.HAL_TIM_Base_Init) for HAL_TIM_Base_Init
    main.o(i.MX_TIM22_Init) refers to main.o(i.Error_Handler) for Error_Handler
    main.o(i.MX_TIM22_Init) refers to stm32l0xx_hal_tim.o(i.HAL_TIM_ConfigClockSource) for HAL_TIM_ConfigClockSource
    main.o(i.MX_TIM22_Init) refers to stm32l0xx_hal_tim_ex.o(i.HAL_TIMEx_MasterConfigSynchronization) for HAL_TIMEx_MasterConfigSynchronization
    main.o(i.MX_TIM22_Init) refers to main.o(.bss) for htim22
[...]
    .ARM.Collect$$libinit$$00000030          0x08000164   Section        0  libinit2.o(.ARM.Collect$$libinit$$00000030)
    .ARM.Collect$$libinit$$00000032          0x08000164   Section        0  libinit2.o(.ARM.Collect$$libinit$$00000032)
    .ARM.Collect$$libinit$$00000033          0x08000164   Section        2  libinit2.o(.ARM.Collect$$libinit$$00000033)
    .ARM.Collect$$libshutdown$$00000000      0x08000166   Section        2  libshutdown.o(.ARM.Collect$$libshutdown$$00000000)
    .ARM.Collect$$libshutdown$$00000002      0x08000168   Section        4  libshutdown2.o(.ARM.Collect$$libshutdown$$00000002)
    .ARM.Collect$$libshutdown$$00000003      0x0800016c   Section        0  libshutdown2.o(.ARM.Collect$$libshutdown$$00000003)
    .ARM.Collect$$libshutdown$$00000006      0x0800016c   Section        0  libshutdown2.o(.ARM.Collect$$libshutdown$$00000006)
    .ARM.Collect$$libshutdown$$00000009      0x0800016c   Section        0  libshutdown2.o(.ARM.Collect$$libshutdown$$00000009)
    .ARM.Collect$$libshutdown$$0000000B      0x0800016c   Section        0  libshutdown2.o(.ARM.Collect$$libshutdown$$0000000B)
    .ARM.Collect$$libshutdown$$0000000E      0x0800016c   Section        0  libshutdown2.o(.ARM.Collect$$libshutdown$$0000000E)
    .ARM.Collect$$libshutdown$$0000000F      0x0800016c   Section        2  libshutdown2.o(.ARM.Collect$$libshutdown$$0000000F)
    .ARM.Collect$$rtentry$$00000000          0x0800016e   Section        0  __rtentry.o(.ARM.Collect$$rtentry$$00000000)
    .ARM.Collect$$rtentry$$00000002          0x0800016e   Section        0  __rtentry2.o(.ARM.Collect$$rtentry$$00000002)
    .ARM.Collect$$rtentry$$00000004          0x0800016e   Section        6  __rtentry4.o(.ARM.Collect$$rtentry$$00000004)
    .ARM.Collect$$rtentry$$00000009          0x08000174   Section        0  __rtentry2.o(.ARM.Collect$$rtentry$$00000009)
    .ARM.Collect$$rtentry$$0000000A          0x08000174   Section        4  __rtentry2.o(.ARM.Collect$$rtentry$$0000000A)
    .ARM.Collect$$rtentry$$0000000C          0x08000178   Section        0  __rtentry2.o(.ARM.Collect$$rtentry$$0000000C)
    .ARM.Collect$$rtentry$$0000000D          0x08000178   Section        8  __rtentry2.o(.ARM.Collect$$rtentry$$0000000D)
    .ARM.Collect$$rtexit$$00000000           0x08000180   Section        2  rtexit.o(.ARM.Collect$$rtexit$$00000000)
    .ARM.Collect$$rtexit$$00000002           0x08000182   Section        0  rtexit2.o(.ARM.Collect$$rtexit$$00000002)
    .ARM.Collect$$rtexit$$00000003           0x08000182   Section        4  rtexit2.o(.ARM.Collect$$rtexit$$00000003)
    .ARM.Collect$$rtexit$$00000004           0x08000186   Section        6  rtexit2.o(.ARM.Collect$$rtexit$$00000004)
    .emb_text                                0x0800018c   Section        0  maybetermalloc1.o(.emb_text)
    .text                                    0x0800018c   Section       56  startup_stm32l051xx.o(.text)
    .text                                    0x080001c4   Section        0  lludiv.o(.text)
    .text                                    0x080002c8   Section        0  noretval__2printf.o(.text)
    .text                                    0x080002e4   Section        0  __printf.o(.text)
    .text                                    0x08000350   Section        0  _printf_str.o(.text)
    .text                                    0x080003a4   Section        0  _printf_dec.o(.text)
    .text                                    0x08000410   Section        0  strlen.o(.text)
    .text                                    0x08000454   Section        0  rt_memclr.o(.text)
    .text                                    0x08000494   Section      346  aeabi_sdiv.o(.text)
    .text                                    0x080005ee   Section        0  heapauxi.o(.text)
    .text                                    0x080005f4   Section        0  dfixui.o(.text)
    .text                                    0x0800063c   Section        0  dflti.o(.text)
    .text                                    0x08000694   Section        0  dmul.o(.text)
    .text                                    0x080008dc   Section        0  _printf_intcommon.o(.text)
    .text                                    0x0800098c   Section        0  _printf_char.o(.text)
    .text                                    0x080009bc   Section        0  _printf_char_file.o(.text)
    .text                                    0x080009e4   Section        0  rtudiv10.o(.text)
    .text                                    0x08000a0c   Section        0  _printf_char_common.o(.text)
    _printf_input_char                       0x08000a0d   Thumb Code    10  _printf_char_common.o(.text)
    .text                                    0x08000a3c   Section        0  ferror.o(.text)
    .text                                    0x08000a44   Section        0  initio.o(.text)
    .text                                    0x08000b80   Section        0  sys_io.o(.text)
    .text                                    0x08000be6   Section       62  sys_stackheap_outer.o(.text)
    .text                                    0x08000c24   Section        0  h1_free.o(.text)
    .text                                    0x08000c70   Section        0  flsbuf.o(.text)
    .text                                    0x08000e60   Section        0  setvbuf.o(.text)
    .text                                    0x08000eac   Section        0  fopen.o(.text)
    _freopen_locked                          0x08000ead   Thumb Code     0  fopen.o(.text)
    .text                                    0x08000f94   Section        0  fclose.o(.text)
    .text                                    0x08000fe0   Section        0  exit.o(.text)
    .text                                    0x08000fec   Section        0  defsig_rtred_outer.o(.text)
    .text                                    0x08000ff8   Section        8  libspace.o(.text)
    .text                                    0x08001000   Section        2  use_no_semi.o(.text)
    .text                                    0x08001002   Section        0  indicate_semi.o(.text)
    .text                                    0x08001004   Section        8  rt_heap_descriptor_intlibspace.o(.text)
    .text                                    0x0800100c   Section        0  hguard.o(.text)
    .text                                    0x08001010   Section        0  init_alloc.o(.text)
    .text                                    0x08001098   Section        0  h1_alloc.o(.text)
    .text                                    0x080010fc   Section        0  fseek.o(.text)
    .text                                    0x080011f0   Section        0  stdio.o(.text)
    .text                                    0x080012e0   Section        0  defsig_exit.o(.text)
    .text                                    0x080012ec   Section        0  defsig_rtred_inner.o(.text)
    .text                                    0x08001320   Section        0  sys_exit.o(.text)
    .text                                    0x0800132c   Section        0  h1_init.o(.text)
    .text                                    0x0800133a   Section        0  h1_extend.o(.text)
    .text                                    0x0800136e   Section        0  ftell.o(.text)
    .text                                    0x080013b0   Section        0  defsig_general.o(.text)
    .text                                    0x080013e4   Section        0  defsig_rtmem_outer.o(.text)
    .text                                    0x080013f0   Section        0  sys_wrch.o(.text)
    .text                                    0x080013fc   Section        8  rt_errno_addr_intlibspace.o(.text)
    .text                                    0x08001404   Section        0  defsig_rtmem_inner.o(.text)
    i.EXTI4_15_IRQHandler                    0x08001454   Section        0  stm32l0xx_it.o(i.EXTI4_15_IRQHandler)
    i.Error_Handler                          0x08001470   Section        0  main.o(i.Error_Handler)
    i.GetTick                                0x08001478   Section        0  stm32l0xx_it.o(i.GetTick)
    i.HAL_GPIO_EXTI_Callback                 0x08001484   Section        0  main.o(i.HAL_GPIO_EXTI_Callback)
    i.HAL_GPIO_EXTI_IRQHandler               0x0800149c   Section        0  stm32l0xx_hal_gpio.o(i.HAL_GPIO_EXTI_IRQHandler)
    i.HAL_GPIO_Init                          0x080014bc   Section        0  stm32l0xx_hal_gpio.o(i.HAL_GPIO_Init)
    i.HAL_GPIO_ReadPin                       0x080016ac   Section        0  stm32l0xx_hal_gpio.o(i.HAL_GPIO_ReadPin)
    i.HAL_GPIO_TogglePin                     0x080016be   Section        0  stm32l0xx_hal_gpio.o(i.HAL_GPIO_TogglePin)
    i.HAL_GPIO_WritePin                      0x080016d2   Section        0  stm32l0xx_hal_gpio.o(i.HAL_GPIO_WritePin)
    i.HAL_GetTick                            0x080016e0   Section        0  stm32l0xx_hal.o(i.HAL_GetTick)
    i.HAL_IncTick                            0x080016ec   Section        0  stm32l0xx_hal.o(i.HAL_IncTick)
    i.HAL_Init                               0x08001704   Section        0  stm32l0xx_hal.o(i.HAL_Init)
    i.HAL_InitTick                           0x08001730   Section        0  stm32l0xx_hal_timebase_tim.o(i.HAL_InitTick)
    i.HAL_MspInit                            0x080017e0   Section        0  stm32l0xx_hal_msp.o(i.HAL_MspInit)
    i.HAL_NVIC_EnableIRQ                     0x08001800   Section        0  stm32l0xx_hal_cortex.o(i.HAL_NVIC_EnableIRQ)
    i.HAL_NVIC_SetPriority                   0x0800181c   Section        0  stm32l0xx_hal_cortex.o(i.HAL_NVIC_SetPriority)
    i.HAL_RCCEx_PeriphCLKConfig              0x08001830   Section        0  stm32l0xx_hal_rcc_ex.o(i.HAL_RCCEx_PeriphCLKConfig)
    i.HAL_RCC_ClockConfig                    0x08001a58   Section        0  stm32l0xx_hal_rcc.o(i.HAL_RCC_ClockConfig)
    i.HAL_RCC_GetClockConfig                 0x08001c8c   Section        0  stm32l0xx_hal_rcc.o(i.HAL_RCC_GetClockConfig)
    i.HAL_RCC_GetHCLKFreq                    0x08001cd0   Section        0  stm32l0xx_hal_rcc.o(i.HAL_RCC_GetHCLKFreq)
    i.HAL_RCC_GetPCLK1Freq                   0x08001cdc   Section        0  stm32l0xx_hal_rcc.o(i.HAL_RCC_GetPCLK1Freq)
    i.HAL_RCC_GetPCLK2Freq                   0x08001d00   Section        0  stm32l0xx_hal_rcc.o(i.HAL_RCC_GetPCLK2Freq)
    i.HAL_RCC_GetSysClockFreq                0x08001d24   Section        0  stm32l0xx_hal_rcc.o(i.HAL_RCC_GetSysClockFreq)
    i.HAL_RCC_OscConfig                      0x08001e14   Section        0  stm32l0xx_hal_rcc.o(i.HAL_RCC_OscConfig)
    i.HAL_SPI_Init                           0x08002440   Section        0  stm32l0xx_hal_spi.o(i.HAL_SPI_Init)
    i.HAL_SPI_MspInit                        0x08002510   Section        0  stm32l0xx_hal_msp.o(i.HAL_SPI_MspInit)
    i.HAL_SPI_TransmitReceive                0x08002578   Section        0  stm32l0xx_hal_spi.o(i.HAL_SPI_TransmitReceive)
    i.HAL_TIMEx_MasterConfigSynchronization  0x080027c8   Section        0  stm32l0xx_hal_tim_ex.o(i.HAL_TIMEx_MasterConfigSynchronization)
    i.HAL_TIM_Base_Init                      0x08002848   Section        0  stm32l0xx_hal_tim.o(i.HAL_TIM_Base_Init)
    i.HAL_TIM_Base_MspInit                   0x08002898   Section        0  stm32l0xx_hal_msp.o(i.HAL_TIM_Base_MspInit)
    i.HAL_TIM_Base_Start_IT                  0x080028f4   Section        0  stm32l0xx_hal_tim.o(i.HAL_TIM_Base_Start_IT)
    i.HAL_TIM_Base_Stop_IT                   0x08002960   Section        0  stm32l0xx_hal_tim.o(i.HAL_TIM_Base_Stop_IT)
    i.HAL_TIM_ConfigClockSource              0x08002998   Section        0  stm32l0xx_hal_tim.o(i.HAL_TIM_ConfigClockSource)
    i.HAL_TIM_IC_CaptureCallback             0x08002ab0   Section        0  stm32l0xx_hal_tim.o(i.HAL_TIM_IC_CaptureCallback)
    i.HAL_TIM_IRQHandler                     0x08002ab2   Section        0  stm32l0xx_hal_tim.o(i.HAL_TIM_IRQHandler)
    i.HAL_TIM_OC_DelayElapsedCallback        0x08002c2e   Section        0  stm32l0xx_hal_tim.o(i.HAL_TIM_OC_DelayElapsedCallback)
    i.HAL_TIM_PWM_PulseFinishedCallback      0x08002c30   Section        0  stm32l0xx_hal_tim.o(i.HAL_TIM_PWM_PulseFinishedCallback)
    i.HAL_TIM_PeriodElapsedCallback          0x08002c34   Section        0  main.o(i.HAL_TIM_PeriodElapsedCallback)
    i.HAL_TIM_TriggerCallback                0x08002cc8   Section        0  stm32l0xx_hal_tim.o(i.HAL_TIM_TriggerCallback)
    i.HAL_UART_Init                          0x08002cca   Section        0  stm32l0xx_hal_uart.o(i.HAL_UART_Init)
    i.HAL_UART_MspInit                       0x08002d48   Section        0  stm32l0xx_hal_msp.o(i.HAL_UART_MspInit)
    i.HardFault_Handler                      0x08002e0c   Section        0  stm32l0xx_it.o(i.HardFault_Handler)
    i.Key_handle                             0x08002e10   Section        0  main.o(i.Key_handle)
    i.Key_timer_cb                           0x08002f00   Section        0  main.o(i.Key_timer_cb)
    i.MX_GPIO_Init                           0x08002f88   Section        0  main.o(i.MX_GPIO_Init)
    MX_GPIO_Init                             0x08002f89   Thumb Code   388  main.o(i.MX_GPIO_Init)
    i.MX_SPI1_Init                           0x0800311c   Section        0  main.o(i.MX_SPI1_Init)
    MX_SPI1_Init                             0x0800311d   Thumb Code    60  main.o(i.MX_SPI1_Init)
    i.MX_TIM22_Init                          0x08003160   Section        0  main.o(i.MX_TIM22_Init)
    MX_TIM22_Init                            0x08003161   Thumb Code   104  main.o(i.MX_TIM22_Init)
    i.MX_TIM2_Init                           0x080031d4   Section        0  main.o(i.MX_TIM2_Init)
    MX_TIM2_Init                             0x080031d5   Thumb Code   106  main.o(i.MX_TIM2_Init)
    i.MX_USART1_UART_Init                    0x08003248   Section        0  main.o(i.MX_USART1_UART_Init)
    MX_USART1_UART_Init                      0x08003249   Thumb Code    58  main.o(i.MX_USART1_UART_Init)
    i.MX_USART2_UART_Init                    0x0800328c   Section        0  main.o(i.MX_USART2_UART_Init)
    MX_USART2_UART_Init                      0x0800328d   Thumb Code    58  main.o(i.MX_USART2_UART_Init)
    i.NMI_Handler                            0x080032d0   Section        0  stm32l0xx_it.o(i.NMI_Handler)
    i.PendSV_Handler                         0x080032d4   Section        0  stm32l0xx_it.o(i.PendSV_Handler)
    i.Read127xReg                            0x080032d6   Section        0  sx127x_driver.o(i.Read127xReg)
    i.SPI_EndRxTxTransaction                 0x080032ec   Section        0  stm32l0xx_hal_spi.o(i.SPI_EndRxTxTransaction)
    SPI_EndRxTxTransaction                   0x080032ed   Thumb Code   110  stm32l0xx_hal_spi.o(i.SPI_EndRxTxTransaction)
    i.SPI_WaitFlagStateUntilTimeout          0x08003364   Section        0  stm32l0xx_hal_spi.o(i.SPI_WaitFlagStateUntilTimeout)
    SPI_WaitFlagStateUntilTimeout            0x08003365   Thumb Code   214  stm32l0xx_hal_spi.o(i.SPI_WaitFlagStateUntilTimeout)
    i.SVC_Handler                            0x08003440   Section        0  stm32l0xx_it.o(i.SVC_Handler)
    i.SX1276HALInit                          0x08003442   Section        0  sx127x_hal.o(i.SX1276HALInit)
    i.SX1276ReadDio0                         0x08003444   Section        0  sx127x_hal.o(i.SX1276ReadDio0)
    i.SX1276ReadDio1                         0x08003452   Section        0  sx127x_hal.o(i.SX1276ReadDio1)
    i.SX1276ReadDio3                         0x08003460   Section        0  sx127x_hal.o(i.SX1276ReadDio3)
    i.SX1276ReadDio4                         0x08003470   Section        0  sx127x_hal.o(i.SX1276ReadDio4)
    i.SX1278ReadBuffer                       0x08003480   Section        0  sx127x_driver.o(i.SX1278ReadBuffer)
    SX1278ReadBuffer                         0x08003481   Thumb Code    50  sx127x_driver.o(i.SX1278ReadBuffer)
    i.SX1278WriteBuffer                      0x080034b2   Section        0  sx127x_driver.o(i.SX1278WriteBuffer)
    SX1278WriteBuffer                        0x080034b3   Thumb Code    50  sx127x_driver.o(i.SX1278WriteBuffer)
    i.SX127X_ResetPinControl                 0x080034e4   Section        0  sx127x_hal.o(i.SX127X_ResetPinControl)
    i.SX127xGetOpMode                        0x080034f8   Section        0  sx127x_driver.o(i.SX127xGetOpMode)
    i.SX127xProcess                          0x08003508   Section        0  sx127x_driver.o(i.SX127xProcess)
    i.SX127xReadFifo                         0x08003744   Section        0  sx127x_driver.o(i.SX127xReadFifo)
    i.SX127xSetFrf                           0x08003758   Section        0  sx127x_driver.o(i.SX127xSetFrf)
    i.SX127xSetLoRaMode                      0x080037a8   Section        0  sx127x_driver.o(i.SX127xSetLoRaMode)
    i.SX127xSetOpMode                        0x080037d8   Section        0  sx127x_driver.o(i.SX127xSetOpMode)
    i.SX127xSetTxPacket                      0x0800380c   Section        0  sx127x_driver.o(i.SX127xSetTxPacket)
    SX127xSetTxPacket                        0x0800380d   Thumb Code   130  sx127x_driver.o(i.SX127xSetTxPacket)
    i.SX127xWriteFifo                        0x08003898   Section        0  sx127x_driver.o(i.SX127xWriteFifo)
    i.Soft_delay_ms                          0x080038ac   Section        0  sx127x_hal.o(i.Soft_delay_ms)
    i.SpiInOut                               0x080038d0   Section        0  sx127x_hal.o(i.SpiInOut)
    i.SpiNSSEnable                           0x080038f0   Section        0  sx127x_hal.o(i.SpiNSSEnable)
    i.Sx127xReadRxPackage                    0x08003908   Section        0  sx127x_driver.o(i.Sx127xReadRxPackage)
    Sx127xReadRxPackage                      0x08003909   Thumb Code    36  sx127x_driver.o(i.Sx127xReadRxPackage)
    i.Sx127xRestart                          0x0800392c   Section        0  sx127x_driver.o(i.Sx127xRestart)
    i.Sx127xStartCADCheck                    0x08003954   Section        0  sx127x_driver.o(i.Sx127xStartCADCheck)
    Sx127xStartCADCheck                      0x08003955   Thumb Code     8  sx127x_driver.o(i.Sx127xStartCADCheck)
    i.Sx127xStartRx                          0x08003960   Section        0  sx127x_driver.o(i.Sx127xStartRx)
    Sx127xStartRx                            0x08003961   Thumb Code    26  sx127x_driver.o(i.Sx127xStartRx)
    i.SysTick_Handler                        0x08003984   Section        0  stm32l0xx_it.o(i.SysTick_Handler)
    i.SystemClock_Config                     0x08003994   Section        0  main.o(i.SystemClock_Config)
    i.SystemInit                             0x08003a30   Section        0  system_stm32l0xx.o(i.SystemInit)
    i.TIM21_IRQHandler                       0x08003a34   Section        0  stm32l0xx_it.o(i.TIM21_IRQHandler)
    i.TIM22_IRQHandler                       0x08003a44   Section        0  stm32l0xx_it.o(i.TIM22_IRQHandler)
    i.TIM2_IRQHandler                        0x08003a54   Section        0  stm32l0xx_it.o(i.TIM2_IRQHandler)
    i.TIM_Base_SetConfig                     0x08003a64   Section        0  stm32l0xx_hal_tim.o(i.TIM_Base_SetConfig)
    TIM_Base_SetConfig                       0x08003a65   Thumb Code    98  stm32l0xx_hal_tim.o(i.TIM_Base_SetConfig)
    i.TIM_ETR_SetConfig                      0x08003ad0   Section        0  stm32l0xx_hal_tim.o(i.TIM_ETR_SetConfig)
    TIM_ETR_SetConfig                        0x08003ad1   Thumb Code    28  stm32l0xx_hal_tim.o(i.TIM_ETR_SetConfig)
    i.TIM_ITRx_SetConfig                     0x08003aec   Section        0  stm32l0xx_hal_tim.o(i.TIM_ITRx_SetConfig)
    TIM_ITRx_SetConfig                       0x08003aed   Thumb Code    24  stm32l0xx_hal_tim.o(i.TIM_ITRx_SetConfig)
    i.TIM_TI1_ConfigInputStage               0x08003b04   Section        0  stm32l0xx_hal_tim.o(i.TIM_TI1_ConfigInputStage)
    TIM_TI1_ConfigInputStage                 0x08003b05   Thumb Code    50  stm32l0xx_hal_tim.o(i.TIM_TI1_ConfigInputStage)
    i.TIM_TI2_ConfigInputStage               0x08003b36   Section        0  stm32l0xx_hal_tim.o(i.TIM_TI2_ConfigInputStage)
    TIM_TI2_ConfigInputStage                 0x08003b37   Thumb Code    50  stm32l0xx_hal_tim.o(i.TIM_TI2_ConfigInputStage)
    i.UART_AdvFeatureConfig                  0x08003b68   Section        0  stm32l0xx_hal_uart.o(i.UART_AdvFeatureConfig)
    i.UART_CheckIdleState                    0x08003c58   Section        0  stm32l0xx_hal_uart.o(i.UART_CheckIdleState)
    i.UART_SetConfig                         0x08003ccc   Section        0  stm32l0xx_hal_uart.o(i.UART_SetConfig)
    i.UART_WaitOnFlagUntilTimeout            0x08003fdc   Section        0  stm32l0xx_hal_uart.o(i.UART_WaitOnFlagUntilTimeout)
    i.Write127xReg                           0x080040f6   Section        0  sx127x_driver.o(i.Write127xReg)
    i.__ARM_common_ll_muluu                  0x08004106   Section        0  stm32l0xx_hal_rcc.o(i.__ARM_common_ll_muluu)
    i.__ARM_common_switch8                   0x08004136   Section        0  stm32l0xx_hal_dma.o(i.__ARM_common_switch8)
    i.__NVIC_SetPriority                     0x08004154   Section        0  stm32l0xx_hal_cortex.o(i.__NVIC_SetPriority)
    __NVIC_SetPriority                       0x08004155   Thumb Code   110  stm32l0xx_hal_cortex.o(i.__NVIC_SetPriority)
    i.__get_PRIMASK                          0x080041cc   Section        0  stm32l0xx_hal_uart.o(i.__get_PRIMASK)
    __get_PRIMASK                            0x080041cd   Thumb Code     6  stm32l0xx_hal_uart.o(i.__get_PRIMASK)
    i.__set_PRIMASK                          0x080041d2   Section        0  stm32l0xx_hal_uart.o(i.__set_PRIMASK)
    __set_PRIMASK                            0x080041d3   Thumb Code     6  stm32l0xx_hal_uart.o(i.__set_PRIMASK)
    i.delayMsBySystick                       0x080041d8   Section        0  main.o(i.delayMsBySystick)
    i.delay_0                                0x08004202   Section        0  main.o(i.delay_0)
    i.fputc                                  0x08004224   Section        0  fputc.o(i.fputc)
    i.main                                   0x08004244   Section        0  main.o(i.main)
    i.sx127xInit                             0x080043d0   Section        0  sx127x_driver.o(i.sx127xInit)
    i.sx127xRx                               0x08004588   Section        0  sx127x_driver.o(i.sx127xRx)
    i.sx127xSend                             0x0800464c   Section        0  sx127x_driver.o(i.sx127xSend)
    .constdata                               0x080046e4   Section       24  main.o(.constdata)
    x$fpl$usenofp                            0x080046e4   Section        0  usenofp.o(x$fpl$usenofp)
    .constdata                               0x080046fc   Section       33  system_stm32l0xx.o(.constdata)
    .constdata                               0x0800471d   Section       11  sx127x_driver.o(.constdata)
    __func__                                 0x0800471d   Data          11  sx127x_driver.o(.constdata)
    .constdata                               0x08004728   Section        4  sys_io.o(.constdata)
    .constdata                               0x0800472c   Section        4  sys_io.o(.constdata)
    .constdata                               0x08004730   Section        4  sys_io.o(.constdata)
    .data                                    0x20000000   Section      112  main.o(.data)
    BufferSize                               0x20000002   Data           2  main.o(.data)
    prelist_cnt                              0x20000066   Data           1  main.o(.data)
    time_now                                 0x20000068   Data           4  main.o(.data)
    master_state                             0x2000006c   Data           4  main.o(.data)
    .data                                    0x20000070   Section        4  stm32l0xx_it.o(.data)
    .data                                    0x20000074   Section        9  stm32l0xx_hal.o(.data)
    .data                                    0x20000080   Section        4  system_stm32l0xx.o(.data)
    .data                                    0x20000084   Section       76  sx127x_driver.o(.data)
    u8_SFList                                0x200000a0   Data           7  sx127x_driver.o(.data)
    u8_CRList                                0x200000a7   Data           4  sx127x_driver.o(.data)
    u8_BWList                                0x200000ab   Data          10  sx127x_driver.o(.data)
    softTimeout                              0x200000b8   Data           4  sx127x_driver.o(.data)
    localSettingSave                         0x200000bc   Data          12  sx127x_driver.o(.data)
    loraStatus                               0x200000c8   Data           1  sx127x_driver.o(.data)
    systickBak                               0x200000cc   Data           4  sx127x_driver.o(.data)
    .data                                    0x200000d0   Section        4  stdio_streams.o(.data)
    .data                                    0x200000d4   Section        4  stdio_streams.o(.data)
    .data                                    0x200000d8   Section        4  stdio_streams.o(.data)
    .bss                                     0x200000dc   Section      480  main.o(.bss)
    .bss                                     0x200002bc   Section       64  stm32l0xx_hal_timebase_tim.o(.bss)
    .bss                                     0x200002fc   Section       84  stdio_streams.o(.bss)
    .bss                                     0x20000350   Section       84  stdio_streams.o(.bss)
    .bss                                     0x200003a4   Section       84  stdio_streams.o(.bss)
    .bss                                     0x200003f8   Section       96  libspace.o(.bss)
    HEAP                                     0x20000458   Section      512  startup_stm32l051xx.o(HEAP)
    Heap_Mem                                 0x20000458   Data         512  startup_stm32l051xx.o(HEAP)
    STACK                                    0x20000658   Section     1024  startup_stm32l051xx.o(STACK)
    Stack_Mem                                0x20000658   Data        1024  startup_stm32l051xx.o(STACK)
    __initial_sp                             0x20000a58   Data           0  startup_stm32l051xx.o(STACK)

    Global Symbols

    Symbol Name                              Value     Ov Type        Size  Object(Section)

    BuildAttributes$$THM_ISAv3M$S$PE$A:L22$X:L11$S22$IEEE1$IW$USESV6$~STKCKD$USESV7$~SHL$OTIME$ROPI$EBA8$UX$STANDARDLIB$REQ8$PRES8$EABIv2 0x00000000   Number         0  anon$$obj.o ABSOLUTE
    __ARM_use_no_argv                        0x00000000   Number         0  main.o ABSOLUTE
    __ARM_exceptions_init                     - Undefined Weak Reference
    __alloca_initialize                       - Undefined Weak Reference
    __arm_preinit_                            - Undefined Weak Reference
    __cpp_initialize__aeabi_                  - Undefined Weak Reference
    __cxa_finalize                            - Undefined Weak Reference
    __rt_locale                               - Undefined Weak Reference
    __sigvec_lookup                           - Undefined Weak Reference
    __user_heap_extent                        - Undefined Weak Reference
    _atexit_init                              - Undefined Weak Reference
    _call_atexit_fns                          - Undefined Weak Reference
    _clock_init                               - Undefined Weak Reference
    _fp_trap_init                             - Undefined Weak Reference
    _fp_trap_shutdown                         - Undefined Weak Reference
    _get_lc_collate                           - Undefined Weak Reference
    _get_lc_ctype                             - Undefined Weak Reference
    _get_lc_monetary                          - Undefined Weak Reference
    _get_lc_numeric                           - Undefined Weak Reference
    _get_lc_time                              - Undefined Weak Reference
    _getenv_init                              - Undefined Weak Reference
    _handle_redirection                       - Undefined Weak Reference
    _mutex_acquire                            - Undefined Weak Reference
    _mutex_free                               - Undefined Weak Reference
    _mutex_release                            - Undefined Weak Reference
    _printf_mbtowc                            - Undefined Weak Reference
    _printf_post_padding                      - Undefined Weak Reference
    _printf_pre_padding                       - Undefined Weak Reference
    _printf_truncate_signed                   - Undefined Weak Reference
    _printf_truncate_unsigned                 - Undefined Weak Reference
    _rand_init                                - Undefined Weak Reference
    _signal_finish                            - Undefined Weak Reference
    _signal_init                              - Undefined Weak Reference
    __Vectors_Size                           0x000000c0   Number         0  startup_stm32l051xx.o ABSOLUTE
    __Vectors                                0x08000000   Data           4  startup_stm32l051xx.o(RESET)
    __Vectors_End                            0x080000c0   Data           0  startup_stm32l051xx.o(RESET)
    __main                                   0x080000c1   Thumb Code     8  __main.o(!!!main)
    __scatterload                            0x080000c9   Thumb Code     0  __scatter.o(!!!scatter)
    __scatterload_rt2                        0x080000c9   Thumb Code    52  __scatter.o(!!!scatter)
    __scatterload_rt2_thumb_only             0x080000c9   Thumb Code     0  __scatter.o(!!!scatter)
    __scatterload_null                       0x080000d9   Thumb Code     0  __scatter.o(!!!scatter)
    __scatterload_copy                       0x08000105   Thumb Code    26  __scatter_copy.o(!!handler_copy)
    __scatterload_zeroinit                   0x08000121   Thumb Code    28  __scatter_zi.o(!!handler_zi)
    _printf_percent                          0x0800013d   Thumb Code     0  _printf_percent.o(.ARM.Collect$$_printf_percent$$00000000)
    _printf_d                                0x0800013f   Thumb Code     0  _printf_d.o(.ARM.Collect$$_printf_percent$$00000009)
    _printf_s                                0x08000149   Thumb Code     0  _printf_s.o(.ARM.Collect$$_printf_percent$$00000014)
    _printf_percent_end                      0x08000153   Thumb Code     0  _printf_percent_end.o(.ARM.Collect$$_printf_percent$$00000017)
    __rt_lib_init                            0x08000157   Thumb Code     0  libinit.o(.ARM.Collect$$libinit$$00000000)
    __rt_lib_init_fp_1                       0x08000159   Thumb Code     0  libinit2.o(.ARM.Collect$$libinit$$00000002)
    __rt_lib_init_heap_2                     0x08000159   Thumb Code     0  libinit2.o(.ARM.Collect$$libinit$$00000005)
    __rt_lib_init_preinit_1                  0x08000159   Thumb Code     0  libinit2.o(.ARM.Collect$$libinit$$00000004)
    __rt_lib_init_atexit_1                   0x08000161   Thumb Code     0  libinit2.o(.ARM.Collect$$libinit$$0000001B)
    __rt_lib_init_clock_1                    0x08000161   Thumb Code     0  libinit2.o(.ARM.Collect$$libinit$$00000021)
    __rt_lib_init_fp_trap_1                  0x08000161   Thumb Code     0  libinit2.o(.ARM.Collect$$libinit$$0000001F)
    __rt_lib_init_getenv_1                   0x08000161   Thumb Code     0  libinit2.o(.ARM.Collect$$libinit$$00000023)
    __rt_lib_init_heap_1                     0x08000161   Thumb Code     0  libinit2.o(.ARM.Collect$$libinit$$0000000A)
    __rt_lib_init_lc_collate_1               0x08000161   Thumb Code     0  libinit2.o(.ARM.Collect$$libinit$$00000011)
    __rt_lib_init_lc_ctype_1                 0x08000161   Thumb Code     0  libinit2.o(.ARM.Collect$$libinit$$00000013)
    __rt_lib_init_lc_monetary_1              0x08000161   Thumb Code     0  libinit2.o(.ARM.Collect$$libinit$$00000015)
    __rt_lib_init_lc_numeric_1               0x08000161   Thumb Code     0  libinit2.o(.ARM.Collect$$libinit$$00000017)
    __rt_lib_init_lc_time_1                  0x08000161   Thumb Code     0  libinit2.o(.ARM.Collect$$libinit$$00000019)
    __rt_lib_init_rand_1                     0x08000161   Thumb Code     0  libinit2.o(.ARM.Collect$$libinit$$0000000E)
    __rt_lib_init_signal_1                   0x08000161   Thumb Code     0  libinit2.o(.ARM.Collect$$libinit$$0000001D)
    __rt_lib_init_stdio_2                    0x08000161   Thumb Code     0  libinit2.o(.ARM.Collect$$libinit$$00000024)
    __rt_lib_init_user_alloc_1               0x08000161   Thumb Code     0  libinit2.o(.ARM.Collect$$libinit$$0000000C)
    __rt_lib_init_alloca_1                   0x08000165   Thumb Code     0  libinit2.o(.ARM.Collect$$libinit$$0000002E)
    __rt_lib_init_argv_1                     0x08000165   Thumb Code     0  libinit2.o(.ARM.Collect$$libinit$$0000002C)
    __rt_lib_init_cpp_1                      0x08000165   Thumb Code     0  libinit2.o(.ARM.Collect$$libinit$$00000032)
    __rt_lib_init_exceptions_1               0x08000165   Thumb Code     0  libinit2.o(.ARM.Collect$$libinit$$00000030)
    __rt_lib_init_return                     0x08000165   Thumb Code     0  libinit2.o(.ARM.Collect$$libinit$$00000033)
    __rt_lib_init_stdio_1                    0x08000165   Thumb Code     0  libinit2.o(.ARM.Collect$$libinit$$00000025)
    __rt_lib_shutdown                        0x08000167   Thumb Code     0  libshutdown.o(.ARM.Collect$$libshutdown$$00000000)
    __rt_lib_shutdown_stdio_2                0x08000169   Thumb Code     0  libshutdown2.o(.ARM.Collect$$libshutdown$$00000002)
    __rt_lib_shutdown_fp_trap_1              0x0800016d   Thumb Code     0  libshutdown2.o(.ARM.Collect$$libshutdown$$00000006)
    __rt_lib_shutdown_heap_1                 0x0800016d   Thumb Code     0  libshutdown2.o(.ARM.Collect$$libshutdown$$0000000E)
    __rt_lib_shutdown_return                 0x0800016d   Thumb Code     0  libshutdown2.o(.ARM.Collect$$libshutdown$$0000000F)
    __rt_lib_shutdown_signal_1               0x0800016d   Thumb Code     0  libshutdown2.o(.ARM.Collect$$libshutdown$$00000009)
    __rt_lib_shutdown_stdio_1                0x0800016d   Thumb Code     0  libshutdown2.o(.ARM.Collect$$libshutdown$$00000003)
    __rt_lib_shutdown_user_alloc_1           0x0800016d   Thumb Code     0  libshutdown2.o(.ARM.Collect$$libshutdown$$0000000B)
    __rt_entry                               0x0800016f   Thumb Code     0  __rtentry.o(.ARM.Collect$$rtentry$$00000000)
    __rt_entry_presh_1                       0x0800016f   Thumb Code     0  __rtentry2.o(.ARM.Collect$$rtentry$$00000002)
    __rt_entry_sh                            0x0800016f   Thumb Code     0  __rtentry4.o(.ARM.Collect$$rtentry$$00000004)
    __rt_entry_li                            0x08000175   Thumb Code     0  __rtentry2.o(.ARM.Collect$$rtentry$$0000000A)
    __rt_entry_postsh_1                      0x08000175   Thumb Code     0  __rtentry2.o(.ARM.Collect$$rtentry$$00000009)
    __rt_entry_main                          0x08000179   Thumb Code     0  __rtentry2.o(.ARM.Collect$$rtentry$$0000000D)
    __rt_entry_postli_1                      0x08000179   Thumb Code     0  __rtentry2.o(.ARM.Collect$$rtentry$$0000000C)
    __rt_exit                                0x08000181   Thumb Code     0  rtexit.o(.ARM.Collect$$rtexit$$00000000)
    __rt_exit_ls                             0x08000183   Thumb Code     0  rtexit2.o(.ARM.Collect$$rtexit$$00000003)
    __rt_exit_prels_1                        0x08000183   Thumb Code     0  rtexit2.o(.ARM.Collect$$rtexit$$00000002)
    __rt_exit_exit                           0x08000187   Thumb Code     0  rtexit2.o(.ARM.Collect$$rtexit$$00000004)
    Reset_Handler                            0x0800018d   Thumb Code     8  startup_stm32l051xx.o(.text)
    _maybe_terminate_alloc                   0x0800018d   Thumb Code     0  maybetermalloc1.o(.emb_text)
    ADC1_COMP_IRQHandler                     0x0800019f   Thumb Code     0  startup_stm32l051xx.o(.text)
    DMA1_Channel1_IRQHandler                 0x0800019f   Thumb Code     0  startup_stm32l051xx.o(.text)
    DMA1_Channel2_3_IRQHandler               0x0800019f   Thumb Code     0  startup_stm32l051xx.o(.text)
    DMA1_Channel4_5_6_7_IRQHandler           0x0800019f   Thumb Code     0  startup_stm32l051xx.o(.text)
    EXTI0_1_IRQHandler                       0x0800019f   Thumb Code     0  startup_stm32l051xx.o(.text)
    EXTI2_3_IRQHandler                       0x0800019f   Thumb Code     0  startup_stm32l051xx.o(.text)
    FLASH_IRQHandler                         0x0800019f   Thumb Code     0  startup_stm32l051xx.o(.text)
    I2C1_IRQHandler                          0x0800019f   Thumb Code     0  startup_stm32l051xx.o(.text)
    I2C2_IRQHandler                          0x0800019f   Thumb Code     0  startup_stm32l051xx.o(.text)
    LPTIM1_IRQHandler                        0x0800019f   Thumb Code     0  startup_stm32l051xx.o(.text)
    LPUART1_IRQHandler                       0x0800019f   Thumb Code     0  startup_stm32l051xx.o(.text)
    PVD_IRQHandler                           0x0800019f   Thumb Code     0  startup_stm32l051xx.o(.text)
    RCC_IRQHandler                           0x0800019f   Thumb Code     0  startup_stm32l051xx.o(.text)
    RTC_IRQHandler                           0x0800019f   Thumb Code     0  startup_stm32l051xx.o(.text)
    SPI1_IRQHandler                          0x0800019f   Thumb Code     0  startup_stm32l051xx.o(.text)
    SPI2_IRQHandler                          0x0800019f   Thumb Code     0  startup_stm32l051xx.o(.text)
    TIM6_IRQHandler                          0x0800019f   Thumb Code     0  startup_stm32l051xx.o(.text)
    USART1_IRQHandler                        0x0800019f   Thumb Code     0  startup_stm32l051xx.o(.text)
    USART2_IRQHandler                        0x0800019f   Thumb Code     0  startup_stm32l051xx.o(.text)
    WWDG_IRQHandler                          0x0800019f   Thumb Code     0  startup_stm32l051xx.o(.text)
    __user_initial_stackheap                 0x080001a1   Thumb Code     0  startup_stm32l051xx.o(.text)
    __aeabi_uldivmod                         0x080001c5   Thumb Code   258  lludiv.o(.text)
    _ll_udiv                                 0x080001c5   Thumb Code     0  lludiv.o(.text)
    __2printf                                0x080002c9   Thumb Code    22  noretval__2printf.o(.text)
    __printf                                 0x080002e5   Thumb Code   108  __printf.o(.text)
    _printf_str                              0x08000351   Thumb Code    82  _printf_str.o(.text)
    _printf_int_dec                          0x080003a5   Thumb Code    90  _printf_dec.o(.text)
    strlen                                   0x08000411   Thumb Code    62  strlen.o(.text)
    _memset_w                                0x08000455   Thumb Code    26  rt_memclr.o(.text)
    _memset                                  0x0800046f   Thumb Code    30  rt_memclr.o(.text)
    __aeabi_memclr                           0x0800048d   Thumb Code     4  rt_memclr.o(.text)
    __rt_memclr                              0x0800048d   Thumb Code     0  rt_memclr.o(.text)
    __aeabi_memclr4                          0x08000491   Thumb Code     0  rt_memclr.o(.text)
    __aeabi_memclr8                          0x08000491   Thumb Code     0  rt_memclr.o(.text)
    __rt_memclr_w                            0x08000491   Thumb Code     4  rt_memclr.o(.text)
    __aeabi_uidiv                            0x08000495   Thumb Code     0  aeabi_sdiv.o(.text)
    __aeabi_uidivmod                         0x08000495   Thumb Code    20  aeabi_sdiv.o(.text)
    __aeabi_idiv                             0x080004a9   Thumb Code     0  aeabi_sdiv.o(.text)
    __aeabi_idivmod                          0x080004a9   Thumb Code   326  aeabi_sdiv.o(.text)
    __use_two_region_memory                  0x080005ef   Thumb Code     2  heapauxi.o(.text)
    __rt_heap_escrow                         0x080005f1   Thumb Code     2  heapauxi.o(.text)
    __rt_heap_expand                         0x080005f3   Thumb Code     2  heapauxi.o(.text)
    __aeabi_d2uiz                            0x080005f5   Thumb Code     0  dfixui.o(.text)
    _dfixu                                   0x080005f5   Thumb Code    68  dfixui.o(.text)
    __aeabi_i2d_normalise                    0x0800063d   Thumb Code    66  dflti.o(.text)
    __aeabi_i2d                              0x0800067f   Thumb Code    16  dflti.o(.text)
    _dflt                                    0x0800067f   Thumb Code     0  dflti.o(.text)
    __aeabi_ui2d                             0x0800068f   Thumb Code     6  dflti.o(.text)
    _dfltu                                   0x0800068f   Thumb Code     0  dflti.o(.text)
    __aeabi_dmul                             0x08000695   Thumb Code     0  dmul.o(.text)
    _dmul                                    0x08000695   Thumb Code   558  dmul.o(.text)
    _printf_int_common                       0x080008dd   Thumb Code   176  _printf_intcommon.o(.text)
    _printf_cs_common                        0x0800098d   Thumb Code    22  _printf_char.o(.text)
    _printf_char                             0x080009a3   Thumb Code    16  _printf_char.o(.text)
    _printf_string                           0x080009b3   Thumb Code     8  _printf_char.o(.text)
    _printf_char_file                        0x080009bd   Thumb Code    34  _printf_char_file.o(.text)
    __rt_udiv10                              0x080009e5   Thumb Code    40  rtudiv10.o(.text)
    _printf_char_common                      0x08000a17   Thumb Code    32  _printf_char_common.o(.text)
    ferror                                   0x08000a3d   Thumb Code     8  ferror.o(.text)
    _initio                                  0x08000a45   Thumb Code   216  initio.o(.text)
    _terminateio                             0x08000b1d   Thumb Code    56  initio.o(.text)
    _sys_open                                0x08000b81   Thumb Code    20  sys_io.o(.text)
    _sys_close                               0x08000b95   Thumb Code    12  sys_io.o(.text)
    _sys_write                               0x08000ba1   Thumb Code    16  sys_io.o(.text)
    _sys_read                                0x08000bb1   Thumb Code    14  sys_io.o(.text)
    _sys_istty                               0x08000bbf   Thumb Code    12  sys_io.o(.text)
    _sys_seek                                0x08000bcb   Thumb Code    14  sys_io.o(.text)
    _sys_ensure                              0x08000bd9   Thumb Code     2  sys_io.o(.text)
    _sys_flen                                0x08000bdb   Thumb Code    12  sys_io.o(.text)
    __user_setup_stackheap                   0x08000be7   Thumb Code    62  sys_stackheap_outer.o(.text)
    free                                     0x08000c25   Thumb Code    76  h1_free.o(.text)
    __flsbuf                                 0x08000c71   Thumb Code   486  flsbuf.o(.text)
    __flsbuf_byte                            0x08000c71   Thumb Code     0  flsbuf.o(.text)
    __flsbuf_wide                            0x08000c71   Thumb Code     0  flsbuf.o(.text)
    setvbuf                                  0x08000e61   Thumb Code    72  setvbuf.o(.text)
    freopen                                  0x08000ead   Thumb Code   148  fopen.o(.text)
    fopen                                    0x08000f41   Thumb Code    76  fopen.o(.text)
    _fclose_internal                         0x08000f95   Thumb Code    72  fclose.o(.text)
    fclose                                   0x08000f95   Thumb Code     0  fclose.o(.text)
    exit                                     0x08000fe1   Thumb Code    12  exit.o(.text)
    __rt_SIGRTRED                            0x08000fed   Thumb Code    12  defsig_rtred_outer.o(.text)
    __user_libspace                          0x08000ff9   Thumb Code     8  libspace.o(.text)
    __user_perproc_libspace                  0x08000ff9   Thumb Code     0  libspace.o(.text)
    __user_perthread_libspace                0x08000ff9   Thumb Code     0  libspace.o(.text)
    __I$use$semihosting                      0x08001001   Thumb Code     0  use_no_semi.o(.text)
    __use_no_semihosting_swi                 0x08001001   Thumb Code     2  use_no_semi.o(.text)
    __semihosting_library_function           0x08001003   Thumb Code     0  indicate_semi.o(.text)
    __rt_heap_descriptor                     0x08001005   Thumb Code     8  rt_heap_descriptor_intlibspace.o(.text)
    __use_no_heap                            0x0800100d   Thumb Code     2  hguard.o(.text)
    __heap$guard                             0x0800100f   Thumb Code     2  hguard.o(.text)
    _terminate_user_alloc                    0x08001011   Thumb Code     2  init_alloc.o(.text)
    _init_user_alloc                         0x08001013   Thumb Code     2  init_alloc.o(.text)
    __Heap_Full                              0x08001015   Thumb Code    32  init_alloc.o(.text)
    __Heap_Broken                            0x08001035   Thumb Code    10  init_alloc.o(.text)
    _init_alloc                              0x0800103f   Thumb Code    90  init_alloc.o(.text)
    malloc                                   0x08001099   Thumb Code    98  h1_alloc.o(.text)
    _fseek                                   0x080010fd   Thumb Code   240  fseek.o(.text)
    fseek                                    0x080010fd   Thumb Code     0  fseek.o(.text)
    _seterr                                  0x080011f1   Thumb Code    20  stdio.o(.text)
    _writebuf                                0x08001205   Thumb Code    76  stdio.o(.text)
    _fflush                                  0x08001251   Thumb Code    76  stdio.o(.text)
    _deferredlazyseek                        0x0800129d   Thumb Code    60  stdio.o(.text)
    __sig_exit                               0x080012e1   Thumb Code    12  defsig_exit.o(.text)
    __rt_SIGRTRED_inner                      0x080012ed   Thumb Code    14  defsig_rtred_inner.o(.text)
    _sys_exit                                0x08001321   Thumb Code     8  sys_exit.o(.text)
    __Heap_Initialize                        0x0800132d   Thumb Code    10  h1_init.o(.text)
    __Heap_DescSize                          0x08001337   Thumb Code     4  h1_init.o(.text)
    __Heap_ProvideMemory                     0x0800133b   Thumb Code    52  h1_extend.o(.text)
    _ftell_internal                          0x0800136f   Thumb Code    66  ftell.o(.text)
    ftell                                    0x0800136f   Thumb Code     0  ftell.o(.text)
    __default_signal_display                 0x080013b1   Thumb Code    52  defsig_general.o(.text)
    __rt_SIGRTMEM                            0x080013e5   Thumb Code    12  defsig_rtmem_outer.o(.text)
    _ttywrch                                 0x080013f1   Thumb Code    12  sys_wrch.o(.text)
    __aeabi_errno_addr                       0x080013fd   Thumb Code     8  rt_errno_addr_intlibspace.o(.text)
    __errno$intlibspace                      0x080013fd   Thumb Code     0  rt_errno_addr_intlibspace.o(.text)
    __rt_errno_addr$intlibspace              0x080013fd   Thumb Code     0  rt_errno_addr_intlibspace.o(.text)
    __rt_SIGRTMEM_inner                      0x08001405   Thumb Code    22  defsig_rtmem_inner.o(.text)
    EXTI4_15_IRQHandler                      0x08001455   Thumb Code    28  stm32l0xx_it.o(i.EXTI4_15_IRQHandler)
    Error_Handler                            0x08001471   Thumb Code     6  main.o(i.Error_Handler)
    GetTick                                  0x08001479   Thumb Code     6  stm32l0xx_it.o(i.GetTick)
    HAL_GPIO_EXTI_Callback                   0x08001485   Thumb Code    18  main.o(i.HAL_GPIO_EXTI_Callback)
    HAL_GPIO_EXTI_IRQHandler                 0x0800149d   Thumb Code    26  stm32l0xx_hal_gpio.o(i.HAL_GPIO_EXTI_IRQHandler)
    HAL_GPIO_Init                            0x080014bd   Thumb Code   468  stm32l0xx_hal_gpio.o(i.HAL_GPIO_Init)
    HAL_GPIO_ReadPin                         0x080016ad   Thumb Code    18  stm32l0xx_hal_gpio.o(i.HAL_GPIO_ReadPin)
    HAL_GPIO_TogglePin                       0x080016bf   Thumb Code    20  stm32l0xx_hal_gpio.o(i.HAL_GPIO_TogglePin)
    HAL_GPIO_WritePin                        0x080016d3   Thumb Code    12  stm32l0xx_hal_gpio.o(i.HAL_GPIO_WritePin)
    HAL_GetTick                              0x080016e1   Thumb Code     6  stm32l0xx_hal.o(i.HAL_GetTick)
    HAL_IncTick                              0x080016ed   Thumb Code    16  stm32l0xx_hal.o(i.HAL_IncTick)
    HAL_Init                                 0x08001705   Thumb Code    38  stm32l0xx_hal.o(i.HAL_Init)
    HAL_InitTick                             0x08001731   Thumb Code   152  stm32l0xx_hal_timebase_tim.o(i.HAL_InitTick)
    HAL_MspInit                              0x080017e1   Thumb Code    26  stm32l0xx_hal_msp.o(i.HAL_MspInit)
    HAL_NVIC_EnableIRQ                       0x08001801   Thumb Code    22  stm32l0xx_hal_cortex.o(i.HAL_NVIC_EnableIRQ)
    HAL_NVIC_SetPriority                     0x0800181d   Thumb Code    18  stm32l0xx_hal_cortex.o(i.HAL_NVIC_SetPriority)
    HAL_RCCEx_PeriphCLKConfig                0x08001831   Thumb Code   540  stm32l0xx_hal_rcc_ex.o(i.HAL_RCCEx_PeriphCLKConfig)
    HAL_RCC_ClockConfig                      0x08001a59   Thumb Code   540  stm32l0xx_hal_rcc.o(i.HAL_RCC_ClockConfig)
    HAL_RCC_GetClockConfig                   0x08001c8d   Thumb Code    60  stm32l0xx_hal_rcc.o(i.HAL_RCC_GetClockConfig)
    HAL_RCC_GetHCLKFreq                      0x08001cd1   Thumb Code     6  stm32l0xx_hal_rcc.o(i.HAL_RCC_GetHCLKFreq)
    HAL_RCC_GetPCLK1Freq                     0x08001cdd   Thumb Code    26  stm32l0xx_hal_rcc.o(i.HAL_RCC_GetPCLK1Freq)
    HAL_RCC_GetPCLK2Freq                     0x08001d01   Thumb Code    26  stm32l0xx_hal_rcc.o(i.HAL_RCC_GetPCLK2Freq)
    HAL_RCC_GetSysClockFreq                  0x08001d25   Thumb Code   220  stm32l0xx_hal_rcc.o(i.HAL_RCC_GetSysClockFreq)
    HAL_RCC_OscConfig                        0x08001e15   Thumb Code  1566  stm32l0xx_hal_rcc.o(i.HAL_RCC_OscConfig)
    HAL_SPI_Init                             0x08002441   Thumb Code   208  stm32l0xx_hal_spi.o(i.HAL_SPI_Init)
    HAL_SPI_MspInit                          0x08002511   Thumb Code    96  stm32l0xx_hal_msp.o(i.HAL_SPI_MspInit)
    HAL_SPI_TransmitReceive                  0x08002579   Thumb Code   590  stm32l0xx_hal_spi.o(i.HAL_SPI_TransmitReceive)
    HAL_TIMEx_MasterConfigSynchronization    0x080027c9   Thumb Code   120  stm32l0xx_hal_tim_ex.o(i.HAL_TIMEx_MasterConfigSynchronization)
    HAL_TIM_Base_Init                        0x08002849   Thumb Code    80  stm32l0xx_hal_tim.o(i.HAL_TIM_Base_Init)
    HAL_TIM_Base_MspInit                     0x08002899   Thumb Code    82  stm32l0xx_hal_msp.o(i.HAL_TIM_Base_MspInit)
    HAL_TIM_Base_Start_IT                    0x080028f5   Thumb Code   100  stm32l0xx_hal_tim.o(i.HAL_TIM_Base_Start_IT)
    HAL_TIM_Base_Stop_IT                     0x08002961   Thumb Code    52  stm32l0xx_hal_tim.o(i.HAL_TIM_Base_Stop_IT)
    HAL_TIM_ConfigClockSource                0x08002999   Thumb Code   280  stm32l0xx_hal_tim.o(i.HAL_TIM_ConfigClockSource)
    HAL_TIM_IC_CaptureCallback               0x08002ab1   Thumb Code     2  stm32l0xx_hal_tim.o(i.HAL_TIM_IC_CaptureCallback)
    HAL_TIM_IRQHandler                       0x08002ab3   Thumb Code   380  stm32l0xx_hal_tim.o(i.HAL_TIM_IRQHandler)
    HAL_TIM_OC_DelayElapsedCallback          0x08002c2f   Thumb Code     2  stm32l0xx_hal_tim.o(i.HAL_TIM_OC_DelayElapsedCallback)
    HAL_TIM_PWM_PulseFinishedCallback        0x08002c31   Thumb Code     2  stm32l0xx_hal_tim.o(i.HAL_TIM_PWM_PulseFinishedCallback)
    HAL_TIM_PeriodElapsedCallback            0x08002c35   Thumb Code   124  main.o(i.HAL_TIM_PeriodElapsedCallback)
    HAL_TIM_TriggerCallback                  0x08002cc9   Thumb Code     2  stm32l0xx_hal_tim.o(i.HAL_TIM_TriggerCallback)
    HAL_UART_Init                            0x08002ccb   Thumb Code   126  stm32l0xx_hal_uart.o(i.HAL_UART_Init)
    HAL_UART_MspInit                         0x08002d49   Thumb Code   182  stm32l0xx_hal_msp.o(i.HAL_UART_MspInit)
    HardFault_Handler                        0x08002e0d   Thumb Code     4  stm32l0xx_it.o(i.HardFault_Handler)
    Key_handle                               0x08002e11   Thumb Code   218  main.o(i.Key_handle)
    Key_timer_cb                             0x08002f01   Thumb Code   124  main.o(i.Key_timer_cb)
    NMI_Handler                              0x080032d1   Thumb Code     4  stm32l0xx_it.o(i.NMI_Handler)
    PendSV_Handler                           0x080032d5   Thumb Code     2  stm32l0xx_it.o(i.PendSV_Handler)
    Read127xReg                              0x080032d7   Thumb Code    20  sx127x_driver.o(i.Read127xReg)
    SVC_Handler                              0x08003441   Thumb Code     2  stm32l0xx_it.o(i.SVC_Handler)
    SX1276HALInit                            0x08003443   Thumb Code     2  sx127x_hal.o(i.SX1276HALInit)
    SX1276ReadDio0                           0x08003445   Thumb Code    14  sx127x_hal.o(i.SX1276ReadDio0)
    SX1276ReadDio1                           0x08003453   Thumb Code    14  sx127x_hal.o(i.SX1276ReadDio1)
    SX1276ReadDio3                           0x08003461   Thumb Code    12  sx127x_hal.o(i.SX1276ReadDio3)
    SX1276ReadDio4                           0x08003471   Thumb Code    12  sx127x_hal.o(i.SX1276ReadDio4)
    SX127X_ResetPinControl                   0x080034e5   Thumb Code    20  sx127x_hal.o(i.SX127X_ResetPinControl)
    SX127xGetOpMode                          0x080034f9   Thumb Code    14  sx127x_driver.o(i.SX127xGetOpMode)
    SX127xProcess                            0x08003509   Thumb Code   558  sx127x_driver.o(i.SX127xProcess)
    SX127xReadFifo                           0x08003745   Thumb Code    18  sx127x_driver.o(i.SX127xReadFifo)
    SX127xSetFrf                             0x08003759   Thumb Code    70  sx127x_driver.o(i.SX127xSetFrf)
    SX127xSetLoRaMode                        0x080037a9   Thumb Code    48  sx127x_driver.o(i.SX127xSetLoRaMode)
    SX127xSetOpMode                          0x080037d9   Thumb Code    50  sx127x_driver.o(i.SX127xSetOpMode)
    SX127xWriteFifo                          0x08003899   Thumb Code    18  sx127x_driver.o(i.SX127xWriteFifo)
    Soft_delay_ms                            0x080038ad   Thumb Code    30  sx127x_hal.o(i.Soft_delay_ms)
    SpiInOut                                 0x080038d1   Thumb Code    26  sx127x_hal.o(i.SpiInOut)
    SpiNSSEnable                             0x080038f1   Thumb Code    18  sx127x_hal.o(i.SpiNSSEnable)
    Sx127xRestart                            0x0800392d   Thumb Code    34  sx127x_driver.o(i.Sx127xRestart)
    SysTick_Handler                          0x08003985   Thumb Code    12  stm32l0xx_it.o(i.SysTick_Handler)
    SystemClock_Config                       0x08003995   Thumb Code   150  main.o(i.SystemClock_Config)
    SystemInit                               0x08003a31   Thumb Code     2  system_stm32l0xx.o(i.SystemInit)
    TIM21_IRQHandler                         0x08003a35   Thumb Code    10  stm32l0xx_it.o(i.TIM21_IRQHandler)
    TIM22_IRQHandler                         0x08003a45   Thumb Code    10  stm32l0xx_it.o(i.TIM22_IRQHandler)
    TIM2_IRQHandler                          0x08003a55   Thumb Code    10  stm32l0xx_it.o(i.TIM2_IRQHandler)
    UART_AdvFeatureConfig                    0x08003b69   Thumb Code   240  stm32l0xx_hal_uart.o(i.UART_AdvFeatureConfig)
    UART_CheckIdleState                      0x08003c59   Thumb Code   112  stm32l0xx_hal_uart.o(i.UART_CheckIdleState)
    UART_SetConfig                           0x08003ccd   Thumb Code   746  stm32l0xx_hal_uart.o(i.UART_SetConfig)
    UART_WaitOnFlagUntilTimeout              0x08003fdd   Thumb Code   282  stm32l0xx_hal_uart.o(i.UART_WaitOnFlagUntilTimeout)
    Write127xReg                             0x080040f7   Thumb Code    16  sx127x_driver.o(i.Write127xReg)
    __ARM_common_ll_muluu                    0x08004107   Thumb Code    48  stm32l0xx_hal_rcc.o(i.__ARM_common_ll_muluu)
    __ARM_common_switch8                     0x08004137   Thumb Code    28  stm32l0xx_hal_dma.o(i.__ARM_common_switch8)
    delayMsBySystick                         0x080041d9   Thumb Code    42  main.o(i.delayMsBySystick)
    delay_0                                  0x08004203   Thumb Code    34  main.o(i.delay_0)
    fputc                                    0x08004225   Thumb Code    30  fputc.o(i.fputc)
    main                                     0x08004245   Thumb Code   258  main.o(i.main)
    sx127xInit                               0x080043d1   Thumb Code   330  sx127x_driver.o(i.sx127xInit)
    sx127xRx                                 0x08004589   Thumb Code   196  sx127x_driver.o(i.sx127xRx)
    sx127xSend                               0x0800464d   Thumb Code   152  sx127x_driver.o(i.sx127xSend)
    PingMsg                                  0x080046e4   Data           5  main.o(.constdata)
    __I$use$fp                               0x080046e4   Number         0  usenofp.o(x$fpl$usenofp)
    PongMsg                                  0x080046e9   Data           5  main.o(.constdata)
    AHBPrescTable                            0x080046fc   Data          16  system_stm32l0xx.o(.constdata)
    APBPrescTable                            0x0800470c   Data           8  system_stm32l0xx.o(.constdata)
    PLLMulTable                              0x08004714   Data           9  system_stm32l0xx.o(.constdata)
    __stdin_name                             0x08004728   Data           4  sys_io.o(.constdata)
    __stdout_name                            0x0800472c   Data           4  sys_io.o(.constdata)
    __stderr_name                            0x08004730   Data           4  sys_io.o(.constdata)
    Region$$Table$$Base                      0x08004734   Number         0  anon$$obj.o(Region$$Table)
    Region$$Table$$Limit                     0x08004754   Number         0  anon$$obj.o(Region$$Table)
    pulse_cnt                                0x20000000   Data           1  main.o(.data)
    pulse_max                                0x20000001   Data           1  main.o(.data)
    Radio                                    0x20000004   Data           4  main.o(.data)
    tx_cmd                                   0x20000008   Data           1  main.o(.data)
    TxTimer                                  0x2000000c   Data           4  main.o(.data)
    capture_state                            0x20000010   Data           1  main.o(.data)
    capture_val_up                           0x20000012   Data           2  main.o(.data)
    capture_val_down                         0x20000014   Data           2  main.o(.data)
    flag                                     0x20000016   Data           1  main.o(.data)
    txBuf1                                   0x20000017   Data          20  main.o(.data)
    rxBuf1                                   0x2000002b   Data          40  main.o(.data)
    rcv_flag1                                0x20000053   Data           1  main.o(.data)
    rcv_flag2                                0x20000054   Data           1  main.o(.data)
    read_over                                0x20000055   Data           1  main.o(.data)
    Sensor_ID                                0x20000058   Data           4  main.o(.data)
    Prescal_list                             0x2000005c   Data          10  main.o(.data)
    g_u32SystickCount                        0x20000070   Data           4  stm32l0xx_it.o(.data)
    uwTick                                   0x20000074   Data           4  stm32l0xx_hal.o(.data)
    uwTickPrio                               0x20000078   Data           4  stm32l0xx_hal.o(.data)
    uwTickFreq                               0x2000007c   Data           1  stm32l0xx_hal.o(.data)
    SystemCoreClock                          0x20000080   Data           4  system_stm32l0xx.o(.data)
    g_Radio                                  0x20000084   Data          28  sx127x_driver.o(.data)
    __aeabi_stdin                            0x200000d0   Data           4  stdio_streams.o(.data)
    __aeabi_stdout                           0x200000d4   Data           4  stdio_streams.o(.data)
    __aeabi_stderr                           0x200000d8   Data           4  stdio_streams.o(.data)
    hspi1                                    0x200000dc   Data          88  main.o(.bss)
    htim2                                    0x20000134   Data          64  main.o(.bss)
    htim22                                   0x20000174   Data          64  main.o(.bss)
    huart1                                   0x200001b4   Data         132  main.o(.bss)
    huart2                                   0x20000238   Data         132  main.o(.bss)
    htim21                                   0x200002bc   Data          64  stm32l0xx_hal_timebase_tim.o(.bss)
    __stdin                                  0x200002fc   Data          84  stdio_streams.o(.bss)
    __stdout                                 0x20000350   Data          84  stdio_streams.o(.bss)
    __stderr                                 0x200003a4   Data          84  stdio_streams.o(.bss)
    __libspace_start                         0x200003f8   Data          96  libspace.o(.bss)
    __temporary_stack_top$libspace           0x20000458   Data           0  libspace.o(.bss)



==============================================================================

Memory Map of the image

  Image Entry point : 0x080000c1

  Load Region LR_IROM1 (Base: 0x08000000, Size: 0x00004830, Max: 0x00010000, ABSOLUTE)

    Execution Region ER_IROM1 (Base: 0x08000000, Size: 0x00004754, Max: 0x00010000, ABSOLUTE)

    Base Addr    Size         Type   Attr      Idx    E Section Name        Object

    0x08000000   0x000000c0   Data   RO            3    RESET               startup_stm32l051xx.o
    0x080000c0   0x00000008   Code   RO         3957  * !!!main             c_p.l(__main.o)
    0x080000c8   0x0000003c   Code   RO         4330    !!!scatter          c_p.l(__scatter.o)
    0x08000104   0x0000001a   Code   RO         4332    !!handler_copy      c_p.l(__scatter_copy.o)
    0x0800011e   0x00000002   PAD
    0x08000120   0x0000001c   Code   RO         4334    !!handler_zi        c_p.l(__scatter_zi.o)
    0x0800013c   0x00000002   Code   RO         3946    .ARM.Collect$$_printf_percent$$00000000  c_p.l(_printf_percent.o)
    0x0800013e   0x0000000a   Code   RO         3945    .ARM.Collect$$_printf_percent$$00000009  c_p.l(_printf_d.o)
    0x08000148   0x0000000a   Code   RO         3944    .ARM.Collect$$_printf_percent$$00000014  c_p.l(_printf_s.o)
    0x08000152   0x00000004   Code   RO         3980    .ARM.Collect$$_printf_percent$$00000017  c_p.l(_printf_percent_end.o)
    0x08000156   0x00000002   Code   RO         4119    .ARM.Collect$$libinit$$00000000  c_p.l(libinit.o)
    0x08000158   0x00000000   Code   RO         4121    .ARM.Collect$$libinit$$00000002  c_p.l(libinit2.o)
    0x08000158   0x00000000   Code   RO         4123    .ARM.Collect$$libinit$$00000004  c_p.l(libinit2.o)
    0x08000158   0x00000008   Code   RO         4124    .ARM.Collect$$libinit$$00000005  c_p.l(libinit2.o)
    0x08000160   0x00000000   Code   RO         4126    .ARM.Collect$$libinit$$0000000A  c_p.l(libinit2.o)
    0x08000160   0x00000000   Code   RO         4128    .ARM.Collect$$libinit$$0000000C  c_p.l(libinit2.o)
    0x08000160   0x00000000   Code   RO         4130    .ARM.Collect$$libinit$$0000000E  c_p.l(libinit2.o)
    0x08000160   0x00000000   Code   RO         4133    .ARM.Collect$$libinit$$00000011  c_p.l(libinit2.o)
    0x08000160   0x00000000   Code   RO         4135    .ARM.Collect$$libinit$$00000013  c_p.l(libinit2.o)
    0x08000160   0x00000000   Code   RO         4137    .ARM.Collect$$libinit$$00000015  c_p.l(libinit2.o)
    0x08000160   0x00000000   Code   RO         4139    .ARM.Collect$$libinit$$00000017  c_p.l(libinit2.o)
    0x08000160   0x00000000   Code   RO         4141    .ARM.Collect$$libinit$$00000019  c_p.l(libinit2.o)
    0x08000160   0x00000000   Code   RO         4143    .ARM.Collect$$libinit$$0000001B  c_p.l(libinit2.o)
    0x08000160   0x00000000   Code   RO         4145    .ARM.Collect$$libinit$$0000001D  c_p.l(libinit2.o)
    0x08000160   0x00000000   Code   RO         4147    .ARM.Collect$$libinit$$0000001F  c_p.l(libinit2.o)
    0x08000160   0x00000000   Code   RO         4149    .ARM.Collect$$libinit$$00000021  c_p.l(libinit2.o)
    0x08000160   0x00000000   Code   RO         4151    .ARM.Collect$$libinit$$00000023  c_p.l(libinit2.o)
    0x08000160   0x00000004   Code   RO         4152    .ARM.Collect$$libinit$$00000024  c_p.l(libinit2.o)
    0x08000164   0x00000000   Code   RO         4153    .ARM.Collect$$libinit$$00000025  c_p.l(libinit2.o)
    0x08000164   0x00000000   Code   RO         4157    .ARM.Collect$$libinit$$0000002C  c_p.l(libinit2.o)
    0x08000164   0x00000000   Code   RO         4159    .ARM.Collect$$libinit$$0000002E  c_p.l(libinit2.o)
    0x08000164   0x00000000   Code   RO         4161    .ARM.Collect$$libinit$$00000030  c_p.l(libinit2.o)
    0x08000164   0x00000000   Code   RO         4163    .ARM.Collect$$libinit$$00000032  c_p.l(libinit2.o)
    0x08000164   0x00000002   Code   RO         4164    .ARM.Collect$$libinit$$00000033  c_p.l(libinit2.o)
    0x08000166   0x00000002   Code   RO         4311    .ARM.Collect$$libshutdown$$00000000  c_p.l(libshutdown.o)
    0x08000168   0x00000004   Code   RO         4166    .ARM.Collect$$libshutdown$$00000002  c_p.l(libshutdown2.o)
    0x0800016c   0x00000000   Code   RO         4167    .ARM.Collect$$libshutdown$$00000003  c_p.l(libshutdown2.o)
    0x0800016c   0x00000000   Code   RO         4170    .ARM.Collect$$libshutdown$$00000006  c_p.l(libshutdown2.o)
    0x0800016c   0x00000000   Code   RO         4173    .ARM.Collect$$libshutdown$$00000009  c_p.l(libshutdown2.o)
    0x0800016c   0x00000000   Code   RO         4175    .ARM.Collect$$libshutdown$$0000000B  c_p.l(libshutdown2.o)
    0x0800016c   0x00000000   Code   RO         4178    .ARM.Collect$$libshutdown$$0000000E  c_p.l(libshutdown2.o)
    0x0800016c   0x00000002   Code   RO         4179    .ARM.Collect$$libshutdown$$0000000F  c_p.l(libshutdown2.o)
    0x0800016e   0x00000000   Code   RO         3965    .ARM.Collect$$rtentry$$00000000  c_p.l(__rtentry.o)
    0x0800016e   0x00000000   Code   RO         3991    .ARM.Collect$$rtentry$$00000002  c_p.l(__rtentry2.o)
    0x0800016e   0x00000006   Code   RO         4003    .ARM.Collect$$rtentry$$00000004  c_p.l(__rtentry4.o)
    0x08000174   0x00000000   Code   RO         3993    .ARM.Collect$$rtentry$$00000009  c_p.l(__rtentry2.o)
    0x08000174   0x00000004   Code   RO         3994    .ARM.Collect$$rtentry$$0000000A  c_p.l(__rtentry2.o)
    0x08000178   0x00000000   Code   RO         3996    .ARM.Collect$$rtentry$$0000000C  c_p.l(__rtentry2.o)
    0x08000178   0x00000008   Code   RO         3997    .ARM.Collect$$rtentry$$0000000D  c_p.l(__rtentry2.o)
    0x08000180   0x00000002   Code   RO         4189    .ARM.Collect$$rtexit$$00000000  c_p.l(rtexit.o)
    0x08000182   0x00000000   Code   RO         4249    .ARM.Collect$$rtexit$$00000002  c_p.l(rtexit2.o)
    0x08000182   0x00000004   Code   RO         4250    .ARM.Collect$$rtexit$$00000003  c_p.l(rtexit2.o)
    0x08000186   0x00000006   Code   RO         4251    .ARM.Collect$$rtexit$$00000004  c_p.l(rtexit2.o)
    0x0800018c   0x00000000   Code   RO         4255    .emb_text           c_p.l(maybetermalloc1.o)
    0x0800018c   0x00000038   Code   RO            4    .text               startup_stm32l051xx.o
    0x080001c4   0x00000102   Code   RO         3912    .text               c_p.l(lludiv.o)
    0x080002c6   0x00000002   PAD
    0x080002c8   0x0000001c   Code   RO         3916    .text               c_p.l(noretval__2printf.o)
    0x080002e4   0x0000006c   Code   RO         3918    .text               c_p.l(__printf.o)
    0x08000350   0x00000052   Code   RO         3920    .text               c_p.l(_printf_str.o)
    0x080003a2   0x00000002   PAD
    0x080003a4   0x0000006c   Code   RO         3922    .text               c_p.l(_printf_dec.o)
    0x08000410   0x00000044   Code   RO         3947    .text               c_p.l(strlen.o)
    0x08000454   0x00000040   Code   RO         3949    .text               c_p.l(rt_memclr.o)
    0x08000494   0x0000015a   Code   RO         3951    .text               c_p.l(aeabi_sdiv.o)
    0x080005ee   0x00000006   Code   RO         3955    .text               c_p.l(heapauxi.o)
    0x080005f4   0x00000048   Code   RO         3959    .text               fz_ps.l(dfixui.o)
    0x0800063c   0x00000058   Code   RO         3961    .text               fz_ps.l(dflti.o)
    0x08000694   0x00000248   Code   RO         3963    .text               fz_ps.l(dmul.o)
    0x080008dc   0x000000b0   Code   RO         3974    .text               c_p.l(_printf_intcommon.o)
    0x0800098c   0x0000002e   Code   RO         3976    .text               c_p.l(_printf_char.o)
    0x080009ba   0x00000002   PAD
    0x080009bc   0x00000028   Code   RO         3978    .text               c_p.l(_printf_char_file.o)
    0x080009e4   0x00000028   Code   RO         3987    .text               c_p.l(rtudiv10.o)
    0x08000a0c   0x00000030   Code   RO         4007    .text               c_p.l(_printf_char_common.o)
    0x08000a3c   0x00000008   Code   RO         4009    .text               c_p.l(ferror.o)
    0x08000a44   0x0000013c   Code   RO         4015    .text               c_p.l(initio.o)
    0x08000b80   0x00000066   Code   RO         4023    .text               c_p.l(sys_io.o)
    0x08000be6   0x0000003e   Code   RO         4030    .text               c_p.l(sys_stackheap_outer.o)
    0x08000c24   0x0000004c   Code   RO         4035    .text               c_p.l(h1_free.o)
    0x08000c70   0x000001f0   Code   RO         4091    .text               c_p.l(flsbuf.o)
    0x08000e60   0x0000004c   Code   RO         4093    .text               c_p.l(setvbuf.o)
    0x08000eac   0x000000e8   Code   RO         4096    .text               c_p.l(fopen.o)
    0x08000f94   0x0000004c   Code   RO         4098    .text               c_p.l(fclose.o)
    0x08000fe0   0x0000000c   Code   RO         4104    .text               c_p.l(exit.o)
    0x08000fec   0x0000000c   Code   RO         4110    .text               c_p.l(defsig_rtred_outer.o)
    0x08000ff8   0x00000008   Code   RO         4182    .text               c_p.l(libspace.o)
    0x08001000   0x00000002   Code   RO         4185    .text               c_p.l(use_no_semi.o)
    0x08001002   0x00000000   Code   RO         4187    .text               c_p.l(indicate_semi.o)
    0x08001002   0x00000002   PAD
    0x08001004   0x00000008   Code   RO         4196    .text               c_p.l(rt_heap_descriptor_intlibspace.o)
    0x0800100c   0x00000004   Code   RO         4198    .text               c_p.l(hguard.o)
    0x08001010   0x00000088   Code   RO         4200    .text               c_p.l(init_alloc.o)
    0x08001098   0x00000062   Code   RO         4206    .text               c_p.l(h1_alloc.o)
    0x080010fa   0x00000002   PAD
    0x080010fc   0x000000f4   Code   RO         4222    .text               c_p.l(fseek.o)
    0x080011f0   0x000000f0   Code   RO         4224    .text               c_p.l(stdio.o)
    0x080012e0   0x0000000c   Code   RO         4230    .text               c_p.l(defsig_exit.o)
    0x080012ec   0x00000034   Code   RO         4234    .text               c_p.l(defsig_rtred_inner.o)
    0x08001320   0x0000000c   Code   RO         4246    .text               c_p.l(sys_exit.o)
    0x0800132c   0x0000000e   Code   RO         4257    .text               c_p.l(h1_init.o)
    0x0800133a   0x00000034   Code   RO         4259    .text               c_p.l(h1_extend.o)
    0x0800136e   0x00000042   Code   RO         4269    .text               c_p.l(ftell.o)
    0x080013b0   0x00000034   Code   RO         4277    .text               c_p.l(defsig_general.o)
    0x080013e4   0x0000000c   Code   RO         4279    .text               c_p.l(defsig_rtmem_outer.o)
    0x080013f0   0x0000000c   Code   RO         4292    .text               c_p.l(sys_wrch.o)
    0x080013fc   0x00000008   Code   RO         4299    .text               c_p.l(rt_errno_addr_intlibspace.o)
    0x08001404   0x00000050   Code   RO         4305    .text               c_p.l(defsig_rtmem_inner.o)
    0x08001454   0x0000001c   Code   RO          279    i.EXTI4_15_IRQHandler  stm32l0xx_it.o
    0x08001470   0x00000006   Code   RO           31    i.Error_Handler     main.o
    0x08001476   0x00000002   PAD
    0x08001478   0x0000000c   Code   RO          280    i.GetTick           stm32l0xx_it.o
    0x08001484   0x00000018   Code   RO           32    i.HAL_GPIO_EXTI_Callback  main.o
    0x0800149c   0x00000020   Code   RO         1939    i.HAL_GPIO_EXTI_IRQHandler  stm32l0xx_hal_gpio.o
    0x080014bc   0x000001f0   Code   RO         1940    i.HAL_GPIO_Init     stm32l0xx_hal_gpio.o
    0x080016ac   0x00000012   Code   RO         1942    i.HAL_GPIO_ReadPin  stm32l0xx_hal_gpio.o
    0x080016be   0x00000014   Code   RO         1943    i.HAL_GPIO_TogglePin  stm32l0xx_hal_gpio.o
    0x080016d2   0x0000000c   Code   RO         1944    i.HAL_GPIO_WritePin  stm32l0xx_hal_gpio.o
    0x080016de   0x00000002   PAD
    0x080016e0   0x0000000c   Code   RO          779    i.HAL_GetTick       stm32l0xx_hal.o
    0x080016ec   0x00000018   Code   RO          785    i.HAL_IncTick       stm32l0xx_hal.o
    0x08001704   0x0000002c   Code   RO          786    i.HAL_Init          stm32l0xx_hal.o
    0x08001730   0x000000b0   Code   RO          413    i.HAL_InitTick      stm32l0xx_hal_timebase_tim.o
    0x080017e0   0x00000020   Code   RO          357    i.HAL_MspInit       stm32l0xx_hal_msp.o
    0x08001800   0x0000001c   Code   RO         2269    i.HAL_NVIC_EnableIRQ  stm32l0xx_hal_cortex.o
    0x0800181c   0x00000012   Code   RO         2273    i.HAL_NVIC_SetPriority  stm32l0xx_hal_cortex.o
    0x0800182e   0x00000002   PAD
    0x08001830   0x00000228   Code   RO         1581    i.HAL_RCCEx_PeriphCLKConfig  stm32l0xx_hal_rcc_ex.o
    0x08001a58   0x00000234   Code   RO         1481    i.HAL_RCC_ClockConfig  stm32l0xx_hal_rcc.o
    0x08001c8c   0x00000044   Code   RO         1484    i.HAL_RCC_GetClockConfig  stm32l0xx_hal_rcc.o
    0x08001cd0   0x0000000c   Code   RO         1485    i.HAL_RCC_GetHCLKFreq  stm32l0xx_hal_rcc.o
    0x08001cdc   0x00000024   Code   RO         1487    i.HAL_RCC_GetPCLK1Freq  stm32l0xx_hal_rcc.o
    0x08001d00   0x00000024   Code   RO         1488    i.HAL_RCC_GetPCLK2Freq  stm32l0xx_hal_rcc.o
    0x08001d24   0x000000f0   Code   RO         1489    i.HAL_RCC_GetSysClockFreq  stm32l0xx_hal_rcc.o
    0x08001e14   0x0000062c   Code   RO         1492    i.HAL_RCC_OscConfig  stm32l0xx_hal_rcc.o
    0x08002440   0x000000d0   Code   RO          459    i.HAL_SPI_Init      stm32l0xx_hal_spi.o
    0x08002510   0x00000068   Code   RO          359    i.HAL_SPI_MspInit   stm32l0xx_hal_msp.o
    0x08002578   0x0000024e   Code   RO          468    i.HAL_SPI_TransmitReceive  stm32l0xx_hal_spi.o
    0x080027c6   0x00000002   PAD
    0x080027c8   0x00000080   Code   RO         3151    i.HAL_TIMEx_MasterConfigSynchronization  stm32l0xx_hal_tim_ex.o
    0x08002848   0x00000050   Code   RO         2446    i.HAL_TIM_Base_Init  stm32l0xx_hal_tim.o
    0x08002898   0x0000005c   Code   RO          361    i.HAL_TIM_Base_MspInit  stm32l0xx_hal_msp.o
    0x080028f4   0x0000006c   Code   RO         2451    i.HAL_TIM_Base_Start_IT  stm32l0xx_hal_tim.o
    0x08002960   0x00000038   Code   RO         2454    i.HAL_TIM_Base_Stop_IT  stm32l0xx_hal_tim.o
    0x08002998   0x00000118   Code   RO         2455    i.HAL_TIM_ConfigClockSource  stm32l0xx_hal_tim.o
    0x08002ab0   0x00000002   Code   RO         2480    i.HAL_TIM_IC_CaptureCallback  stm32l0xx_hal_tim.o
    0x08002ab2   0x0000017c   Code   RO         2494    i.HAL_TIM_IRQHandler  stm32l0xx_hal_tim.o
    0x08002c2e   0x00000002   Code   RO         2497    i.HAL_TIM_OC_DelayElapsedCallback  stm32l0xx_hal_tim.o
    0x08002c30   0x00000002   Code   RO         2524    i.HAL_TIM_PWM_PulseFinishedCallback  stm32l0xx_hal_tim.o
    0x08002c32   0x00000002   PAD
    0x08002c34   0x00000094   Code   RO           33    i.HAL_TIM_PeriodElapsedCallback  main.o
    0x08002cc8   0x00000002   Code   RO         2537    i.HAL_TIM_TriggerCallback  stm32l0xx_hal_tim.o
    0x08002cca   0x0000007e   Code   RO         3206    i.HAL_UART_Init     stm32l0xx_hal_uart.o
    0x08002d48   0x000000c4   Code   RO          363    i.HAL_UART_MspInit  stm32l0xx_hal_msp.o
    0x08002e0c   0x00000004   Code   RO          281    i.HardFault_Handler  stm32l0xx_it.o
    0x08002e10   0x000000f0   Code   RO           34    i.Key_handle        main.o
    0x08002f00   0x00000088   Code   RO           35    i.Key_timer_cb      main.o
    0x08002f88   0x00000194   Code   RO           36    i.MX_GPIO_Init      main.o
    0x0800311c   0x00000044   Code   RO           37    i.MX_SPI1_Init      main.o
    0x08003160   0x00000074   Code   RO           38    i.MX_TIM22_Init     main.o
    0x080031d4   0x00000074   Code   RO           39    i.MX_TIM2_Init      main.o
    0x08003248   0x00000044   Code   RO           40    i.MX_USART1_UART_Init  main.o
    0x0800328c   0x00000044   Code   RO           41    i.MX_USART2_UART_Init  main.o
    0x080032d0   0x00000004   Code   RO          282    i.NMI_Handler       stm32l0xx_it.o
    0x080032d4   0x00000002   Code   RO          283    i.PendSV_Handler    stm32l0xx_it.o
    0x080032d6   0x00000014   Code   RO         3780    i.Read127xReg       sx127x_driver.o
    0x080032ea   0x00000002   PAD
    0x080032ec   0x00000078   Code   RO          497    i.SPI_EndRxTxTransaction  stm32l0xx_hal_spi.o
    0x08003364   0x000000dc   Code   RO          502    i.SPI_WaitFlagStateUntilTimeout  stm32l0xx_hal_spi.o
    0x08003440   0x00000002   Code   RO          284    i.SVC_Handler       stm32l0xx_it.o
    0x08003442   0x00000002   Code   RO         3708    i.SX1276HALInit     sx127x_hal.o
    0x08003444   0x0000000e   Code   RO         3709    i.SX1276ReadDio0    sx127x_hal.o
    0x08003452   0x0000000e   Code   RO         3710    i.SX1276ReadDio1    sx127x_hal.o
    0x08003460   0x00000010   Code   RO         3711    i.SX1276ReadDio3    sx127x_hal.o
    0x08003470   0x00000010   Code   RO         3712    i.SX1276ReadDio4    sx127x_hal.o
    0x08003480   0x00000032   Code   RO         3781    i.SX1278ReadBuffer  sx127x_driver.o
    0x080034b2   0x00000032   Code   RO         3782    i.SX1278WriteBuffer  sx127x_driver.o
    0x080034e4   0x00000014   Code   RO         3713    i.SX127X_ResetPinControl  sx127x_hal.o
    0x080034f8   0x0000000e   Code   RO         3783    i.SX127xGetOpMode   sx127x_driver.o
    0x08003506   0x00000002   PAD
    0x08003508   0x0000023c   Code   RO         3784    i.SX127xProcess     sx127x_driver.o
    0x08003744   0x00000012   Code   RO         3785    i.SX127xReadFifo    sx127x_driver.o
    0x08003756   0x00000002   PAD
    0x08003758   0x00000050   Code   RO         3786    i.SX127xSetFrf      sx127x_driver.o
    0x080037a8   0x00000030   Code   RO         3787    i.SX127xSetLoRaMode  sx127x_driver.o
    0x080037d8   0x00000032   Code   RO         3788    i.SX127xSetOpMode   sx127x_driver.o
    0x0800380a   0x00000002   PAD
    0x0800380c   0x0000008c   Code   RO         3789    i.SX127xSetTxPacket  sx127x_driver.o
    0x08003898   0x00000012   Code   RO         3790    i.SX127xWriteFifo   sx127x_driver.o
    0x080038aa   0x00000002   PAD
    0x080038ac   0x00000024   Code   RO         3714    i.Soft_delay_ms     sx127x_hal.o
    0x080038d0   0x00000020   Code   RO         3715    i.SpiInOut          sx127x_hal.o
    0x080038f0   0x00000018   Code   RO         3716    i.SpiNSSEnable      sx127x_hal.o
    0x08003908   0x00000024   Code   RO         3791    i.Sx127xReadRxPackage  sx127x_driver.o
    0x0800392c   0x00000028   Code   RO         3792    i.Sx127xRestart     sx127x_driver.o
    0x08003954   0x0000000c   Code   RO         3793    i.Sx127xStartCADCheck  sx127x_driver.o
    0x08003960   0x00000024   Code   RO         3794    i.Sx127xStartRx     sx127x_driver.o
    0x08003984   0x00000010   Code   RO          285    i.SysTick_Handler   stm32l0xx_it.o
    0x08003994   0x0000009c   Code   RO           44    i.SystemClock_Config  main.o
    0x08003a30   0x00000002   Code   RO         3676    i.SystemInit        system_stm32l0xx.o
    0x08003a32   0x00000002   PAD
    0x08003a34   0x00000010   Code   RO          286    i.TIM21_IRQHandler  stm32l0xx_it.o
    0x08003a44   0x00000010   Code   RO          287    i.TIM22_IRQHandler  stm32l0xx_it.o
    0x08003a54   0x00000010   Code   RO          288    i.TIM2_IRQHandler   stm32l0xx_it.o
    0x08003a64   0x0000006c   Code   RO         2539    i.TIM_Base_SetConfig  stm32l0xx_hal_tim.o
    0x08003ad0   0x0000001c   Code   RO         2550    i.TIM_ETR_SetConfig  stm32l0xx_hal_tim.o
    0x08003aec   0x00000018   Code   RO         2551    i.TIM_ITRx_SetConfig  stm32l0xx_hal_tim.o
    0x08003b04   0x00000032   Code   RO         2557    i.TIM_TI1_ConfigInputStage  stm32l0xx_hal_tim.o
    0x08003b36   0x00000032   Code   RO         2559    i.TIM_TI2_ConfigInputStage  stm32l0xx_hal_tim.o
    0x08003b68   0x000000f0   Code   RO         3220    i.UART_AdvFeatureConfig  stm32l0xx_hal_uart.o
    0x08003c58   0x00000074   Code   RO         3221    i.UART_CheckIdleState  stm32l0xx_hal_uart.o
    0x08003ccc   0x00000310   Code   RO         3237    i.UART_SetConfig    stm32l0xx_hal_uart.o
    0x08003fdc   0x0000011a   Code   RO         3242    i.UART_WaitOnFlagUntilTimeout  stm32l0xx_hal_uart.o
    0x080040f6   0x00000010   Code   RO         3795    i.Write127xReg      sx127x_driver.o
    0x08004106   0x00000030   Code   RO         1567    i.__ARM_common_ll_muluu  stm32l0xx_hal_rcc.o
    0x08004136   0x0000001c   Code   RO         2085    i.__ARM_common_switch8  stm32l0xx_hal_dma.o
    0x08004152   0x00000002   PAD
    0x08004154   0x00000078   Code   RO         2279    i.__NVIC_SetPriority  stm32l0xx_hal_cortex.o
    0x080041cc   0x00000006   Code   RO         3243    i.__get_PRIMASK     stm32l0xx_hal_uart.o
    0x080041d2   0x00000006   Code   RO         3244    i.__set_PRIMASK     stm32l0xx_hal_uart.o
    0x080041d8   0x0000002a   Code   RO           45    i.delayMsBySystick  main.o
    0x08004202   0x00000022   Code   RO           46    i.delay_0           main.o
    0x08004224   0x0000001e   Code   RO         4012    i.fputc             c_p.l(fputc.o)
    0x08004242   0x00000002   PAD
    0x08004244   0x0000018c   Code   RO           47    i.main              main.o
    0x080043d0   0x000001b8   Code   RO         3796    i.sx127xInit        sx127x_driver.o
    0x08004588   0x000000c4   Code   RO         3797    i.sx127xRx          sx127x_driver.o
    0x0800464c   0x00000098   Code   RO         3798    i.sx127xSend        sx127x_driver.o
    0x080046e4   0x00000000   Code   RO         3989    x$fpl$usenofp       fz_ps.l(usenofp.o)
    0x080046e4   0x00000018   Data   RO           51    .constdata          main.o
    0x080046fc   0x00000021   Data   RO         3677    .constdata          system_stm32l0xx.o
    0x0800471d   0x0000000b   Data   RO         3799    .constdata          sx127x_driver.o
    0x08004728   0x00000004   Data   RO         4024    .constdata          c_p.l(sys_io.o)
    0x0800472c   0x00000004   Data   RO         4025    .constdata          c_p.l(sys_io.o)
    0x08004730   0x00000004   Data   RO         4026    .constdata          c_p.l(sys_io.o)
    0x08004734   0x00000020   Data   RO         4328    Region$$Table       anon$$obj.o


    Execution Region RW_IRAM1 (Base: 0x20000000, Size: 0x00000a58, Max: 0x00002000, ABSOLUTE)

    Base Addr    Size         Type   Attr      Idx    E Section Name        Object

    0x20000000   0x00000070   Data   RW           52    .data               main.o
    0x20000070   0x00000004   Data   RW          289    .data               stm32l0xx_it.o
    0x20000074   0x00000009   Data   RW          797    .data               stm32l0xx_hal.o
    0x2000007d   0x00000003   PAD
    0x20000080   0x00000004   Data   RW         3678    .data               system_stm32l0xx.o
    0x20000084   0x0000004c   Data   RW         3800    .data               sx127x_driver.o
    0x200000d0   0x00000004   Data   RW         3984    .data               c_p.l(stdio_streams.o)
    0x200000d4   0x00000004   Data   RW         3985    .data               c_p.l(stdio_streams.o)
    0x200000d8   0x00000004   Data   RW         3986    .data               c_p.l(stdio_streams.o)
    0x200000dc   0x000001e0   Zero   RW           50    .bss                main.o
    0x200002bc   0x00000040   Zero   RW          416    .bss                stm32l0xx_hal_timebase_tim.o
    0x200002fc   0x00000054   Zero   RW         3981    .bss                c_p.l(stdio_streams.o)
    0x20000350   0x00000054   Zero   RW         3982    .bss                c_p.l(stdio_streams.o)
    0x200003a4   0x00000054   Zero   RW         3983    .bss                c_p.l(stdio_streams.o)
    0x200003f8   0x00000060   Zero   RW         4183    .bss                c_p.l(libspace.o)
    0x20000458   0x00000200   Zero   RW            2    HEAP                startup_stm32l051xx.o
    0x20000658   0x00000400   Zero   RW            1    STACK               startup_stm32l051xx.o


==============================================================================

Image component sizes


      Code (inc. data)   RO Data    RW Data    ZI Data      Debug   Object Name

         0          0          0          0          0       4528   ioe.o
      2022        274         24        112        480     328857   main.o
        56         26        192          0       1536        684   startup_stm32l051xx.o
        80         20          0          9          0       7622   stm32l0xx_hal.o
       166         16          0          0          0      11548   stm32l0xx_hal_cortex.o
        28          0          0          0          0         76   stm32l0xx_hal_dma.o
         0          0          0          0          0       2508   stm32l0xx_hal_flash.o
       578         34          0          0          0       4035   stm32l0xx_hal_gpio.o
       424         38          0          0          0       2890   stm32l0xx_hal_msp.o
      2584        112          0          0          0       7137   stm32l0xx_hal_rcc.o
       552         12          0          0          0       1528   stm32l0xx_hal_rcc_ex.o
      1138         16          0          0          0       4653   stm32l0xx_hal_spi.o
      1172         22          0          0          0      10129   stm32l0xx_hal_tim.o
       128          8          0          0          0       1328   stm32l0xx_hal_tim_ex.o
       176         24          0          0         64       1136   stm32l0xx_hal_timebase_tim.o
      1560         66          0          0          0       6477   stm32l0xx_hal_uart.o
       116         28          0          4          0       5581   stm32l0xx_it.o
      1988        180         11         76          0      26938   sx127x_driver.o
       174         26          0          0          0       4707   sx127x_hal.o
         2          0         33          4          0       1303   system_stm32l0xx.o

    ----------------------------------------------------------------------
     12968        902        292        208       2080     433665   Object Totals
         0          0         32          0          0          0   (incl. Generated)
        24          0          0          3          0          0   (incl. Padding)

    ----------------------------------------------------------------------

      Code (inc. data)   RO Data    RW Data    ZI Data      Debug   Library Member Name

         8          0          0          0          0         68   __main.o
       108          0          0          0          0         76   __printf.o
         0          0          0          0          0          0   __rtentry.o
        12          0          0          0          0          0   __rtentry2.o
         6          0          0          0          0          0   __rtentry4.o
        60          8          0          0          0          0   __scatter.o
        26          0          0          0          0          0   __scatter_copy.o
        28          0          0          0          0          0   __scatter_zi.o
        46          0          0          0          0        100   _printf_char.o
        48          6          0          0          0         88   _printf_char_common.o
        40          6          0          0          0         72   _printf_char_file.o
        10          0          0          0          0          0   _printf_d.o
       108         18          0          0          0         76   _printf_dec.o
       176          0          0          0          0         84   _printf_intcommon.o
         2          0          0          0          0          0   _printf_percent.o
         4          0          0          0          0          0   _printf_percent_end.o
        10          0          0          0          0          0   _printf_s.o
        82          0          0          0          0         72   _printf_str.o
       346          0          0          0          0         92   aeabi_sdiv.o
        12          0          0          0          0         68   defsig_exit.o
        52          0          0          0          0         72   defsig_general.o
        80         58          0          0          0         68   defsig_rtmem_inner.o
        12          0          0          0          0         68   defsig_rtmem_outer.o
        52         38          0          0          0         68   defsig_rtred_inner.o
        12          0          0          0          0         68   defsig_rtred_outer.o
        12          0          0          0          0         64   exit.o
        76          4          0          0          0         76   fclose.o
         8          0          0          0          0         60   ferror.o
       496         10          0          0          0         76   flsbuf.o
       232          8          0          0          0        108   fopen.o
        30          0          0          0          0         68   fputc.o
       244          4          0          0          0         76   fseek.o
        66          0          0          0          0         68   ftell.o
        98          0          0          0          0         72   h1_alloc.o
        52          0          0          0          0         68   h1_extend.o
        76          0          0          0          0         72   h1_free.o
        14          0          0          0          0         76   h1_init.o
         6          0          0          0          0        136   heapauxi.o
         4          0          0          0          0        120   hguard.o
         0          0          0          0          0          0   indicate_semi.o
       136          0          0          0          0        160   init_alloc.o
       316         44          0          0          0         96   initio.o
         2          0          0          0          0          0   libinit.o
        14          0          0          0          0          0   libinit2.o
         2          0          0          0          0          0   libshutdown.o
         6          0          0          0          0          0   libshutdown2.o
         8          4          0          0         96         68   libspace.o
       258          0          0          0          0         88   lludiv.o
         0          0          0          0          0          0   maybetermalloc1.o
        28          6          0          0          0         84   noretval__2printf.o
         8          4          0          0          0         68   rt_errno_addr_intlibspace.o
         8          4          0          0          0         68   rt_heap_descriptor_intlibspace.o
        64          0          0          0          0        108   rt_memclr.o
         2          0          0          0          0          0   rtexit.o
        10          0          0          0          0          0   rtexit2.o
        40          0          0          0          0         60   rtudiv10.o
        76          4          0          0          0         72   setvbuf.o
       240          8          0          0          0        144   stdio.o
         0          0          0         12        252          0   stdio_streams.o
        68          6          0          0          0         72   strlen.o
        12          4          0          0          0         60   sys_exit.o
       102          0         12          0          0        232   sys_io.o
        62          0          0          0          0         80   sys_stackheap_outer.o
        12          0          0          0          0         68   sys_wrch.o
         2          0          0          0          0         68   use_no_semi.o
        72          4          0          0          0         68   dfixui.o
        88          0          0          0          0         92   dflti.o
       584         26          0          0          0         84   dmul.o
         0          0          0          0          0          0   usenofp.o

    ----------------------------------------------------------------------
      4988        274         12         12        348       4120   Library Totals
        14          0          0          0          0          0   (incl. Padding)

    ----------------------------------------------------------------------

      Code (inc. data)   RO Data    RW Data    ZI Data      Debug   Library Name

      4230        244         12         12        348       3876   c_p.l
       744         30          0          0          0        244   fz_ps.l

    ----------------------------------------------------------------------
      4988        274         12         12        348       4120   Library Totals

    ----------------------------------------------------------------------

==============================================================================


      Code (inc. data)   RO Data    RW Data    ZI Data      Debug   

     17956       1176        304        220       2428     431289   Grand Totals
     17956       1176        304        220       2428     431289   ELF Image Totals
     17956       1176        304        220          0          0   ROM Totals

==============================================================================

    Total RO  Size (Code + RO Data)                18260 (  17.83kB)
    Total RW  Size (RW Data + ZI Data)              2648 (   2.59kB)
    Total ROM Size (Code + RO Data + RW Data)      18480 (  18.05kB)

==============================================================================

